Component: ARM Compiler 5.06 update 4 (build 422) Tool: armlink [4d35d2]

==============================================================================

Section Cross References

    tm1638.o(i.TM1638_Init) refers to gpio.o(i.GPIOPinWrite) for GPIOPinWrite
    tm1638.o(i.TM1638_Init) refers to tm1638.o(i.TM1638_Serial_Input) for TM1638_Serial_Input
    tm1638.o(i.TM1638_Readkeyboard) refers to gpio.o(i.GPIOPinWrite) for GPIOPinWrite
    tm1638.o(i.TM1638_Readkeyboard) refers to tm1638.o(i.TM1638_Serial_Input) for TM1638_Serial_Input
    tm1638.o(i.TM1638_Readkeyboard) refers to tm1638.o(i.TM1638_Serial_Output) for TM1638_Serial_Output
    tm1638.o(i.TM1638_RefreshDIGIandLED) refers to tm1638.o(i.TM1638_DigiSegment) for TM1638_DigiSegment
    tm1638.o(i.TM1638_RefreshDIGIandLED) refers to gpio.o(i.GPIOPinWrite) for GPIOPinWrite
    tm1638.o(i.TM1638_RefreshDIGIandLED) refers to tm1638.o(i.TM1638_Serial_Input) for TM1638_Serial_Input
    tm1638.o(i.TM1638_Serial_Input) refers to gpio.o(i.GPIOPinTypeGPIOOutput) for GPIOPinTypeGPIOOutput
    tm1638.o(i.TM1638_Serial_Input) refers to gpio.o(i.GPIOPinWrite) for GPIOPinWrite
    tm1638.o(i.TM1638_Serial_Output) refers to gpio.o(i.GPIOPinTypeGPIOInput) for GPIOPinTypeGPIOInput
    tm1638.o(i.TM1638_Serial_Output) refers to gpio.o(i.GPIOPinWrite) for GPIOPinWrite
    tm1638.o(i.TM1638_Serial_Output) refers to gpio.o(i.GPIOPinRead) for GPIOPinRead
    adc.o(i.ADCInit) refers to sysctl.o(i.SysCtlPeripheralEnable) for SysCtlPeripheralEnable
    adc.o(i.ADCInit) refers to gpio.o(i.GPIOPinTypeADC) for GPIOPinTypeADC
    adc.o(i.ADCInit) refers to adc.o(i.ADCSequenceConfigure) for ADCSequenceConfigure
    adc.o(i.ADCInit) refers to adc.o(i.ADCSequenceStepConfigure) for ADCSequenceStepConfigure
    adc.o(i.ADCInit) refers to adc.o(i.ADCSequenceEnable) for ADCSequenceEnable
    adc.o(i.ADCInit) refers to adc.o(i.ADCIntClear) for ADCIntClear
    adc.o(i.ADC_Sample) refers to adc.o(i.ADCProcessorTrigger) for ADCProcessorTrigger
    adc.o(i.ADC_Sample) refers to adc.o(i.ADCIntStatus) for ADCIntStatus
    adc.o(i.ADC_Sample) refers to adc.o(i.ADCIntClear) for ADCIntClear
    adc.o(i.ADC_Sample) refers to adc.o(i.ADCSequenceDataGet) for ADCSequenceDataGet
    pwm.o(i.PWMInit) refers to sysctl.o(i.SysCtlPeripheralEnable) for SysCtlPeripheralEnable
    pwm.o(i.PWMInit) refers to pwm.o(i.PWMOutputState) for PWMOutputState
    pwm.o(i.PWMInit) refers to gpio.o(i.GPIOPinConfigure) for GPIOPinConfigure
    pwm.o(i.PWMInit) refers to gpio.o(i.GPIOPinTypePWM) for GPIOPinTypePWM
    pwm.o(i.PWMInit) refers to pwm.o(i.PWMGenConfigure) for PWMGenConfigure
    pwm.o(i.PWMStart) refers to pwm.o(i.PWMGenDisable) for PWMGenDisable
    pwm.o(i.PWMStart) refers to pwm.o(i.PWMGenPeriodSet) for PWMGenPeriodSet
    pwm.o(i.PWMStart) refers to pwm.o(i.PWMGenPeriodGet) for PWMGenPeriodGet
    pwm.o(i.PWMStart) refers to pwm.o(i.PWMPulseWidthSet) for PWMPulseWidthSet
    pwm.o(i.PWMStart) refers to pwm.o(i.PWMGenEnable) for PWMGenEnable
    pwm.o(i.PWMStart) refers to exp5_7.o(.data) for g_ui32SysClock
    pwm.o(i.PWMStop) refers to pwm.o(i.PWMGenDisable) for PWMGenDisable
    exp5_7.o(i.DevicesInit) refers to sysctl.o(i.SysCtlClockFreqSet) for SysCtlClockFreqSet
    exp5_7.o(i.DevicesInit) refers to exp5_7.o(i.GPIOInit) for GPIOInit
    exp5_7.o(i.DevicesInit) refers to adc.o(i.ADCInit) for ADCInit
    exp5_7.o(i.DevicesInit) refers to exp5_7.o(i.Timer0Init) for Timer0Init
    exp5_7.o(i.DevicesInit) refers to exp5_7.o(i.Timer1Init) for Timer1Init
    exp5_7.o(i.DevicesInit) refers to exp5_7.o(i.UARTInit) for UARTInit
    exp5_7.o(i.DevicesInit) refers to exp5_7.o(i.SysTickInit) for SysTickInit
    exp5_7.o(i.DevicesInit) refers to interrupt.o(i.IntMasterEnable) for IntMasterEnable
    exp5_7.o(i.DevicesInit) refers to interrupt.o(i.IntPrioritySet) for IntPrioritySet
    exp5_7.o(i.DevicesInit) refers to pwm.o(i.PWMInit) for PWMInit
    exp5_7.o(i.DevicesInit) refers to exp5_7.o(.data) for ui32SysClock
    exp5_7.o(i.GPIOInit) refers to sysctl.o(i.SysCtlPeripheralEnable) for SysCtlPeripheralEnable
    exp5_7.o(i.GPIOInit) refers to sysctl.o(i.SysCtlPeripheralReady) for SysCtlPeripheralReady
    exp5_7.o(i.GPIOInit) refers to gpio.o(i.GPIOPinTypeGPIOOutput) for GPIOPinTypeGPIOOutput
    exp5_7.o(i.LCD_PORT_init) refers to sysctl.o(i.SysCtlPeripheralEnable) for SysCtlPeripheralEnable
    exp5_7.o(i.LCD_PORT_init) refers to sysctl.o(i.SysCtlPeripheralReady) for SysCtlPeripheralReady
    exp5_7.o(i.LCD_PORT_init) refers to gpio.o(i.GPIOPinTypeGPIOOutput) for GPIOPinTypeGPIOOutput
    exp5_7.o(i.LCD_PORT_init) refers to gpio.o(i.GPIOPinTypeGPIOInput) for GPIOPinTypeGPIOInput
    exp5_7.o(i.LCD_delay) refers to gpio.o(i.GPIOPinWrite) for GPIOPinWrite
    exp5_7.o(i.SysTickInit) refers to systick.o(i.SysTickPeriodSet) for SysTickPeriodSet
    exp5_7.o(i.SysTickInit) refers to systick.o(i.SysTickEnable) for SysTickEnable
[...]
    Removing pwm.o(i.PWMFaultIntUnregister), (84 bytes).
    Removing pwm.o(i.PWMGenFaultClear), (18 bytes).
    Removing pwm.o(i.PWMGenFaultConfigure), (18 bytes).
    Removing pwm.o(i.PWMGenFaultStatus), (18 bytes).
    Removing pwm.o(i.PWMGenFaultTriggerGet), (12 bytes).
    Removing pwm.o(i.PWMGenFaultTriggerSet), (12 bytes).
    Removing pwm.o(i.PWMGenIntClear), (6 bytes).
    Removing pwm.o(i.PWMGenIntRegister), (26 bytes).
    Removing pwm.o(i.PWMGenIntStatus), (12 bytes).
    Removing pwm.o(i.PWMGenIntTrigDisable), (10 bytes).
    Removing pwm.o(i.PWMGenIntTrigEnable), (10 bytes).
    Removing pwm.o(i.PWMGenIntUnregister), (22 bytes).
    Removing pwm.o(i.PWMIntDisable), (10 bytes).
    Removing pwm.o(i.PWMIntEnable), (8 bytes).
    Removing pwm.o(i.PWMIntStatus), (10 bytes).
    Removing pwm.o(i.PWMOutputFault), (16 bytes).
    Removing pwm.o(i.PWMOutputFaultLevel), (16 bytes).
    Removing pwm.o(i.PWMOutputInvert), (16 bytes).
    Removing pwm.o(i.PWMOutputUpdateMode), (62 bytes).
    Removing pwm.o(i.PWMPulseWidthGet), (32 bytes).
    Removing pwm.o(i.PWMSyncTimeBase), (4 bytes).
    Removing pwm.o(i.PWMSyncUpdate), (4 bytes).
    Removing pwm.o(i._PWMGenIntNumberGet), (224 bytes).
    Removing sysctl.o(i.SysCtlAltClkConfig), (12 bytes).
    Removing sysctl.o(i.SysCtlClockGet), (340 bytes).
    Removing sysctl.o(i.SysCtlClockOutConfig), (20 bytes).
    Removing sysctl.o(i.SysCtlClockSet), (288 bytes).
    Removing sysctl.o(i.SysCtlDeepSleep), (32 bytes).
    Removing sysctl.o(i.SysCtlDeepSleepClockConfigSet), (112 bytes).
    Removing sysctl.o(i.SysCtlDeepSleepClockSet), (12 bytes).
    Removing sysctl.o(i.SysCtlDeepSleepPowerSet), (12 bytes).
    Removing sysctl.o(i.SysCtlFlashSectorSizeGet), (56 bytes).
    Removing sysctl.o(i.SysCtlFlashSizeGet), (56 bytes).
    Removing sysctl.o(i.SysCtlGPIOAHBDisable), (28 bytes).
    Removing sysctl.o(i.SysCtlGPIOAHBEnable), (24 bytes).
    Removing sysctl.o(i.SysCtlIntClear), (12 bytes).
    Removing sysctl.o(i.SysCtlIntDisable), (16 bytes).
    Removing sysctl.o(i.SysCtlIntEnable), (16 bytes).
    Removing sysctl.o(i.SysCtlIntRegister), (20 bytes).
    Removing sysctl.o(i.SysCtlIntStatus), (16 bytes).
    Removing sysctl.o(i.SysCtlIntUnregister), (18 bytes).
    Removing sysctl.o(i.SysCtlLDODeepSleepGet), (12 bytes).
    Removing sysctl.o(i.SysCtlLDODeepSleepSet), (12 bytes).
    Removing sysctl.o(i.SysCtlLDOSleepGet), (12 bytes).
    Removing sysctl.o(i.SysCtlLDOSleepSet), (12 bytes).
    Removing sysctl.o(i.SysCtlMOSCConfigSet), (12 bytes).
    Removing sysctl.o(i.SysCtlNMIClear), (16 bytes).
    Removing sysctl.o(i.SysCtlNMIStatus), (12 bytes).
    Removing sysctl.o(i.SysCtlPIOSCCalibrate), (76 bytes).
    Removing sysctl.o(i.SysCtlPWMClockGet), (24 bytes).
    Removing sysctl.o(i.SysCtlPWMClockSet), (20 bytes).
    Removing sysctl.o(i.SysCtlPeripheralClockGating), (68 bytes).
    Removing sysctl.o(i.SysCtlPeripheralDeepSleepDisable), (40 bytes).
    Removing sysctl.o(i.SysCtlPeripheralDeepSleepEnable), (40 bytes).
    Removing sysctl.o(i.SysCtlPeripheralDisable), (40 bytes).
    Removing sysctl.o(i.SysCtlPeripheralPowerOff), (40 bytes).
    Removing sysctl.o(i.SysCtlPeripheralPowerOn), (40 bytes).
    Removing sysctl.o(i.SysCtlPeripheralPresent), (44 bytes).
    Removing sysctl.o(i.SysCtlPeripheralReset), (60 bytes).
    Removing sysctl.o(i.SysCtlPeripheralSleepDisable), (40 bytes).
    Removing sysctl.o(i.SysCtlPeripheralSleepEnable), (40 bytes).
    Removing sysctl.o(i.SysCtlReset), (16 bytes).
    Removing sysctl.o(i.SysCtlResetBehaviorGet), (12 bytes).
    Removing sysctl.o(i.SysCtlResetBehaviorSet), (12 bytes).
    Removing sysctl.o(i.SysCtlResetCauseClear), (16 bytes).
    Removing sysctl.o(i.SysCtlResetCauseGet), (12 bytes).
    Removing sysctl.o(i.SysCtlSRAMSizeGet), (16 bytes).
    Removing sysctl.o(i.SysCtlSleep), (4 bytes).
    Removing sysctl.o(i.SysCtlSleepPowerSet), (12 bytes).
    Removing sysctl.o(i.SysCtlUSBPLLDisable), (16 bytes).
    Removing sysctl.o(i.SysCtlUSBPLLEnable), (16 bytes).
    Removing sysctl.o(i.SysCtlVCOGet), (120 bytes).
    Removing sysctl.o(i.SysCtlVoltageEventClear), (16 bytes).
    Removing sysctl.o(i.SysCtlVoltageEventConfig), (12 bytes).
    Removing sysctl.o(i.SysCtlVoltageEventStatus), (12 bytes).
    Removing systick.o(i.SysTickDisable), (14 bytes).
    Removing systick.o(i.SysTickIntDisable), (14 bytes).
    Removing systick.o(i.SysTickIntRegister), (24 bytes).
    Removing systick.o(i.SysTickIntUnregister), (18 bytes).
    Removing systick.o(i.SysTickPeriodGet), (10 bytes).
    Removing systick.o(i.SysTickValueGet), (8 bytes).
    Removing timer.o(i.TimerADCEventGet), (4 bytes).
    Removing timer.o(i.TimerADCEventSet), (4 bytes).
    Removing timer.o(i.TimerClockSourceGet), (6 bytes).
    Removing timer.o(i.TimerClockSourceSet), (6 bytes).
    Removing timer.o(i.TimerControlLevel), (22 bytes).
    Removing timer.o(i.TimerControlStall), (22 bytes).
    Removing timer.o(i.TimerControlTrigger), (80 bytes).
    Removing timer.o(i.TimerControlWaitOnTrigger), (48 bytes).
    Removing timer.o(i.TimerDMAEventGet), (4 bytes).
    Removing timer.o(i.TimerDMAEventSet), (4 bytes).
    Removing timer.o(i.TimerIntDisable), (10 bytes).
    Removing timer.o(i.TimerIntRegister), (104 bytes).
    Removing timer.o(i.TimerIntStatus), (10 bytes).
    Removing timer.o(i.TimerIntUnregister), (104 bytes).
    Removing timer.o(i.TimerLoadGet), (10 bytes).
    Removing timer.o(i.TimerLoadGet64), (14 bytes).
    Removing timer.o(i.TimerLoadSet64), (6 bytes).
    Removing timer.o(i.TimerMatchGet), (10 bytes).
    Removing timer.o(i.TimerMatchGet64), (14 bytes).
    Removing timer.o(i.TimerMatchSet), (18 bytes).
    Removing timer.o(i.TimerMatchSet64), (6 bytes).
    Removing timer.o(i.TimerPrescaleGet), (10 bytes).
    Removing timer.o(i.TimerPrescaleMatchGet), (10 bytes).
    Removing timer.o(i.TimerPrescaleMatchSet), (18 bytes).
    Removing timer.o(i.TimerPrescaleSet), (18 bytes).
    Removing timer.o(i.TimerRTCDisable), (10 bytes).
    Removing timer.o(i.TimerRTCEnable), (10 bytes).
    Removing timer.o(i.TimerSynchronize), (4 bytes).
    Removing timer.o(i.TimerUpdateMode), (42 bytes).
    Removing timer.o(i.TimerValueGet64), (14 bytes).
    Removing timer.o(.constdata), (160 bytes).
    Removing uart.o(i.UART9BitAddrSend), (38 bytes).
    Removing uart.o(i.UART9BitAddrSet), (10 bytes).
    Removing uart.o(i.UART9BitDisable), (14 bytes).
    Removing uart.o(i.UART9BitEnable), (14 bytes).
    Removing uart.o(i.UARTBreakCtl), (18 bytes).
    Removing uart.o(i.UARTBusy), (8 bytes).
    Removing uart.o(i.UARTCharGet), (12 bytes).
    Removing uart.o(i.UARTCharPutNonBlocking), (16 bytes).
    Removing uart.o(i.UARTClockSourceGet), (6 bytes).
    Removing uart.o(i.UARTClockSourceSet), (6 bytes).
    Removing uart.o(i.UARTConfigGetExpClk), (46 bytes).
    Removing uart.o(i.UARTDMADisable), (10 bytes).
    Removing uart.o(i.UARTDMAEnable), (8 bytes).
    Removing uart.o(i.UARTDisable), (30 bytes).
    Removing uart.o(i.UARTDisableSIR), (10 bytes).
    Removing uart.o(i.UARTEnable), (20 bytes).
    Removing uart.o(i.UARTEnableSIR), (18 bytes).
    Removing uart.o(i.UARTFIFODisable), (10 bytes).
    Removing uart.o(i.UARTFIFOEnable), (10 bytes).
    Removing uart.o(i.UARTFIFOLevelGet), (16 bytes).
    Removing uart.o(i.UARTFIFOLevelSet), (6 bytes).
    Removing uart.o(i.UARTFlowControlGet), (8 bytes).
    Removing uart.o(i.UARTFlowControlSet), (12 bytes).
    Removing uart.o(i.UARTIntDisable), (10 bytes).
    Removing uart.o(i.UARTIntRegister), (88 bytes).
    Removing uart.o(i.UARTIntUnregister), (88 bytes).
    Removing uart.o(i.UARTLoopbackEnable), (10 bytes).
    Removing uart.o(i.UARTModemControlClear), (14 bytes).
    Removing uart.o(i.UARTModemControlGet), (8 bytes).
    Removing uart.o(i.UARTModemControlSet), (12 bytes).
    Removing uart.o(i.UARTModemStatusGet), (10 bytes).
    Removing uart.o(i.UARTParityModeGet), (8 bytes).
    Removing uart.o(i.UARTParityModeSet), (12 bytes).
    Removing uart.o(i.UARTRxErrorClear), (6 bytes).
    Removing uart.o(i.UARTRxErrorGet), (8 bytes).
    Removing uart.o(i.UARTSmartCardDisable), (10 bytes).
    Removing uart.o(i.UARTSmartCardEnable), (22 bytes).
    Removing uart.o(i.UARTSpaceAvail), (10 bytes).
    Removing uart.o(i.UARTTxIntModeGet), (8 bytes).
    Removing uart.o(i.UARTTxIntModeSet), (12 bytes).
    Removing uart.o(.constdata), (128 bytes).

256 unused section(s) (total 8318 bytes) removed from the image.

==============================================================================

Image Symbol Table

    Local Symbols

    Symbol Name                              Value     Ov Type        Size  Object(Section)

    RESET                                    0x00000000   Section      512  startup_tm4c129.o(RESET)
    ../clib/angel/boardlib.s                 0x00000000   Number         0  boardinit3.o ABSOLUTE
    ../clib/angel/boardlib.s                 0x00000000   Number         0  boardinit1.o ABSOLUTE
    ../clib/angel/boardlib.s                 0x00000000   Number         0  boardinit2.o ABSOLUTE
    ../clib/angel/boardlib.s                 0x00000000   Number         0  boardshut.o ABSOLUTE
    ../clib/angel/dczerorl2.s                0x00000000   Number         0  __dczerorl2.o ABSOLUTE
    ../clib/angel/handlers.s                 0x00000000   Number         0  __scatter_zi.o ABSOLUTE
    ../clib/angel/kernel.s                   0x00000000   Number         0  rtexit2.o ABSOLUTE
    ../clib/angel/kernel.s                   0x00000000   Number         0  __rtentry.o ABSOLUTE
    ../clib/angel/kernel.s                   0x00000000   Number         0  __rtentry2.o ABSOLUTE
    ../clib/angel/kernel.s                   0x00000000   Number         0  __rtentry4.o ABSOLUTE
    ../clib/angel/kernel.s                   0x00000000   Number         0  rtexit.o ABSOLUTE
    ../clib/angel/rt.s                       0x00000000   Number         0  rt_raise.o ABSOLUTE
    ../clib/angel/scatter.s                  0x00000000   Number         0  __scatter.o ABSOLUTE
    ../clib/angel/startup.s                  0x00000000   Number         0  __main.o ABSOLUTE
    ../clib/angel/sys.s                      0x00000000   Number         0  libspace.o ABSOLUTE
    ../clib/angel/sys.s                      0x00000000   Number         0  sys_stackheap_outer.o ABSOLUTE
    ../clib/angel/sys.s                      0x00000000   Number         0  indicate_semi.o ABSOLUTE
    ../clib/angel/sys.s                      0x00000000   Number         0  use_no_semi.o ABSOLUTE
    ../clib/angel/sysapp.c                   0x00000000   Number         0  sys_wrch.o ABSOLUTE
    ../clib/angel/sysapp.c                   0x00000000   Number         0  sys_exit.o ABSOLUTE
    ../clib/angel/sysapp.c                   0x00000000   Number         0  sys_command.o ABSOLUTE
    ../clib/armsys.c                         0x00000000   Number         0  argv_veneer.o ABSOLUTE
    ../clib/armsys.c                         0x00000000   Number         0  argv_veneer.o ABSOLUTE
    ../clib/armsys.c                         0x00000000   Number         0  no_argv.o ABSOLUTE
    ../clib/armsys.c                         0x00000000   Number         0  _get_argv_nomalloc.o ABSOLUTE
    ../clib/heapalloc.c                      0x00000000   Number         0  hrguard.o ABSOLUTE
    ../clib/heapaux.c                        0x00000000   Number         0  heapauxi.o ABSOLUTE
    ../clib/libinit.s                        0x00000000   Number         0  libinit2.o ABSOLUTE
    ../clib/libinit.s                        0x00000000   Number         0  libinit.o ABSOLUTE
    ../clib/libinit.s                        0x00000000   Number         0  libshutdown.o ABSOLUTE
    ../clib/libinit.s                        0x00000000   Number         0  libshutdown2.o ABSOLUTE
    ../clib/signal.c                         0x00000000   Number         0  defsig_stak_inner.o ABSOLUTE
    ../clib/signal.c                         0x00000000   Number         0  defsig_rtred_inner.o ABSOLUTE
    ../clib/signal.c                         0x00000000   Number         0  defsig_rtmem_outer.o ABSOLUTE
    ../clib/signal.c                         0x00000000   Number         0  defsig_fpe_inner.o ABSOLUTE
    ../clib/signal.c                         0x00000000   Number         0  defsig_abrt_inner.o ABSOLUTE
    ../clib/signal.c                         0x00000000   Number         0  defsig_rtmem_formal.o ABSOLUTE
    ../clib/signal.c                         0x00000000   Number         0  defsig_other.o ABSOLUTE
    ../clib/signal.c                         0x00000000   Number         0  defsig_segv_inner.o ABSOLUTE
    ../clib/signal.c                         0x00000000   Number         0  defsig_cppl_inner.o ABSOLUTE
    ../clib/signal.c                         0x00000000   Number         0  defsig_exit.o ABSOLUTE
    ../clib/signal.c                         0x00000000   Number         0  defsig_rtmem_inner.o ABSOLUTE
    ../clib/signal.c                         0x00000000   Number         0  defsig_pvfn_inner.o ABSOLUTE
    ../clib/signal.c                         0x00000000   Number         0  __raise.o ABSOLUTE
    ../clib/signal.c                         0x00000000   Number         0  defsig_general.o ABSOLUTE
    ../clib/signal.s                         0x00000000   Number         0  defsig.o ABSOLUTE
    ../clib/stdlib.c                         0x00000000   Number         0  exit.o ABSOLUTE
    ../fplib/fpinit.s                        0x00000000   Number         0  fpinit.o ABSOLUTE
    ADC.c                                    0x00000000   Number         0  adc.o ABSOLUTE
    PWM.c                                    0x00000000   Number         0  pwm.o ABSOLUTE
    RTE\Device\TM4C1294NCPDT\startup_TM4C129.s 0x00000000   Number         0  startup_tm4c129.o ABSOLUTE
    RTE\Device\TM4C1294NCPDT\system_TM4C129.c 0x00000000   Number         0  system_tm4c129.o ABSOLUTE
    RTE\\Device\\TM4C1294NCPDT\\system_TM4C129.c 0x00000000   Number         0  system_tm4c129.o ABSOLUTE
    adc.c                                    0x00000000   Number         0  adc.o ABSOLUTE
    cpu.c                                    0x00000000   Number         0  cpu.o ABSOLUTE
    cpu.c                                    0x00000000   Number         0  cpu.o ABSOLUTE
    dc.s                                     0x00000000   Number         0  dc.o ABSOLUTE
    exp5_7.c                                 0x00000000   Number         0  exp5_7.o ABSOLUTE
    gpio.c                                   0x00000000   Number         0  gpio.o ABSOLUTE
    interrupt.c                              0x00000000   Number         0  interrupt.o ABSOLUTE
    pwm.c                                    0x00000000   Number         0  pwm.o ABSOLUTE
    sysctl.c                                 0x00000000   Number         0  sysctl.o ABSOLUTE
    sysctl.c                                 0x00000000   Number         0  sysctl.o ABSOLUTE
    systick.c                                0x00000000   Number         0  systick.o ABSOLUTE
    timer.c                                  0x00000000   Number         0  timer.o ABSOLUTE
    tm1638.c                                 0x00000000   Number         0  tm1638.o ABSOLUTE
    uart.c                                   0x00000000   Number         0  uart.o ABSOLUTE
    !!!main                                  0x00000200   Section        8  __main.o(!!!main)
    !!!scatter                               0x00000208   Section       52  __scatter.o(!!!scatter)
    !!dczerorl2                              0x0000023c   Section       90  __dczerorl2.o(!!dczerorl2)
    !!handler_zi                             0x00000298   Section       28  __scatter_zi.o(!!handler_zi)
    .ARM.Collect$$libinit$$00000000          0x000002b4   Section        2  libinit.o(.ARM.Collect$$libinit$$00000000)
    .ARM.Collect$$libinit$$00000001          0x000002b6   Section        4  libinit2.o(.ARM.Collect$$libinit$$00000001)
    .ARM.Collect$$libinit$$00000004          0x000002ba   Section        0  libinit2.o(.ARM.Collect$$libinit$$00000004)
    .ARM.Collect$$libinit$$0000000A          0x000002ba   Section        0  libinit2.o(.ARM.Collect$$libinit$$0000000A)
    .ARM.Collect$$libinit$$0000000C          0x000002ba   Section        0  libinit2.o(.ARM.Collect$$libinit$$0000000C)
    .ARM.Collect$$libinit$$0000000E          0x000002ba   Section        0  libinit2.o(.ARM.Collect$$libinit$$0000000E)
    .ARM.Collect$$libinit$$00000011          0x000002ba   Section        0  libinit2.o(.ARM.Collect$$libinit$$00000011)
    .ARM.Collect$$libinit$$00000013          0x000002ba   Section        0  libinit2.o(.ARM.Collect$$libinit$$00000013)
    .ARM.Collect$$libinit$$00000015          0x000002ba   Section        0  libinit2.o(.ARM.Collect$$libinit$$00000015)
    .ARM.Collect$$libinit$$00000017          0x000002ba   Section        0  libinit2.o(.ARM.Collect$$libinit$$00000017)
    .ARM.Collect$$libinit$$00000019          0x000002ba   Section        0  libinit2.o(.ARM.Collect$$libinit$$00000019)
    .ARM.Collect$$libinit$$0000001B          0x000002ba   Section        0  libinit2.o(.ARM.Collect$$libinit$$0000001B)
    .ARM.Collect$$libinit$$0000001D          0x000002ba   Section        0  libinit2.o(.ARM.Collect$$libinit$$0000001D)
    .ARM.Collect$$libinit$$0000001F          0x000002ba   Section        0  libinit2.o(.ARM.Collect$$libinit$$0000001F)
    .ARM.Collect$$libinit$$00000021          0x000002ba   Section        0  libinit2.o(.ARM.Collect$$libinit$$00000021)
    .ARM.Collect$$libinit$$00000023          0x000002ba   Section        0  libinit2.o(.ARM.Collect$$libinit$$00000023)
    .ARM.Collect$$libinit$$00000025          0x000002ba   Section        0  libinit2.o(.ARM.Collect$$libinit$$00000025)
    .ARM.Collect$$libinit$$0000002C          0x000002ba   Section        0  libinit2.o(.ARM.Collect$$libinit$$0000002C)
    .ARM.Collect$$libinit$$0000002E          0x000002ba   Section        0  libinit2.o(.ARM.Collect$$libinit$$0000002E)
    .ARM.Collect$$libinit$$00000030          0x000002ba   Section        0  libinit2.o(.ARM.Collect$$libinit$$00000030)
    .ARM.Collect$$libinit$$00000032          0x000002ba   Section        0  libinit2.o(.ARM.Collect$$libinit$$00000032)
    .ARM.Collect$$libinit$$00000033          0x000002ba   Section        2  libinit2.o(.ARM.Collect$$libinit$$00000033)
    .ARM.Collect$$libshutdown$$00000000      0x000002bc   Section        2  libshutdown.o(.ARM.Collect$$libshutdown$$00000000)
    .ARM.Collect$$libshutdown$$00000002      0x000002be   Section        0  libshutdown2.o(.ARM.Collect$$libshutdown$$00000002)
    .ARM.Collect$$libshutdown$$00000004      0x000002be   Section        0  libshutdown2.o(.ARM.Collect$$libshutdown$$00000004)
    .ARM.Collect$$libshutdown$$00000007      0x000002be   Section        0  libshutdown2.o(.ARM.Collect$$libshutdown$$00000007)
    .ARM.Collect$$libshutdown$$0000000A      0x000002be   Section        0  libshutdown2.o(.ARM.Collect$$libshutdown$$0000000A)
    .ARM.Collect$$libshutdown$$0000000C      0x000002be   Section        0  libshutdown2.o(.ARM.Collect$$libshutdown$$0000000C)
    .ARM.Collect$$libshutdown$$0000000F      0x000002be   Section        0  libshutdown2.o(.ARM.Collect$$libshutdown$$0000000F)
    .ARM.Collect$$libshutdown$$00000010      0x000002be   Section        2  libshutdown2.o(.ARM.Collect$$libshutdown$$00000010)
    .ARM.Collect$$rtentry$$00000000          0x000002c0   Section        0  __rtentry.o(.ARM.Collect$$rtentry$$00000000)
    .ARM.Collect$$rtentry$$00000002          0x000002c0   Section        0  __rtentry2.o(.ARM.Collect$$rtentry$$00000002)
    .ARM.Collect$$rtentry$$00000004          0x000002c0   Section        6  __rtentry4.o(.ARM.Collect$$rtentry$$00000004)
    .ARM.Collect$$rtentry$$00000009          0x000002c6   Section        0  __rtentry2.o(.ARM.Collect$$rtentry$$00000009)
    .ARM.Collect$$rtentry$$0000000A          0x000002c6   Section        4  __rtentry2.o(.ARM.Collect$$rtentry$$0000000A)
    .ARM.Collect$$rtentry$$0000000C          0x000002ca   Section        0  __rtentry2.o(.ARM.Collect$$rtentry$$0000000C)
    .ARM.Collect$$rtentry$$0000000D          0x000002ca   Section        8  __rtentry2.o(.ARM.Collect$$rtentry$$0000000D)
    .ARM.Collect$$rtexit$$00000000           0x000002d2   Section        2  rtexit.o(.ARM.Collect$$rtexit$$00000000)
    .ARM.Collect$$rtexit$$00000002           0x000002d4   Section        0  rtexit2.o(.ARM.Collect$$rtexit$$00000002)
    .ARM.Collect$$rtexit$$00000003           0x000002d4   Section        4  rtexit2.o(.ARM.Collect$$rtexit$$00000003)
    .ARM.Collect$$rtexit$$00000004           0x000002d8   Section        6  rtexit2.o(.ARM.Collect$$rtexit$$00000004)
    .emb_text                                0x000002e0   Section        6  sysctl.o(.emb_text)
    $v0                                      0x000002e0   Number         0  sysctl.o(.emb_text)
    .emb_text                                0x000002e8   Section       38  cpu.o(.emb_text)
    $v0                                      0x000002e8   Number         0  cpu.o(.emb_text)
    .text                                    0x00000310   Section      300  startup_tm4c129.o(.text)
    $v0                                      0x00000310   Number         0  startup_tm4c129.o(.text)
    .text                                    0x0000043c   Section        0  heapauxi.o(.text)
    .text                                    0x00000442   Section       74  sys_stackheap_outer.o(.text)
    .text                                    0x0000048c   Section        0  exit.o(.text)
    .text                                    0x000004a0   Section        8  libspace.o(.text)
    .text                                    0x000004a8   Section        0  sys_exit.o(.text)
    .text                                    0x000004b4   Section        2  use_no_semi.o(.text)
    .text                                    0x000004b6   Section        0  indicate_semi.o(.text)
    i.ADCInit                                0x000004b8   Section        0  adc.o(i.ADCInit)
    i.ADCIntClear                            0x00000508   Section        0  adc.o(i.ADCIntClear)
    i.ADCIntStatus                           0x00000512   Section        0  adc.o(i.ADCIntStatus)
    i.ADCProcessorTrigger                    0x00000546   Section        0  adc.o(i.ADCProcessorTrigger)
    i.ADCSequenceConfigure                   0x00000560   Section        0  adc.o(i.ADCSequenceConfigure)
    i.ADCSequenceDataGet                     0x000005c0   Section        0  adc.o(i.ADCSequenceDataGet)
    i.ADCSequenceEnable                      0x000005e4   Section        0  adc.o(i.ADCSequenceEnable)
    i.ADCSequenceStepConfigure               0x000005f2   Section        0  adc.o(i.ADCSequenceStepConfigure)
    i.ADC_Sample                             0x0000068c   Section        0  adc.o(i.ADC_Sample)
    i.DevicesInit                            0x000006c0   Section        0  exp5_7.o(i.DevicesInit)
    i.GPIODirModeSet                         0x00000720   Section        0  gpio.o(i.GPIODirModeSet)
    i.GPIOInit                               0x00000748   Section        0  exp5_7.o(i.GPIOInit)
    i.GPIOPadConfigSet                       0x00000790   Section        0  gpio.o(i.GPIOPadConfigSet)
    i.GPIOPinConfigure                       0x000008c8   Section        0  gpio.o(i.GPIOPinConfigure)
    i.GPIOPinRead                            0x0000090c   Section        0  gpio.o(i.GPIOPinRead)
    i.GPIOPinTypeADC                         0x00000912   Section        0  gpio.o(i.GPIOPinTypeADC)
    i.GPIOPinTypeGPIOInput                   0x0000092e   Section        0  gpio.o(i.GPIOPinTypeGPIOInput)
    i.GPIOPinTypeGPIOOutput                  0x0000094a   Section        0  gpio.o(i.GPIOPinTypeGPIOOutput)
    i.GPIOPinTypePWM                         0x00000966   Section        0  gpio.o(i.GPIOPinTypePWM)
    i.GPIOPinTypeTimer                       0x00000982   Section        0  gpio.o(i.GPIOPinTypeTimer)
    i.GPIOPinTypeUART                        0x0000099e   Section        0  gpio.o(i.GPIOPinTypeUART)
    i.GPIOPinWrite                           0x000009ba   Section        0  gpio.o(i.GPIOPinWrite)
    i.IntEnable                              0x000009c0   Section        0  interrupt.o(i.IntEnable)
    i.IntMasterEnable                        0x00000a24   Section        0  interrupt.o(i.IntMasterEnable)
    i.IntPrioritySet                         0x00000a34   Section        0  interrupt.o(i.IntPrioritySet)
    i.LCD_PORT_init                          0x00000a5c   Section        0  exp5_7.o(i.LCD_PORT_init)
    i.LCD_delay                              0x00000b14   Section        0  exp5_7.o(i.LCD_delay)
    i.LCD_delay_us                           0x00000b48   Section        0  exp5_7.o(i.LCD_delay_us)
    i.PWMGenConfigure                        0x00000b5e   Section        0  pwm.o(i.PWMGenConfigure)
    i.PWMGenDisable                          0x00000b84   Section        0  pwm.o(i.PWMGenDisable)
    i.PWMGenEnable                           0x00000b8e   Section        0  pwm.o(i.PWMGenEnable)
    i.PWMGenPeriodGet                        0x00000b98   Section        0  pwm.o(i.PWMGenPeriodGet)
    i.PWMGenPeriodSet                        0x00000baa   Section        0  pwm.o(i.PWMGenPeriodSet)
    i.PWMInit                                0x00000bbc   Section        0  pwm.o(i.PWMInit)
    i.PWMOutputState                         0x00000c04   Section        0  pwm.o(i.PWMOutputState)
    i.PWMPulseWidthSet                       0x00000c14   Section        0  pwm.o(i.PWMPulseWidthSet)
    i.PWMStart                               0x00000c34   Section        0  pwm.o(i.PWMStart)
    i.PWMStop                                0x00000c78   Section        0  pwm.o(i.PWMStop)
    i.SysCtlClockFreqSet                     0x00000c88   Section        0  sysctl.o(i.SysCtlClockFreqSet)
    i.SysCtlPeripheralEnable                 0x00000f6c   Section        0  sysctl.o(i.SysCtlPeripheralEnable)
    i.SysCtlPeripheralReady                  0x00000f94   Section        0  sysctl.o(i.SysCtlPeripheralReady)
    i.SysTickEnable                          0x00000fc0   Section        0  systick.o(i.SysTickEnable)
    i.SysTickInit                            0x00000fd0   Section        0  exp5_7.o(i.SysTickInit)
    i.SysTickIntEnable                       0x00000ff0   Section        0  systick.o(i.SysTickIntEnable)
    i.SysTickPeriodSet                       0x00000ffe   Section        0  systick.o(i.SysTickPeriodSet)
    i.SysTick_Handler                        0x00001008   Section        0  exp5_7.o(i.SysTick_Handler)
    i.SystemInit                             0x00001444   Section        0  system_tm4c129.o(i.SystemInit)
    i.TIMER1A_Handler                        0x00001464   Section        0  exp5_7.o(i.TIMER1A_Handler)
    i.TM1638_DigiSegment                     0x000014a8   Section        0  tm1638.o(i.TM1638_DigiSegment)
    i.TM1638_Init                            0x000015ac   Section        0  tm1638.o(i.TM1638_Init)
    i.TM1638_Readkeyboard                    0x000015d0   Section        0  tm1638.o(i.TM1638_Readkeyboard)
    i.TM1638_RefreshDIGIandLED               0x00001670   Section        0  tm1638.o(i.TM1638_RefreshDIGIandLED)
    i.TM1638_Serial_Input                    0x0000170c   Section        0  tm1638.o(i.TM1638_Serial_Input)
    i.TM1638_Serial_Output                   0x00001760   Section        0  tm1638.o(i.TM1638_Serial_Output)
    i.Timer0Init                             0x000017b4   Section        0  exp5_7.o(i.Timer0Init)
    i.Timer1Init                             0x00001808   Section        0  exp5_7.o(i.Timer1Init)
    i.TimerConfigure                         0x0000183c   Section        0  timer.o(i.TimerConfigure)
    i.TimerControlEvent                      0x0000189c   Section        0  timer.o(i.TimerControlEvent)
    i.TimerDisable                           0x000018ae   Section        0  timer.o(i.TimerDisable)
    i.TimerEnable                            0x000018be   Section        0  timer.o(i.TimerEnable)
    i.TimerIntClear                          0x000018cc   Section        0  timer.o(i.TimerIntClear)
    i.TimerIntEnable                         0x000018d0   Section        0  timer.o(i.TimerIntEnable)
    i.TimerLoadSet                           0x000018d8   Section        0  timer.o(i.TimerLoadSet)
    i.TimerValueGet                          0x000018ea   Section        0  timer.o(i.TimerValueGet)
    i.UART6_Handler                          0x000018f4   Section        0  exp5_7.o(i.UART6_Handler)
    i.UARTCharGetNonBlocking                 0x00001928   Section        0  uart.o(i.UARTCharGetNonBlocking)
    i.UARTCharPut                            0x00001938   Section        0  uart.o(i.UARTCharPut)
    i.UARTCharsAvail                         0x00001944   Section        0  uart.o(i.UARTCharsAvail)
    i.UARTConfigSetExpClk                    0x0000194e   Section        0  uart.o(i.UARTConfigSetExpClk)
    i.UARTInit                               0x000019bc   Section        0  exp5_7.o(i.UARTInit)
    i.UARTIntClear                           0x00001a94   Section        0  uart.o(i.UARTIntClear)
    i.UARTIntEnable                          0x00001a98   Section        0  uart.o(i.UARTIntEnable)
    i.UARTIntStatus                          0x00001aa0   Section        0  uart.o(i.UARTIntStatus)
    i.UARTStringGet                          0x00001aac   Section        0  exp5_7.o(i.UARTStringGet)
    i.UARTStringPut                          0x00001ae4   Section        0  exp5_7.o(i.UARTStringPut)
    i.clear_screen                           0x00001b14   Section        0  exp5_7.o(i.clear_screen)
    i.display_GB2312_string                  0x00001b4c   Section        0  exp5_7.o(i.display_GB2312_string)
    i.get_and_write_16x16                    0x00001c5c   Section        0  exp5_7.o(i.get_and_write_16x16)
    i.get_and_write_8x16                     0x00001ce8   Section        0  exp5_7.o(i.get_and_write_8x16)
    i.get_data_from_ROM                      0x00001d74   Section        0  exp5_7.o(i.get_data_from_ROM)
    get_data_from_ROM                        0x00001d75   Thumb Code    62  exp5_7.o(i.get_data_from_ROM)
    i.initial_lcd                            0x00001db8   Section        0  exp5_7.o(i.initial_lcd)
    i.lcd_address                            0x00001e44   Section        0  exp5_7.o(i.lcd_address)
    i.main                                   0x00001e6c   Section        0  exp5_7.o(i.main)
    i.mode0_0                                0x0000238c   Section        0  exp5_7.o(i.mode0_0)
    i.mode1_0                                0x00002400   Section        0  exp5_7.o(i.mode1_0)
    i.mode1_1                                0x000024a8   Section        0  exp5_7.o(i.mode1_1)
    i.mode1_2                                0x00002550   Section        0  exp5_7.o(i.mode1_2)
    i.mode1_3                                0x000025f8   Section        0  exp5_7.o(i.mode1_3)
    i.mode1_4                                0x000026a0   Section        0  exp5_7.o(i.mode1_4)
    i.mode2_0                                0x00002748   Section        0  exp5_7.o(i.mode2_0)
    i.passFreq                               0x00002774   Section        0  exp5_7.o(i.passFreq)
    i.send_command_to_ROM                    0x000027ec   Section        0  exp5_7.o(i.send_command_to_ROM)
    i.transfer_command_lcd                   0x00002848   Section        0  exp5_7.o(i.transfer_command_lcd)
    i.transfer_data_lcd                      0x000028b8   Section        0  exp5_7.o(i.transfer_data_lcd)
    x$fpl$fpinit                             0x00002928   Section       10  fpinit.o(x$fpl$fpinit)
    $v0                                      0x00002928   Number         0  fpinit.o(x$fpl$fpinit)
    .constdata                               0x00002934   Section      552  gpio.o(.constdata)
    g_ppui32GPIOIntMapBlizzard               0x00002934   Data         192  gpio.o(.constdata)
    g_ppui32GPIOIntMapSnowflake              0x000029f4   Data         216  gpio.o(.constdata)
    g_pui32GPIOBaseAddrs                     0x00002acc   Data         144  gpio.o(.constdata)
    .constdata                               0x00002b5c   Section      268  interrupt.o(.constdata)
    g_pui32Priority                          0x00002b5c   Data          32  interrupt.o(.constdata)
    g_pui32Regs                              0x00002b7c   Data         156  interrupt.o(.constdata)
    g_pui32EnRegs                            0x00002c18   Data          20  interrupt.o(.constdata)
    g_pui32Dii16Regs                         0x00002c2c   Data          20  interrupt.o(.constdata)
    g_pui32PendRegs                          0x00002c40   Data          20  interrupt.o(.constdata)
    g_pui32UnpendRegs                        0x00002c54   Data          20  interrupt.o(.constdata)
    .constdata                               0x00002c68   Section      596  sysctl.o(.constdata)
    g_pui32VCOFrequencies                    0x00002c68   Data           8  sysctl.o(.constdata)
    g_pui32Xtals                             0x00002c70   Data         108  sysctl.o(.constdata)
    g_pppui32XTALtoVCO                       0x00002cdc   Data         432  sysctl.o(.constdata)
    g_sXTALtoMEMTIM                          0x00002e8c   Data          48  sysctl.o(.constdata)
    .conststring                             0x00002ebc   Section       50  exp5_7.o(.conststring)
    .data                                    0x20000000   Section     1236  exp5_7.o(.data)
    .data                                    0x200004d4   Section        4  system_tm4c129.o(.data)
    .bss                                     0x200004d8   Section     1756  exp5_7.o(.bss)
    .bss                                     0x20000bb4   Section       96  libspace.o(.bss)
    HEAP                                     0x20000c18   Section        0  startup_tm4c129.o(HEAP)
    STACK                                    0x20000c18   Section      512  startup_tm4c129.o(STACK)
    Heap_Mem                                 0x20000c18   Data           0  startup_tm4c129.o(HEAP)
    Stack_Mem                                0x20000c18   Data         512  startup_tm4c129.o(STACK)
    __initial_sp                             0x20000e18   Data           0  startup_tm4c129.o(STACK)

    Global Symbols

    Symbol Name                              Value     Ov Type        Size  Object(Section)

    BuildAttributes$$THM_ISAv4$E$P$D$K$B$S$7EM$VFPi3$EXTD16$VFPS$VFMA$PE$A:L22UL41UL21$X:L11$S22US41US21$IEEE1$IW$USESV6$~STKCKD$USESV7$~SHL$OTIME$ROPI$EBA8$UX$STANDARDLIB$REQ8$PRES8$EABIv2 0x00000000   Number         0  anon$$obj.o ABSOLUTE
    __ARM_use_no_argv                        0x00000000   Number         0  exp5_7.o ABSOLUTE
    __Vectors                                0x00000000   Data           4  startup_tm4c129.o(RESET)
    __ARM_exceptions_init                     - Undefined Weak Reference
    __alloca_initialize                       - Undefined Weak Reference
    __arm_preinit_                            - Undefined Weak Reference
    __cpp_initialize__aeabi_                  - Undefined Weak Reference
    __cxa_finalize                            - Undefined Weak Reference
    __rt_locale                               - Undefined Weak Reference
    __sigvec_lookup                           - Undefined Weak Reference
    _atexit_init                              - Undefined Weak Reference
    _call_atexit_fns                          - Undefined Weak Reference
    _clock_init                               - Undefined Weak Reference
    _fp_trap_init                             - Undefined Weak Reference
    _fp_trap_shutdown                         - Undefined Weak Reference
    _get_lc_collate                           - Undefined Weak Reference
    _get_lc_ctype                             - Undefined Weak Reference
    _get_lc_monetary                          - Undefined Weak Reference
    _get_lc_numeric                           - Undefined Weak Reference
    _get_lc_time                              - Undefined Weak Reference
    _getenv_init                              - Undefined Weak Reference
    _handle_redirection                       - Undefined Weak Reference
    _init_alloc                               - Undefined Weak Reference
    _init_user_alloc                          - Undefined Weak Reference
    _initio                                   - Undefined Weak Reference
    _rand_init                                - Undefined Weak Reference
    _signal_finish                            - Undefined Weak Reference
    _signal_init                              - Undefined Weak Reference
    _terminate_alloc                          - Undefined Weak Reference
    _terminate_user_alloc                     - Undefined Weak Reference
    _terminateio                              - Undefined Weak Reference
    __Vectors_End                            0x00000200   Data           0  startup_tm4c129.o(RESET)
    __Vectors_Size                           0x00000200   Number         0  startup_tm4c129.o ABSOLUTE
    __main                                   0x00000201   Thumb Code     8  __main.o(!!!main)
    __scatterload                            0x00000209   Thumb Code     0  __scatter.o(!!!scatter)
    __scatterload_rt2                        0x00000209   Thumb Code    44  __scatter.o(!!!scatter)
    __scatterload_rt2_thumb_only             0x00000209   Thumb Code     0  __scatter.o(!!!scatter)
    __scatterload_null                       0x00000217   Thumb Code     0  __scatter.o(!!!scatter)
    __decompress                             0x0000023d   Thumb Code    90  __dczerorl2.o(!!dczerorl2)
    __decompress1                            0x0000023d   Thumb Code     0  __dczerorl2.o(!!dczerorl2)
    __scatterload_zeroinit                   0x00000299   Thumb Code    28  __scatter_zi.o(!!handler_zi)
    __rt_lib_init                            0x000002b5   Thumb Code     0  libinit.o(.ARM.Collect$$libinit$$00000000)
    __rt_lib_init_fp_1                       0x000002b7   Thumb Code     0  libinit2.o(.ARM.Collect$$libinit$$00000001)
    __rt_lib_init_alloca_1                   0x000002bb   Thumb Code     0  libinit2.o(.ARM.Collect$$libinit$$0000002E)
    __rt_lib_init_argv_1                     0x000002bb   Thumb Code     0  libinit2.o(.ARM.Collect$$libinit$$0000002C)
    __rt_lib_init_atexit_1                   0x000002bb   Thumb Code     0  libinit2.o(.ARM.Collect$$libinit$$0000001B)
    __rt_lib_init_clock_1                    0x000002bb   Thumb Code     0  libinit2.o(.ARM.Collect$$libinit$$00000021)
    __rt_lib_init_cpp_1                      0x000002bb   Thumb Code     0  libinit2.o(.ARM.Collect$$libinit$$00000032)
    __rt_lib_init_exceptions_1               0x000002bb   Thumb Code     0  libinit2.o(.ARM.Collect$$libinit$$00000030)
    __rt_lib_init_fp_trap_1                  0x000002bb   Thumb Code     0  libinit2.o(.ARM.Collect$$libinit$$0000001F)
    __rt_lib_init_getenv_1                   0x000002bb   Thumb Code     0  libinit2.o(.ARM.Collect$$libinit$$00000023)
    __rt_lib_init_heap_1                     0x000002bb   Thumb Code     0  libinit2.o(.ARM.Collect$$libinit$$0000000A)
    __rt_lib_init_lc_collate_1               0x000002bb   Thumb Code     0  libinit2.o(.ARM.Collect$$libinit$$00000011)
    __rt_lib_init_lc_ctype_1                 0x000002bb   Thumb Code     0  libinit2.o(.ARM.Collect$$libinit$$00000013)
    __rt_lib_init_lc_monetary_1              0x000002bb   Thumb Code     0  libinit2.o(.ARM.Collect$$libinit$$00000015)
    __rt_lib_init_lc_numeric_1               0x000002bb   Thumb Code     0  libinit2.o(.ARM.Collect$$libinit$$00000017)
    __rt_lib_init_lc_time_1                  0x000002bb   Thumb Code     0  libinit2.o(.ARM.Collect$$libinit$$00000019)
    __rt_lib_init_preinit_1                  0x000002bb   Thumb Code     0  libinit2.o(.ARM.Collect$$libinit$$00000004)
    __rt_lib_init_rand_1                     0x000002bb   Thumb Code     0  libinit2.o(.ARM.Collect$$libinit$$0000000E)
    __rt_lib_init_return                     0x000002bb   Thumb Code     0  libinit2.o(.ARM.Collect$$libinit$$00000033)
    __rt_lib_init_signal_1                   0x000002bb   Thumb Code     0  libinit2.o(.ARM.Collect$$libinit$$0000001D)
    __rt_lib_init_stdio_1                    0x000002bb   Thumb Code     0  libinit2.o(.ARM.Collect$$libinit$$00000025)
    __rt_lib_init_user_alloc_1               0x000002bb   Thumb Code     0  libinit2.o(.ARM.Collect$$libinit$$0000000C)
    __rt_lib_shutdown                        0x000002bd   Thumb Code     0  libshutdown.o(.ARM.Collect$$libshutdown$$00000000)
    __rt_lib_shutdown_cpp_1                  0x000002bf   Thumb Code     0  libshutdown2.o(.ARM.Collect$$libshutdown$$00000002)
    __rt_lib_shutdown_fp_trap_1              0x000002bf   Thumb Code     0  libshutdown2.o(.ARM.Collect$$libshutdown$$00000007)
    __rt_lib_shutdown_heap_1                 0x000002bf   Thumb Code     0  libshutdown2.o(.ARM.Collect$$libshutdown$$0000000F)
    __rt_lib_shutdown_return                 0x000002bf   Thumb Code     0  libshutdown2.o(.ARM.Collect$$libshutdown$$00000010)
    __rt_lib_shutdown_signal_1               0x000002bf   Thumb Code     0  libshutdown2.o(.ARM.Collect$$libshutdown$$0000000A)
    __rt_lib_shutdown_stdio_1                0x000002bf   Thumb Code     0  libshutdown2.o(.ARM.Collect$$libshutdown$$00000004)
    __rt_lib_shutdown_user_alloc_1           0x000002bf   Thumb Code     0  libshutdown2.o(.ARM.Collect$$libshutdown$$0000000C)
    __rt_entry                               0x000002c1   Thumb Code     0  __rtentry.o(.ARM.Collect$$rtentry$$00000000)
    __rt_entry_presh_1                       0x000002c1   Thumb Code     0  __rtentry2.o(.ARM.Collect$$rtentry$$00000002)
    __rt_entry_sh                            0x000002c1   Thumb Code     0  __rtentry4.o(.ARM.Collect$$rtentry$$00000004)
    __rt_entry_li                            0x000002c7   Thumb Code     0  __rtentry2.o(.ARM.Collect$$rtentry$$0000000A)
    __rt_entry_postsh_1                      0x000002c7   Thumb Code     0  __rtentry2.o(.ARM.Collect$$rtentry$$00000009)
    __rt_entry_main                          0x000002cb   Thumb Code     0  __rtentry2.o(.ARM.Collect$$rtentry$$0000000D)
    __rt_entry_postli_1                      0x000002cb   Thumb Code     0  __rtentry2.o(.ARM.Collect$$rtentry$$0000000C)
    __rt_exit                                0x000002d3   Thumb Code     0  rtexit.o(.ARM.Collect$$rtexit$$00000000)
    __rt_exit_ls                             0x000002d5   Thumb Code     0  rtexit2.o(.ARM.Collect$$rtexit$$00000003)
    __rt_exit_prels_1                        0x000002d5   Thumb Code     0  rtexit2.o(.ARM.Collect$$rtexit$$00000002)
    __rt_exit_exit                           0x000002d9   Thumb Code     0  rtexit2.o(.ARM.Collect$$rtexit$$00000004)
    SysCtlDelay                              0x000002e1   Thumb Code     6  sysctl.o(.emb_text)
    CPUcpsid                                 0x000002e9   Thumb Code     8  cpu.o(.emb_text)
    CPUprimask                               0x000002f1   Thumb Code     6  cpu.o(.emb_text)
    CPUcpsie                                 0x000002f7   Thumb Code     8  cpu.o(.emb_text)
    CPUwfi                                   0x000002ff   Thumb Code     4  cpu.o(.emb_text)
    CPUbasepriSet                            0x00000303   Thumb Code     6  cpu.o(.emb_text)
    CPUbasepriGet                            0x00000309   Thumb Code     6  cpu.o(.emb_text)
    Reset_Handler                            0x00000311   Thumb Code     8  startup_tm4c129.o(.text)
    NMI_Handler                              0x00000319   Thumb Code     2  startup_tm4c129.o(.text)
    HardFault_Handler                        0x0000031b   Thumb Code     2  startup_tm4c129.o(.text)
    MemManage_Handler                        0x0000031d   Thumb Code     2  startup_tm4c129.o(.text)
    BusFault_Handler                         0x0000031f   Thumb Code     2  startup_tm4c129.o(.text)
    UsageFault_Handler                       0x00000321   Thumb Code     2  startup_tm4c129.o(.text)
    SVC_Handler                              0x00000323   Thumb Code     2  startup_tm4c129.o(.text)
    DebugMon_Handler                         0x00000325   Thumb Code     2  startup_tm4c129.o(.text)
    PendSV_Handler                           0x00000327   Thumb Code     2  startup_tm4c129.o(.text)
    GPIOA_Handler                            0x0000032b   Thumb Code     2  startup_tm4c129.o(.text)
    GPIOB_Handler                            0x0000032d   Thumb Code     2  startup_tm4c129.o(.text)
    GPIOC_Handler                            0x0000032f   Thumb Code     2  startup_tm4c129.o(.text)
    GPIOD_Handler                            0x00000331   Thumb Code     2  startup_tm4c129.o(.text)
    GPIOE_Handler                            0x00000333   Thumb Code     2  startup_tm4c129.o(.text)
    UART0_Handler                            0x00000335   Thumb Code     2  startup_tm4c129.o(.text)
    UART1_Handler                            0x00000337   Thumb Code     2  startup_tm4c129.o(.text)
    SSI0_Handler                             0x00000339   Thumb Code     2  startup_tm4c129.o(.text)
    I2C0_Handler                             0x0000033b   Thumb Code     2  startup_tm4c129.o(.text)
    PMW0_FAULT_Handler                       0x0000033d   Thumb Code     2  startup_tm4c129.o(.text)
    PWM0_0_Handler                           0x0000033f   Thumb Code     2  startup_tm4c129.o(.text)
    PWM0_1_Handler                           0x00000341   Thumb Code     2  startup_tm4c129.o(.text)
    PWM0_2_Handler                           0x00000343   Thumb Code     2  startup_tm4c129.o(.text)
    QEI0_Handler                             0x00000345   Thumb Code     2  startup_tm4c129.o(.text)
    ADC0SS0_Handler                          0x00000347   Thumb Code     2  startup_tm4c129.o(.text)
    ADC0SS1_Handler                          0x00000349   Thumb Code     2  startup_tm4c129.o(.text)
    ADC0SS2_Handler                          0x0000034b   Thumb Code     2  startup_tm4c129.o(.text)
    ADC0SS3_Handler                          0x0000034d   Thumb Code     2  startup_tm4c129.o(.text)
    WDT0_Handler                             0x0000034f   Thumb Code     2  startup_tm4c129.o(.text)
    TIMER0A_Handler                          0x00000351   Thumb Code     2  startup_tm4c129.o(.text)
    TIMER0B_Handler                          0x00000353   Thumb Code     2  startup_tm4c129.o(.text)
    TIMER1B_Handler                          0x00000357   Thumb Code     2  startup_tm4c129.o(.text)
    TIMER2A_Handler                          0x00000359   Thumb Code     2  startup_tm4c129.o(.text)
    TIMER2B_Handler                          0x0000035b   Thumb Code     2  startup_tm4c129.o(.text)
    COMP0_Handler                            0x0000035d   Thumb Code     2  startup_tm4c129.o(.text)
    COMP1_Handler                            0x0000035f   Thumb Code     2  startup_tm4c129.o(.text)
    COMP2_Handler                            0x00000361   Thumb Code     2  startup_tm4c129.o(.text)
    SYSCTL_Handler                           0x00000363   Thumb Code     2  startup_tm4c129.o(.text)
    FLASH_Handler                            0x00000365   Thumb Code     2  startup_tm4c129.o(.text)
    GPIOF_Handler                            0x00000367   Thumb Code     2  startup_tm4c129.o(.text)
    GPIOG_Handler                            0x00000369   Thumb Code     2  startup_tm4c129.o(.text)
    GPIOH_Handler                            0x0000036b   Thumb Code     2  startup_tm4c129.o(.text)
    UART2_Handler                            0x0000036d   Thumb Code     2  startup_tm4c129.o(.text)
    SSI1_Handler                             0x0000036f   Thumb Code     2  startup_tm4c129.o(.text)
    TIMER3A_Handler                          0x00000371   Thumb Code     2  startup_tm4c129.o(.text)
    TIMER3B_Handler                          0x00000373   Thumb Code     2  startup_tm4c129.o(.text)
    I2C1_Handler                             0x00000375   Thumb Code     2  startup_tm4c129.o(.text)
    CAN0_Handler                             0x00000377   Thumb Code     2  startup_tm4c129.o(.text)
    CAN1_Handler                             0x00000379   Thumb Code     2  startup_tm4c129.o(.text)
    ETH_Handler                              0x0000037b   Thumb Code     2  startup_tm4c129.o(.text)
    HIB_Handler                              0x0000037d   Thumb Code     2  startup_tm4c129.o(.text)
    USB0_Handler                             0x0000037f   Thumb Code     2  startup_tm4c129.o(.text)
    PWM0_3_Handler                           0x00000381   Thumb Code     2  startup_tm4c129.o(.text)
    UDMA_Handler                             0x00000383   Thumb Code     2  startup_tm4c129.o(.text)
    UDMAERR_Handler                          0x00000385   Thumb Code     2  startup_tm4c129.o(.text)
    ADC1SS0_Handler                          0x00000387   Thumb Code     2  startup_tm4c129.o(.text)
    ADC1SS1_Handler                          0x00000389   Thumb Code     2  startup_tm4c129.o(.text)
    ADC1SS2_Handler                          0x0000038b   Thumb Code     2  startup_tm4c129.o(.text)
    ADC1SS3_Handler                          0x0000038d   Thumb Code     2  startup_tm4c129.o(.text)
    EBI0_Handler                             0x0000038f   Thumb Code     2  startup_tm4c129.o(.text)
    GPIOJ_Handler                            0x00000391   Thumb Code     2  startup_tm4c129.o(.text)
    GPIOK_Handler                            0x00000393   Thumb Code     2  startup_tm4c129.o(.text)
    GPIOL_Handler                            0x00000395   Thumb Code     2  startup_tm4c129.o(.text)
    SSI2_Handler                             0x00000397   Thumb Code     2  startup_tm4c129.o(.text)
    SSI3_Handler                             0x00000399   Thumb Code     2  startup_tm4c129.o(.text)
    UART3_Handler                            0x0000039b   Thumb Code     2  startup_tm4c129.o(.text)
    UART4_Handler                            0x0000039d   Thumb Code     2  startup_tm4c129.o(.text)
    UART5_Handler                            0x0000039f   Thumb Code     2  startup_tm4c129.o(.text)
    UART7_Handler                            0x000003a3   Thumb Code     2  startup_tm4c129.o(.text)
    I2C2_Handler                             0x000003a5   Thumb Code     2  startup_tm4c129.o(.text)
    I2C3_Handler                             0x000003a7   Thumb Code     2  startup_tm4c129.o(.text)
    TIMER4A_Handler                          0x000003a9   Thumb Code     2  startup_tm4c129.o(.text)
    TIMER4B_Handler                          0x000003ab   Thumb Code     2  startup_tm4c129.o(.text)
    TIMER5A_Handler                          0x000003ad   Thumb Code     2  startup_tm4c129.o(.text)
    TIMER5B_Handler                          0x000003af   Thumb Code     2  startup_tm4c129.o(.text)
    WTIMER0A_Handler                         0x000003b1   Thumb Code     2  startup_tm4c129.o(.text)
    WTIMER0B_Handler                         0x000003b3   Thumb Code     2  startup_tm4c129.o(.text)
    WTIMER1A_Handler                         0x000003b5   Thumb Code     2  startup_tm4c129.o(.text)
    WTIMER1B_Handler                         0x000003b7   Thumb Code     2  startup_tm4c129.o(.text)
    WTIMER2A_Handler                         0x000003b9   Thumb Code     2  startup_tm4c129.o(.text)
    WTIMER2B_Handler                         0x000003bb   Thumb Code     2  startup_tm4c129.o(.text)
    WTIMER3A_Handler                         0x000003bd   Thumb Code     2  startup_tm4c129.o(.text)
    WTIMER3B_Handler                         0x000003bf   Thumb Code     2  startup_tm4c129.o(.text)
    WTIMER4A_Handler                         0x000003c1   Thumb Code     2  startup_tm4c129.o(.text)
    WTIMER4B_Handler                         0x000003c3   Thumb Code     2  startup_tm4c129.o(.text)
    WTIMER5A_Handler                         0x000003c5   Thumb Code     2  startup_tm4c129.o(.text)
    WTIMER5B_Handler                         0x000003c7   Thumb Code     2  startup_tm4c129.o(.text)
    FPU_Handler                              0x000003c9   Thumb Code     2  startup_tm4c129.o(.text)
    I2C4_Handler                             0x000003cb   Thumb Code     2  startup_tm4c129.o(.text)
    I2C5_Handler                             0x000003cd   Thumb Code     2  startup_tm4c129.o(.text)
    GPIOM_Handler                            0x000003cf   Thumb Code     2  startup_tm4c129.o(.text)
    GPION_Handler                            0x000003d1   Thumb Code     2  startup_tm4c129.o(.text)
    TAMPER_Handler                           0x000003d3   Thumb Code     2  startup_tm4c129.o(.text)
    GPIOP0_Handler                           0x000003d5   Thumb Code     2  startup_tm4c129.o(.text)
    GPIOP1_Handler                           0x000003d7   Thumb Code     2  startup_tm4c129.o(.text)
    GPIOP2_Handler                           0x000003d9   Thumb Code     2  startup_tm4c129.o(.text)
    GPIOP3_Handler                           0x000003db   Thumb Code     2  startup_tm4c129.o(.text)
    GPIOP4_Handler                           0x000003dd   Thumb Code     2  startup_tm4c129.o(.text)
    GPIOP5_Handler                           0x000003df   Thumb Code     2  startup_tm4c129.o(.text)
    GPIOP6_Handler                           0x000003e1   Thumb Code     2  startup_tm4c129.o(.text)
    GPIOP7_Handler                           0x000003e3   Thumb Code     2  startup_tm4c129.o(.text)
    GPIOQ0_Handler                           0x000003e5   Thumb Code     2  startup_tm4c129.o(.text)
    GPIOQ1_Handler                           0x000003e7   Thumb Code     2  startup_tm4c129.o(.text)
    GPIOQ2_Handler                           0x000003e9   Thumb Code     2  startup_tm4c129.o(.text)
    GPIOQ3_Handler                           0x000003eb   Thumb Code     2  startup_tm4c129.o(.text)
    GPIOQ4_Handler                           0x000003ed   Thumb Code     2  startup_tm4c129.o(.text)
    GPIOQ5_Handler                           0x000003ef   Thumb Code     2  startup_tm4c129.o(.text)
    GPIOQ6_Handler                           0x000003f1   Thumb Code     2  startup_tm4c129.o(.text)
    GPIOQ7_Handler                           0x000003f3   Thumb Code     2  startup_tm4c129.o(.text)
    GPIOR_Handler                            0x000003f5   Thumb Code     2  startup_tm4c129.o(.text)
    GPIOS_Handler                            0x000003f7   Thumb Code     2  startup_tm4c129.o(.text)
    SHAMD5_Handler                           0x000003f9   Thumb Code     2  startup_tm4c129.o(.text)
    AES_Handler                              0x000003fb   Thumb Code     2  startup_tm4c129.o(.text)
    DES3DES_Handler                          0x000003fd   Thumb Code     2  startup_tm4c129.o(.text)
    LCDCONTROLLER_Handler                    0x000003ff   Thumb Code     2  startup_tm4c129.o(.text)
    TIMER6A_Handler                          0x00000401   Thumb Code     2  startup_tm4c129.o(.text)
    TIMER6B_Handler                          0x00000403   Thumb Code     2  startup_tm4c129.o(.text)
    TIMER7A_Handler                          0x00000405   Thumb Code     2  startup_tm4c129.o(.text)
    TIMER7B_Handler                          0x00000407   Thumb Code     2  startup_tm4c129.o(.text)
    I2C6_Handler                             0x00000409   Thumb Code     2  startup_tm4c129.o(.text)
    I2C7_Handler                             0x0000040b   Thumb Code     2  startup_tm4c129.o(.text)
    HIMSCANKEYBOARD_Handler                  0x0000040d   Thumb Code     2  startup_tm4c129.o(.text)
    ONEWIRE_Handler                          0x0000040f   Thumb Code     2  startup_tm4c129.o(.text)
    HIMPS2_Handler                           0x00000411   Thumb Code     2  startup_tm4c129.o(.text)
    HIMLEDSEQUENCER_Handler                  0x00000413   Thumb Code     2  startup_tm4c129.o(.text)
    HIMCONSUMERIR_Handler                    0x00000415   Thumb Code     2  startup_tm4c129.o(.text)
    I2C8_Handler                             0x00000417   Thumb Code     2  startup_tm4c129.o(.text)
    I2C9_Handler                             0x00000419   Thumb Code     2  startup_tm4c129.o(.text)
    GPIOT_Handler                            0x0000041b   Thumb Code     2  startup_tm4c129.o(.text)
    __user_initial_stackheap                 0x0000041d   Thumb Code     0  startup_tm4c129.o(.text)
    __use_two_region_memory                  0x0000043d   Thumb Code     2  heapauxi.o(.text)
    __rt_heap_escrow$2region                 0x0000043f   Thumb Code     2  heapauxi.o(.text)
    __rt_heap_expand$2region                 0x00000441   Thumb Code     2  heapauxi.o(.text)
    __user_setup_stackheap                   0x00000443   Thumb Code    74  sys_stackheap_outer.o(.text)
    exit                                     0x0000048d   Thumb Code    18  exit.o(.text)
    __user_libspace                          0x000004a1   Thumb Code     8  libspace.o(.text)
    __user_perproc_libspace                  0x000004a1   Thumb Code     0  libspace.o(.text)
    __user_perthread_libspace                0x000004a1   Thumb Code     0  libspace.o(.text)
    _sys_exit                                0x000004a9   Thumb Code     8  sys_exit.o(.text)
    __I$use$semihosting                      0x000004b5   Thumb Code     0  use_no_semi.o(.text)
    __use_no_semihosting_swi                 0x000004b5   Thumb Code     2  use_no_semi.o(.text)
    __semihosting_library_function           0x000004b7   Thumb Code     0  indicate_semi.o(.text)
    ADCInit                                  0x000004b9   Thumb Code    64  adc.o(i.ADCInit)
    ADCIntClear                              0x00000509   Thumb Code    10  adc.o(i.ADCIntClear)
    ADCIntStatus                             0x00000513   Thumb Code    52  adc.o(i.ADCIntStatus)
    ADCProcessorTrigger                      0x00000547   Thumb Code    26  adc.o(i.ADCProcessorTrigger)
    ADCSequenceConfigure                     0x00000561   Thumb Code    96  adc.o(i.ADCSequenceConfigure)
    ADCSequenceDataGet                       0x000005c1   Thumb Code    36  adc.o(i.ADCSequenceDataGet)
    ADCSequenceEnable                        0x000005e5   Thumb Code    14  adc.o(i.ADCSequenceEnable)
    ADCSequenceStepConfigure                 0x000005f3   Thumb Code   154  adc.o(i.ADCSequenceStepConfigure)
    ADC_Sample                               0x0000068d   Thumb Code    48  adc.o(i.ADC_Sample)
    DevicesInit                              0x000006c1   Thumb Code    80  exp5_7.o(i.DevicesInit)
    GPIODirModeSet                           0x00000721   Thumb Code    40  gpio.o(i.GPIODirModeSet)
    GPIOInit                                 0x00000749   Thumb Code    60  exp5_7.o(i.GPIOInit)
    GPIOPadConfigSet                         0x00000791   Thumb Code   312  gpio.o(i.GPIOPadConfigSet)
    GPIOPinConfigure                         0x000008c9   Thumb Code    60  gpio.o(i.GPIOPinConfigure)
    GPIOPinRead                              0x0000090d   Thumb Code     6  gpio.o(i.GPIOPinRead)
    GPIOPinTypeADC                           0x00000913   Thumb Code    28  gpio.o(i.GPIOPinTypeADC)
    GPIOPinTypeGPIOInput                     0x0000092f   Thumb Code    28  gpio.o(i.GPIOPinTypeGPIOInput)
    GPIOPinTypeGPIOOutput                    0x0000094b   Thumb Code    28  gpio.o(i.GPIOPinTypeGPIOOutput)
    GPIOPinTypePWM                           0x00000967   Thumb Code    28  gpio.o(i.GPIOPinTypePWM)
    GPIOPinTypeTimer                         0x00000983   Thumb Code    28  gpio.o(i.GPIOPinTypeTimer)
    GPIOPinTypeUART                          0x0000099f   Thumb Code    28  gpio.o(i.GPIOPinTypeUART)
    GPIOPinWrite                             0x000009bb   Thumb Code     6  gpio.o(i.GPIOPinWrite)
    IntEnable                                0x000009c1   Thumb Code    92  interrupt.o(i.IntEnable)
    IntMasterEnable                          0x00000a25   Thumb Code    14  interrupt.o(i.IntMasterEnable)
    IntPrioritySet                           0x00000a35   Thumb Code    36  interrupt.o(i.IntPrioritySet)
    LCD_PORT_init                            0x00000a5d   Thumb Code   158  exp5_7.o(i.LCD_PORT_init)
    LCD_delay                                0x00000b15   Thumb Code    46  exp5_7.o(i.LCD_delay)
    LCD_delay_us                             0x00000b49   Thumb Code    22  exp5_7.o(i.LCD_delay_us)
    PWMGenConfigure                          0x00000b5f   Thumb Code    38  pwm.o(i.PWMGenConfigure)
    PWMGenDisable                            0x00000b85   Thumb Code    10  pwm.o(i.PWMGenDisable)
    PWMGenEnable                             0x00000b8f   Thumb Code    10  pwm.o(i.PWMGenEnable)
    PWMGenPeriodGet                          0x00000b99   Thumb Code    18  pwm.o(i.PWMGenPeriodGet)
    PWMGenPeriodSet                          0x00000bab   Thumb Code    18  pwm.o(i.PWMGenPeriodSet)
    PWMInit                                  0x00000bbd   Thumb Code    50  pwm.o(i.PWMInit)
    PWMOutputState                           0x00000c05   Thumb Code    16  pwm.o(i.PWMOutputState)
    PWMPulseWidthSet                         0x00000c15   Thumb Code    32  pwm.o(i.PWMPulseWidthSet)
    PWMStart                                 0x00000c35   Thumb Code    60  pwm.o(i.PWMStart)
    PWMStop                                  0x00000c79   Thumb Code    12  pwm.o(i.PWMStop)
    SysCtlClockFreqSet                       0x00000c89   Thumb Code   700  sysctl.o(i.SysCtlClockFreqSet)
    SysCtlPeripheralEnable                   0x00000f6d   Thumb Code    36  sysctl.o(i.SysCtlPeripheralEnable)
    SysCtlPeripheralReady                    0x00000f95   Thumb Code    40  sysctl.o(i.SysCtlPeripheralReady)
    SysTickEnable                            0x00000fc1   Thumb Code    14  systick.o(i.SysTickEnable)
    SysTickInit                              0x00000fd1   Thumb Code    28  exp5_7.o(i.SysTickInit)
    SysTickIntEnable                         0x00000ff1   Thumb Code    14  systick.o(i.SysTickIntEnable)
    SysTickPeriodSet                         0x00000fff   Thumb Code    10  systick.o(i.SysTickPeriodSet)
    SysTick_Handler                          0x00001009   Thumb Code   980  exp5_7.o(i.SysTick_Handler)
    SystemInit                               0x00001445   Thumb Code    20  system_tm4c129.o(i.SystemInit)
    TIMER1A_Handler                          0x00001465   Thumb Code    46  exp5_7.o(i.TIMER1A_Handler)
    TM1638_DigiSegment                       0x000014a9   Thumb Code   260  tm1638.o(i.TM1638_DigiSegment)
    TM1638_Init                              0x000015ad   Thumb Code    30  tm1638.o(i.TM1638_Init)
    TM1638_Readkeyboard                      0x000015d1   Thumb Code   156  tm1638.o(i.TM1638_Readkeyboard)
    TM1638_RefreshDIGIandLED                 0x00001671   Thumb Code   150  tm1638.o(i.TM1638_RefreshDIGIandLED)
    TM1638_Serial_Input                      0x0000170d   Thumb Code    76  tm1638.o(i.TM1638_Serial_Input)
    TM1638_Serial_Output                     0x00001761   Thumb Code    74  tm1638.o(i.TM1638_Serial_Output)
    Timer0Init                               0x000017b5   Thumb Code    60  exp5_7.o(i.Timer0Init)
    Timer1Init                               0x00001809   Thumb Code    40  exp5_7.o(i.Timer1Init)
    TimerConfigure                           0x0000183d   Thumb Code    88  timer.o(i.TimerConfigure)
    TimerControlEvent                        0x0000189d   Thumb Code    18  timer.o(i.TimerControlEvent)
    TimerDisable                             0x000018af   Thumb Code    16  timer.o(i.TimerDisable)
    TimerEnable                              0x000018bf   Thumb Code    14  timer.o(i.TimerEnable)
    TimerIntClear                            0x000018cd   Thumb Code     4  timer.o(i.TimerIntClear)
    TimerIntEnable                           0x000018d1   Thumb Code     8  timer.o(i.TimerIntEnable)
    TimerLoadSet                             0x000018d9   Thumb Code    18  timer.o(i.TimerLoadSet)
    TimerValueGet                            0x000018eb   Thumb Code    10  timer.o(i.TimerValueGet)
    UART6_Handler                            0x000018f5   Thumb Code    38  exp5_7.o(i.UART6_Handler)
    UARTCharGetNonBlocking                   0x00001929   Thumb Code    16  uart.o(i.UARTCharGetNonBlocking)
    UARTCharPut                              0x00001939   Thumb Code    12  uart.o(i.UARTCharPut)
    UARTCharsAvail                           0x00001945   Thumb Code    10  uart.o(i.UARTCharsAvail)
    UARTConfigSetExpClk                      0x0000194f   Thumb Code   110  uart.o(i.UARTConfigSetExpClk)
    UARTInit                                 0x000019bd   Thumb Code   170  exp5_7.o(i.UARTInit)
    UARTIntClear                             0x00001a95   Thumb Code     4  uart.o(i.UARTIntClear)
    UARTIntEnable                            0x00001a99   Thumb Code     8  uart.o(i.UARTIntEnable)
    UARTIntStatus                            0x00001aa1   Thumb Code    10  uart.o(i.UARTIntStatus)
    UARTStringGet                            0x00001aad   Thumb Code    50  exp5_7.o(i.UARTStringGet)
    UARTStringPut                            0x00001ae5   Thumb Code    44  exp5_7.o(i.UARTStringPut)
    clear_screen                             0x00001b15   Thumb Code    54  exp5_7.o(i.clear_screen)
    display_GB2312_string                    0x00001b4d   Thumb Code   262  exp5_7.o(i.display_GB2312_string)
    get_and_write_16x16                      0x00001c5d   Thumb Code   134  exp5_7.o(i.get_and_write_16x16)
    get_and_write_8x16                       0x00001ce9   Thumb Code   134  exp5_7.o(i.get_and_write_8x16)
    initial_lcd                              0x00001db9   Thumb Code   136  exp5_7.o(i.initial_lcd)
    lcd_address                              0x00001e45   Thumb Code    38  exp5_7.o(i.lcd_address)
    main                                     0x00001e6d   Thumb Code  1274  exp5_7.o(i.main)
    mode0_0                                  0x0000238d   Thumb Code    94  exp5_7.o(i.mode0_0)
    mode1_0                                  0x00002401   Thumb Code   134  exp5_7.o(i.mode1_0)
    mode1_1                                  0x000024a9   Thumb Code   134  exp5_7.o(i.mode1_1)
    mode1_2                                  0x00002551   Thumb Code   134  exp5_7.o(i.mode1_2)
    mode1_3                                  0x000025f9   Thumb Code   134  exp5_7.o(i.mode1_3)
    mode1_4                                  0x000026a1   Thumb Code   134  exp5_7.o(i.mode1_4)
    mode2_0                                  0x00002749   Thumb Code    26  exp5_7.o(i.mode2_0)
    passFreq                                 0x00002775   Thumb Code   104  exp5_7.o(i.passFreq)
    send_command_to_ROM                      0x000027ed   Thumb Code    82  exp5_7.o(i.send_command_to_ROM)
    transfer_command_lcd                     0x00002849   Thumb Code   100  exp5_7.o(i.transfer_command_lcd)
    transfer_data_lcd                        0x000028b9   Thumb Code   100  exp5_7.o(i.transfer_data_lcd)
    _fp_init                                 0x00002929   Thumb Code    10  fpinit.o(x$fpl$fpinit)
    __fplib_config_fpu_vfp                   0x00002931   Thumb Code     0  fpinit.o(x$fpl$fpinit)
    __fplib_config_pureend_doubles           0x00002931   Thumb Code     0  fpinit.o(x$fpl$fpinit)
    Region$$Table$$Base                      0x00002ef0   Number         0  anon$$obj.o(Region$$Table)
    Region$$Table$$Limit                     0x00002f10   Number         0  anon$$obj.o(Region$$Table)
    jiong1                                   0x20000000   Data          32  exp5_7.o(.data)
    lei1                                     0x20000020   Data          32  exp5_7.o(.data)
    fontaddr                                 0x20000040   Data           4  exp5_7.o(.data)
    bmp1                                     0x20000044   Data        1024  exp5_7.o(.data)
    clock400ms                               0x20000444   Data           1  exp5_7.o(.data)
    clock100ms                               0x20000445   Data           1  exp5_7.o(.data)
    clock500ms                               0x20000446   Data           1  exp5_7.o(.data)
    clock1500ms                              0x20000447   Data           1  exp5_7.o(.data)
    clock2s                                  0x20000448   Data           1  exp5_7.o(.data)
    clock5s                                  0x20000449   Data           1  exp5_7.o(.data)
    clock10s                                 0x2000044a   Data           2  exp5_7.o(.data)
    clock100ms_flag                          0x2000044c   Data           1  exp5_7.o(.data)
    clock500ms_flag                          0x2000044d   Data           1  exp5_7.o(.data)
    clock1500ms_flag                         0x2000044e   Data           1  exp5_7.o(.data)
    clock2s_flag                             0x2000044f   Data           1  exp5_7.o(.data)
    clock5s_flag                             0x20000450   Data           1  exp5_7.o(.data)
    clock10s_flag                            0x20000451   Data           1  exp5_7.o(.data)
    clock400ms_flag                          0x20000452   Data           1  exp5_7.o(.data)
    if_count_2s                              0x20000453   Data           1  exp5_7.o(.data)
    lcd_act                                  0x20000454   Data           1  exp5_7.o(.data)
    lcd_subact                               0x20000455   Data           1  exp5_7.o(.data)
    if_refresh                               0x20000456   Data           1  exp5_7.o(.data)
    test_counter                             0x20000458   Data           4  exp5_7.o(.data)
    digit                                    0x2000045c   Data           8  exp5_7.o(.data)
    pnt                                      0x20000464   Data           1  exp5_7.o(.data)
    led                                      0x20000465   Data           8  exp5_7.o(.data)
    key_code                                 0x2000046d   Data           1  exp5_7.o(.data)
    ui32SysClock                             0x20000470   Data           4  exp5_7.o(.data)
    g_ui32SysClock                           0x20000474   Data           4  exp5_7.o(.data)
    letter                                   0x20000478   Data          12  exp5_7.o(.data)
    number                                   0x20000484   Data          40  exp5_7.o(.data)
    voltage                                  0x200004ac   Data           2  exp5_7.o(.data)
    tempre                                   0x200004ae   Data           2  exp5_7.o(.data)
    freq                                     0x200004b0   Data           4  exp5_7.o(.data)
    freq_temp                                0x200004b4   Data           4  exp5_7.o(.data)
    ui32ADC0Value                            0x200004b8   Data           4  exp5_7.o(.data)
    ui32ADC0Voltage                          0x200004bc   Data           4  exp5_7.o(.data)
    g_ui8INTStatus                           0x200004c0   Data           1  exp5_7.o(.data)
    g_ui32TPreCount                          0x200004c4   Data           4  exp5_7.o(.data)
    g_ui32TCurCount                          0x200004c8   Data           4  exp5_7.o(.data)
    system_state                             0x200004cc   Data           1  exp5_7.o(.data)
    record                                   0x200004cd   Data           1  exp5_7.o(.data)
    play_record                              0x200004ce   Data           1  exp5_7.o(.data)
    start                                    0x200004cf   Data           1  exp5_7.o(.data)
    ii                                       0x200004d0   Data           4  exp5_7.o(.data)
    SystemCoreClock                          0x200004d4   Data           4  system_tm4c129.o(.data)
    str                                      0x200004d8   Data          50  exp5_7.o(.bss)
    v_passin                                 0x2000050c   Data          16  exp5_7.o(.bss)
    t_passin                                 0x2000051c   Data          12  exp5_7.o(.bss)
    f_passin                                 0x20000528   Data          16  exp5_7.o(.bss)
    func                                     0x20000538   Data          60  exp5_7.o(.bss)
    record_melody                            0x20000574   Data        1600  exp5_7.o(.bss)
    __libspace_start                         0x20000bb4   Data          96  libspace.o(.bss)
    __temporary_stack_top$libspace           0x20000c14   Data           0  libspace.o(.bss)



==============================================================================

Memory Map of the image

  Image Entry point : 0x00000311

  Load Region LR_1 (Base: 0x00000000, Size: 0x000033e8, Max: 0xffffffff, ABSOLUTE, COMPRESSED[0x0000315c])

    Execution Region ER_RO (Base: 0x00000000, Size: 0x00002f10, Max: 0xffffffff, ABSOLUTE)

    Base Addr    Size         Type   Attr      Idx    E Section Name        Object

    0x00000000   0x00000200   Data   RO          406    RESET               startup_tm4c129.o
    0x00000200   0x00000008   Code   RO         2359  * !!!main             c_w.l(__main.o)
    0x00000208   0x00000034   Code   RO         2518    !!!scatter          c_w.l(__scatter.o)
    0x0000023c   0x0000005a   Code   RO         2516    !!dczerorl2         c_w.l(__dczerorl2.o)
    0x00000296   0x00000002   PAD
    0x00000298   0x0000001c   Code   RO         2520    !!handler_zi        c_w.l(__scatter_zi.o)
    0x000002b4   0x00000002   Code   RO         2386    .ARM.Collect$$libinit$$00000000  c_w.l(libinit.o)
    0x000002b6   0x00000004   Code   RO         2392    .ARM.Collect$$libinit$$00000001  c_w.l(libinit2.o)
    0x000002ba   0x00000000   Code   RO         2395    .ARM.Collect$$libinit$$00000004  c_w.l(libinit2.o)
    0x000002ba   0x00000000   Code   RO         2398    .ARM.Collect$$libinit$$0000000A  c_w.l(libinit2.o)
    0x000002ba   0x00000000   Code   RO         2400    .ARM.Collect$$libinit$$0000000C  c_w.l(libinit2.o)
    0x000002ba   0x00000000   Code   RO         2402    .ARM.Collect$$libinit$$0000000E  c_w.l(libinit2.o)
    0x000002ba   0x00000000   Code   RO         2405    .ARM.Collect$$libinit$$00000011  c_w.l(libinit2.o)
    0x000002ba   0x00000000   Code   RO         2407    .ARM.Collect$$libinit$$00000013  c_w.l(libinit2.o)
    0x000002ba   0x00000000   Code   RO         2409    .ARM.Collect$$libinit$$00000015  c_w.l(libinit2.o)
    0x000002ba   0x00000000   Code   RO         2411    .ARM.Collect$$libinit$$00000017  c_w.l(libinit2.o)
    0x000002ba   0x00000000   Code   RO         2413    .ARM.Collect$$libinit$$00000019  c_w.l(libinit2.o)
    0x000002ba   0x00000000   Code   RO         2415    .ARM.Collect$$libinit$$0000001B  c_w.l(libinit2.o)
    0x000002ba   0x00000000   Code   RO         2417    .ARM.Collect$$libinit$$0000001D  c_w.l(libinit2.o)
    0x000002ba   0x00000000   Code   RO         2419    .ARM.Collect$$libinit$$0000001F  c_w.l(libinit2.o)
    0x000002ba   0x00000000   Code   RO         2421    .ARM.Collect$$libinit$$00000021  c_w.l(libinit2.o)
    0x000002ba   0x00000000   Code   RO         2423    .ARM.Collect$$libinit$$00000023  c_w.l(libinit2.o)
    0x000002ba   0x00000000   Code   RO         2425    .ARM.Collect$$libinit$$00000025  c_w.l(libinit2.o)
    0x000002ba   0x00000000   Code   RO         2429    .ARM.Collect$$libinit$$0000002C  c_w.l(libinit2.o)
    0x000002ba   0x00000000   Code   RO         2431    .ARM.Collect$$libinit$$0000002E  c_w.l(libinit2.o)
    0x000002ba   0x00000000   Code   RO         2433    .ARM.Collect$$libinit$$00000030  c_w.l(libinit2.o)
    0x000002ba   0x00000000   Code   RO         2435    .ARM.Collect$$libinit$$00000032  c_w.l(libinit2.o)
    0x000002ba   0x00000002   Code   RO         2436    .ARM.Collect$$libinit$$00000033  c_w.l(libinit2.o)
    0x000002bc   0x00000002   Code   RO         2456    .ARM.Collect$$libshutdown$$00000000  c_w.l(libshutdown.o)
    0x000002be   0x00000000   Code   RO         2469    .ARM.Collect$$libshutdown$$00000002  c_w.l(libshutdown2.o)
    0x000002be   0x00000000   Code   RO         2471    .ARM.Collect$$libshutdown$$00000004  c_w.l(libshutdown2.o)
    0x000002be   0x00000000   Code   RO         2474    .ARM.Collect$$libshutdown$$00000007  c_w.l(libshutdown2.o)
    0x000002be   0x00000000   Code   RO         2477    .ARM.Collect$$libshutdown$$0000000A  c_w.l(libshutdown2.o)
    0x000002be   0x00000000   Code   RO         2479    .ARM.Collect$$libshutdown$$0000000C  c_w.l(libshutdown2.o)
    0x000002be   0x00000000   Code   RO         2482    .ARM.Collect$$libshutdown$$0000000F  c_w.l(libshutdown2.o)
    0x000002be   0x00000002   Code   RO         2483    .ARM.Collect$$libshutdown$$00000010  c_w.l(libshutdown2.o)
    0x000002c0   0x00000000   Code   RO         2361    .ARM.Collect$$rtentry$$00000000  c_w.l(__rtentry.o)
    0x000002c0   0x00000000   Code   RO         2363    .ARM.Collect$$rtentry$$00000002  c_w.l(__rtentry2.o)
    0x000002c0   0x00000006   Code   RO         2375    .ARM.Collect$$rtentry$$00000004  c_w.l(__rtentry4.o)
    0x000002c6   0x00000000   Code   RO         2365    .ARM.Collect$$rtentry$$00000009  c_w.l(__rtentry2.o)
    0x000002c6   0x00000004   Code   RO         2366    .ARM.Collect$$rtentry$$0000000A  c_w.l(__rtentry2.o)
    0x000002ca   0x00000000   Code   RO         2368    .ARM.Collect$$rtentry$$0000000C  c_w.l(__rtentry2.o)
    0x000002ca   0x00000008   Code   RO         2369    .ARM.Collect$$rtentry$$0000000D  c_w.l(__rtentry2.o)
    0x000002d2   0x00000002   Code   RO         2390    .ARM.Collect$$rtexit$$00000000  c_w.l(rtexit.o)
    0x000002d4   0x00000000   Code   RO         2438    .ARM.Collect$$rtexit$$00000002  c_w.l(rtexit2.o)
    0x000002d4   0x00000004   Code   RO         2439    .ARM.Collect$$rtexit$$00000003  c_w.l(rtexit2.o)
    0x000002d8   0x00000006   Code   RO         2440    .ARM.Collect$$rtexit$$00000004  c_w.l(rtexit2.o)
    0x000002de   0x00000002   PAD
    0x000002e0   0x00000006   Code   RO         1397    .emb_text           driverlib.lib(sysctl.o)
    0x000002e6   0x00000002   PAD
    0x000002e8   0x00000026   Code   RO         2345    .emb_text           driverlib.lib(cpu.o)
    0x0000030e   0x00000002   PAD
    0x00000310   0x0000012c   Code   RO          407  * .text               startup_tm4c129.o
    0x0000043c   0x00000006   Code   RO         2357    .text               c_w.l(heapauxi.o)
    0x00000442   0x0000004a   Code   RO         2377    .text               c_w.l(sys_stackheap_outer.o)
    0x0000048c   0x00000012   Code   RO         2379    .text               c_w.l(exit.o)
    0x0000049e   0x00000002   PAD
    0x000004a0   0x00000008   Code   RO         2387    .text               c_w.l(libspace.o)
    0x000004a8   0x0000000c   Code   RO         2448    .text               c_w.l(sys_exit.o)
    0x000004b4   0x00000002   Code   RO         2459    .text               c_w.l(use_no_semi.o)
    0x000004b6   0x00000000   Code   RO         2461    .text               c_w.l(indicate_semi.o)
    0x000004b6   0x00000002   PAD
    0x000004b8   0x00000050   Code   RO           72    i.ADCInit           adc.o
    0x00000508   0x0000000a   Code   RO          474    i.ADCIntClear       driverlib.lib(adc.o)
    0x00000512   0x00000034   Code   RO          481    i.ADCIntStatus      driverlib.lib(adc.o)
    0x00000546   0x0000001a   Code   RO          486    i.ADCProcessorTrigger  driverlib.lib(adc.o)
    0x00000560   0x00000060   Code   RO          489    i.ADCSequenceConfigure  driverlib.lib(adc.o)
    0x000005c0   0x00000024   Code   RO          492    i.ADCSequenceDataGet  driverlib.lib(adc.o)
    0x000005e4   0x0000000e   Code   RO          494    i.ADCSequenceEnable  driverlib.lib(adc.o)
    0x000005f2   0x0000009a   Code   RO          497    i.ADCSequenceStepConfigure  driverlib.lib(adc.o)
    0x0000068c   0x00000034   Code   RO           73    i.ADC_Sample        adc.o
    0x000006c0   0x00000060   Code   RO          139    i.DevicesInit       exp5_7.o
    0x00000720   0x00000028   Code   RO          746    i.GPIODirModeSet    driverlib.lib(gpio.o)
    0x00000748   0x00000048   Code   RO          140    i.GPIOInit          exp5_7.o
    0x00000790   0x00000138   Code   RO          758    i.GPIOPadConfigSet  driverlib.lib(gpio.o)
    0x000008c8   0x00000044   Code   RO          759    i.GPIOPinConfigure  driverlib.lib(gpio.o)
    0x0000090c   0x00000006   Code   RO          760    i.GPIOPinRead       driverlib.lib(gpio.o)
    0x00000912   0x0000001c   Code   RO          761    i.GPIOPinTypeADC    driverlib.lib(gpio.o)
    0x0000092e   0x0000001c   Code   RO          769    i.GPIOPinTypeGPIOInput  driverlib.lib(gpio.o)
    0x0000094a   0x0000001c   Code   RO          770    i.GPIOPinTypeGPIOOutput  driverlib.lib(gpio.o)
    0x00000966   0x0000001c   Code   RO          777    i.GPIOPinTypePWM    driverlib.lib(gpio.o)
    0x00000982   0x0000001c   Code   RO          780    i.GPIOPinTypeTimer  driverlib.lib(gpio.o)
    0x0000099e   0x0000001c   Code   RO          782    i.GPIOPinTypeUART   driverlib.lib(gpio.o)
    0x000009ba   0x00000006   Code   RO          788    i.GPIOPinWrite      driverlib.lib(gpio.o)
    0x000009c0   0x00000064   Code   RO         1049    i.IntEnable         driverlib.lib(interrupt.o)
    0x00000a24   0x0000000e   Code   RO         1052    i.IntMasterEnable   driverlib.lib(interrupt.o)
    0x00000a32   0x00000002   PAD
    0x00000a34   0x00000028   Code   RO         1060    i.IntPrioritySet    driverlib.lib(interrupt.o)
    0x00000a5c   0x000000b8   Code   RO          141    i.LCD_PORT_init     exp5_7.o
    0x00000b14   0x00000034   Code   RO          142    i.LCD_delay         exp5_7.o
    0x00000b48   0x00000016   Code   RO          143    i.LCD_delay_us      exp5_7.o
    0x00000b5e   0x00000026   Code   RO         1172    i.PWMGenConfigure   driverlib.lib(pwm.o)
    0x00000b84   0x0000000a   Code   RO         1173    i.PWMGenDisable     driverlib.lib(pwm.o)
    0x00000b8e   0x0000000a   Code   RO         1174    i.PWMGenEnable      driverlib.lib(pwm.o)
    0x00000b98   0x00000012   Code   RO         1186    i.PWMGenPeriodGet   driverlib.lib(pwm.o)
    0x00000baa   0x00000012   Code   RO         1187    i.PWMGenPeriodSet   driverlib.lib(pwm.o)
    0x00000bbc   0x00000048   Code   RO          102    i.PWMInit           pwm.o
    0x00000c04   0x00000010   Code   RO         1194    i.PWMOutputState    driverlib.lib(pwm.o)
    0x00000c14   0x00000020   Code   RO         1197    i.PWMPulseWidthSet  driverlib.lib(pwm.o)
    0x00000c34   0x00000044   Code   RO          103    i.PWMStart          pwm.o
    0x00000c78   0x00000010   Code   RO          104    i.PWMStop           pwm.o
    0x00000c88   0x000002e4   Code   RO         1399    i.SysCtlClockFreqSet  driverlib.lib(sysctl.o)
    0x00000f6c   0x00000028   Code   RO         1431    i.SysCtlPeripheralEnable  driverlib.lib(sysctl.o)
    0x00000f94   0x0000002c   Code   RO         1435    i.SysCtlPeripheralReady  driverlib.lib(sysctl.o)
    0x00000fc0   0x0000000e   Code   RO         1746    i.SysTickEnable     driverlib.lib(systick.o)
    0x00000fce   0x00000002   PAD
    0x00000fd0   0x00000020   Code   RO          144    i.SysTickInit       exp5_7.o
    0x00000ff0   0x0000000e   Code   RO         1748    i.SysTickIntEnable  driverlib.lib(systick.o)
    0x00000ffe   0x0000000a   Code   RO         1752    i.SysTickPeriodSet  driverlib.lib(systick.o)
    0x00001008   0x0000043c   Code   RO          145    i.SysTick_Handler   exp5_7.o
    0x00001444   0x00000020   Code   RO          415    i.SystemInit        system_tm4c129.o
    0x00001464   0x00000044   Code   RO          146    i.TIMER1A_Handler   exp5_7.o
    0x000014a8   0x00000104   Code   RO            1    i.TM1638_DigiSegment  tm1638.o
    0x000015ac   0x00000024   Code   RO            2    i.TM1638_Init       tm1638.o
    0x000015d0   0x000000a0   Code   RO            3    i.TM1638_Readkeyboard  tm1638.o
    0x00001670   0x0000009c   Code   RO            4    i.TM1638_RefreshDIGIandLED  tm1638.o
    0x0000170c   0x00000054   Code   RO            5    i.TM1638_Serial_Input  tm1638.o
    0x00001760   0x00000054   Code   RO            6    i.TM1638_Serial_Output  tm1638.o
    0x000017b4   0x00000054   Code   RO          147    i.Timer0Init        exp5_7.o
    0x00001808   0x00000034   Code   RO          148    i.Timer1Init        exp5_7.o
    0x0000183c   0x00000060   Code   RO         1812    i.TimerConfigure    driverlib.lib(timer.o)
    0x0000189c   0x00000012   Code   RO         1813    i.TimerControlEvent  driverlib.lib(timer.o)
    0x000018ae   0x00000010   Code   RO         1820    i.TimerDisable      driverlib.lib(timer.o)
    0x000018be   0x0000000e   Code   RO         1821    i.TimerEnable       driverlib.lib(timer.o)
    0x000018cc   0x00000004   Code   RO         1822    i.TimerIntClear     driverlib.lib(timer.o)
    0x000018d0   0x00000008   Code   RO         1824    i.TimerIntEnable    driverlib.lib(timer.o)
    0x000018d8   0x00000012   Code   RO         1830    i.TimerLoadSet      driverlib.lib(timer.o)
    0x000018ea   0x0000000a   Code   RO         1844    i.TimerValueGet     driverlib.lib(timer.o)
    0x000018f4   0x00000034   Code   RO          149    i.UART6_Handler     exp5_7.o
    0x00001928   0x00000010   Code   RO         2057    i.UARTCharGetNonBlocking  driverlib.lib(uart.o)
    0x00001938   0x0000000c   Code   RO         2058    i.UARTCharPut       driverlib.lib(uart.o)
    0x00001944   0x0000000a   Code   RO         2060    i.UARTCharsAvail    driverlib.lib(uart.o)
    0x0000194e   0x0000006e   Code   RO         2064    i.UARTConfigSetExpClk  driverlib.lib(uart.o)
    0x000019bc   0x000000d8   Code   RO          150    i.UARTInit          exp5_7.o
    0x00001a94   0x00000004   Code   RO         2077    i.UARTIntClear      driverlib.lib(uart.o)
    0x00001a98   0x00000008   Code   RO         2079    i.UARTIntEnable     driverlib.lib(uart.o)
    0x00001aa0   0x0000000a   Code   RO         2081    i.UARTIntStatus     driverlib.lib(uart.o)
    0x00001aaa   0x00000002   PAD
    0x00001aac   0x00000038   Code   RO          151    i.UARTStringGet     exp5_7.o
    0x00001ae4   0x00000030   Code   RO          152    i.UARTStringPut     exp5_7.o
    0x00001b14   0x00000036   Code   RO          153    i.clear_screen      exp5_7.o
    0x00001b4a   0x00000002   PAD
    0x00001b4c   0x00000110   Code   RO          155    i.display_GB2312_string  exp5_7.o
    0x00001c5c   0x0000008c   Code   RO          160    i.get_and_write_16x16  exp5_7.o
    0x00001ce8   0x0000008c   Code   RO          162    i.get_and_write_8x16  exp5_7.o
    0x00001d74   0x00000044   Code   RO          163    i.get_data_from_ROM  exp5_7.o
    0x00001db8   0x0000008c   Code   RO          164    i.initial_lcd       exp5_7.o
    0x00001e44   0x00000026   Code   RO          165    i.lcd_address       exp5_7.o
    0x00001e6a   0x00000002   PAD
    0x00001e6c   0x00000520   Code   RO          166    i.main              exp5_7.o
    0x0000238c   0x00000074   Code   RO          167    i.mode0_0           exp5_7.o
    0x00002400   0x000000a8   Code   RO          168    i.mode1_0           exp5_7.o
    0x000024a8   0x000000a8   Code   RO          169    i.mode1_1           exp5_7.o
    0x00002550   0x000000a8   Code   RO          170    i.mode1_2           exp5_7.o
    0x000025f8   0x000000a8   Code   RO          171    i.mode1_3           exp5_7.o
    0x000026a0   0x000000a8   Code   RO          172    i.mode1_4           exp5_7.o
    0x00002748   0x0000002c   Code   RO          173    i.mode2_0           exp5_7.o
    0x00002774   0x00000078   Code   RO          174    i.passFreq          exp5_7.o
    0x000027ec   0x0000005c   Code   RO          175    i.send_command_to_ROM  exp5_7.o
    0x00002848   0x00000070   Code   RO          176    i.transfer_command_lcd  exp5_7.o
    0x000028b8   0x00000070   Code   RO          177    i.transfer_data_lcd  exp5_7.o
    0x00002928   0x0000000a   Code   RO         2446    x$fpl$fpinit        fz_wm.l(fpinit.o)
    0x00002932   0x00000002   PAD
    0x00002934   0x00000228   Data   RO          790    .constdata          driverlib.lib(gpio.o)
    0x00002b5c   0x0000010c   Data   RO         1065    .constdata          driverlib.lib(interrupt.o)
    0x00002c68   0x00000254   Data   RO         1453    .constdata          driverlib.lib(sysctl.o)
    0x00002ebc   0x00000032   Data   RO          179    .conststring        exp5_7.o
    0x00002eee   0x00000002   PAD
    0x00002ef0   0x00000020   Data   RO         2514    Region$$Table       anon$$obj.o


    Execution Region ER_RW (Base: 0x20000000, Size: 0x000004d8, Max: 0xffffffff, ABSOLUTE, COMPRESSED[0x0000024c])

    Base Addr    Size         Type   Attr      Idx    E Section Name        Object

    0x20000000   0x000004d4   Data   RW          180    .data               exp5_7.o
    0x200004d4   0x00000004   Data   RW          416    .data               system_tm4c129.o


    Execution Region ER_ZI (Base: 0x200004d8, Size: 0x00000940, Max: 0xffffffff, ABSOLUTE)

    Base Addr    Size         Type   Attr      Idx    E Section Name        Object

    0x200004d8   0x000006dc   Zero   RW          178    .bss                exp5_7.o
    0x20000bb4   0x00000060   Zero   RW         2388    .bss                c_w.l(libspace.o)
    0x20000c14   0x00000004   PAD
    0x20000c18   0x00000000   Zero   RW          405    HEAP                startup_tm4c129.o
    0x20000c18   0x00000200   Zero   RW          404    STACK               startup_tm4c129.o


==============================================================================

Image component sizes


      Code (inc. data)   RO Data    RW Data    ZI Data      Debug   Object Name

       132         20          0          0          0       1083   adc.o
      5718        812         50       1236       1756      27339   exp5_7.o
       156         34          0          0          0       1551   pwm.o
       300         22        512          0        512       6104   startup_tm4c129.o
        32         12          0          4          0        847   system_tm4c129.o
       780         78          0          0          0       8941   tm1638.o

    ----------------------------------------------------------------------
      7122        978        596       1240       2268      45865   Object Totals
         0          0         32          0          0          0   (incl. Generated)
         4          0          2          0          0          0   (incl. Padding)

    ----------------------------------------------------------------------

      Code (inc. data)   RO Data    RW Data    ZI Data      Debug   Library Member Name

        90          0          0          0          0          0   __dczerorl2.o
         8          0          0          0          0         68   __main.o
         0          0          0          0          0          0   __rtentry.o
        12          0          0          0          0          0   __rtentry2.o
         6          0          0          0          0          0   __rtentry4.o
        52          8          0          0          0          0   __scatter.o
        28          0          0          0          0          0   __scatter_zi.o
        18          0          0          0          0         80   exit.o
         6          0          0          0          0        152   heapauxi.o
         0          0          0          0          0          0   indicate_semi.o
         2          0          0          0          0          0   libinit.o
         6          0          0          0          0          0   libinit2.o
         2          0          0          0          0          0   libshutdown.o
         2          0          0          0          0          0   libshutdown2.o
         8          4          0          0         96         68   libspace.o
         2          0          0          0          0          0   rtexit.o
        10          0          0          0          0          0   rtexit2.o
        12          4          0          0          0         68   sys_exit.o
        74          0          0          0          0         80   sys_stackheap_outer.o
         2          0          0          0          0         68   use_no_semi.o
       388          0          0          0          0       8194   adc.o
        38          0          0          0          0        572   cpu.o
       600          8        552          0          0       7278   gpio.o
       154         12        268          0          0       2571   interrupt.o
       142          0          0          0          0       3649   pwm.o
       830         48        596          0          0       4870   sysctl.o
        38          0          0          0          0       1410   systick.o
       184          8          0          0          0       4110   timer.o
       170          0          0          0          0       4586   uart.o
        10          0          0          0          0        116   fpinit.o

    ----------------------------------------------------------------------
      2914         92       1416          0        100      37940   Library Totals
        20          0          0          0          4          0   (incl. Padding)

    ----------------------------------------------------------------------

      Code (inc. data)   RO Data    RW Data    ZI Data      Debug   Library Name

       340         16          0          0         96        584   c_w.l
      2544         76       1416          0          0      37240   driverlib.lib
        10          0          0          0          0        116   fz_wm.l

    ----------------------------------------------------------------------
      2914         92       1416          0        100      37940   Library Totals

    ----------------------------------------------------------------------

==============================================================================


      Code (inc. data)   RO Data    RW Data    ZI Data      Debug   

     10036       1070       2012       1240       2368      74649   Grand Totals
     10036       1070       2012        588       2368      74649   ELF Image Totals (compressed)
     10036       1070       2012        588          0          0   ROM Totals

==============================================================================

    Total RO  Size (Code + RO Data)                12048 (  11.77kB)
    Total RW  Size (RW Data + ZI Data)              3608 (   3.52kB)
    Total ROM Size (Code + RO Data + RW Data)      12636 (  12.34kB)

==============================================================================

