<html>
<body>
<pre>
<h1>µVision Build Log</h1>
<h2>Tool Versions:</h2>
IDE-Version: µVision V5.22.0.0
Copyright (C) 2016 ARM Ltd and ARM Germany GmbH. All rights reserved.
License Information: ThinkPad Trigger, SJTU, LIC=----
 
Tool Versions:
Toolchain:       MDK-Lite  Version: 5.22
Toolchain Path:  D:\myTools\Keil5\ARM\ARMCC\Bin
C Compiler:      Armcc.exe V5.06 update 4 (build 422)
Assembler:       Armasm.exe V5.06 update 4 (build 422)
Linker/Locator:  ArmLink.exe V5.06 update 4 (build 422)
Library Manager: ArmAr.exe V5.06 update 4 (build 422)
Hex Converter:   FromElf.exe V5.06 update 4 (build 422)
CPU DLL:         SARMCM3.DLL V5.22
Dialog DLL:      DCM.DLL V1.13.9.0
Target DLL:      lmidk-agdi.dll V???
Dialog DLL:      TCM.DLL V1.21.0.0
 
<h2>Project:</h2>
C:\Users\ThinkPad\Documents\WeChat Files\wxid_o02g8fwccrjd12\FileStorage\File\2024-05\exp5\Lab 5-6\exp5_6.uvprojx
Project File Date:  05/28/2023

<h2>Output:</h2>
*** Using Compiler 'V5.06 update 4 (build 422)', folder: 'D:\myTools\Keil5\ARM\ARMCC\Bin'
Build target 'Target 1'
compiling exp5_6.c...
exp5_6.c(833): warning:  #223-D: function "PWMStart2" declared implicitly
  	    PWMStart2(freq_square);
exp5_6.c(1129): warning:  #223-D: function "PWMStop1" declared implicitly
  		PWMStop1();
exp5_6.c(1145): warning:  #1-D: last line of file ends without a newline
  }
exp5_6.c: 3 warnings, 0 errors
linking...
Program Size: Code=15624 RO-data=1692 RW-data=1460 ZI-data=612  
FromELF: creating hex file...
".\Objects\exp5_6.axf" - 0 Error(s), 3 Warning(s).

<h2>Software Packages used:</h2>

Package Vendor: Keil
                http://www.keil.com/pack/Keil.TM4C_DFP.1.1.0.pack
                Keil::Device:Startup:1.0.0
                Texas Instruments Tiva C Series Device Support and Examples
   * Component: Startup Version: 1.0.0

<h2>Collection of Component include folders:</h2>
  C:\Users\ThinkPad\Documents\WeChat Files\wxid_o02g8fwccrjd12\FileStorage\File\2024-05\exp5\Lab 5-6\RTE\_Target_1
  D:\myTools\Keil5\ARM\PACK\Keil\TM4C_DFP\1.1.0\Device\Include\TM4C129

<h2>Collection of Component Files used:</h2>

   * Component: Keil::Device:Startup:1.0.0
      Include file:  Device\Include\TM4C129\TM4C129.h
      Source file:   Device\Source\system_TM4C129.c
      Source file:   Device\Source\ARM\startup_TM4C129.s
Build Time Elapsed:  00:00:01
</pre>
</body>
</html>
