Component: ARM Compiler 5.06 update 4 (build 422) Tool: armlink [4d35d2]

==============================================================================

Section Cross References

    exp5_6.o(i.DevicesInit) refers to sysctl.o(i.SysCtlClockFreqSet) for SysCtlClockFreqSet
    exp5_6.o(i.DevicesInit) refers to fpu.o(i.FPULazyStackingEnable) for FPULazyStackingEnable
    exp5_6.o(i.DevicesInit) refers to fpu.o(i.FPUEnable) for FPUEnable
    exp5_6.o(i.DevicesInit) refers to exp5_6.o(i.GPIOInit) for GPIOInit
    exp5_6.o(i.DevicesInit) refers to lm75bd.o(i.I2C0Init) for I2C0Init
    exp5_6.o(i.DevicesInit) refers to exp5_6.o(i.SysTickInit) for SysTickInit
    exp5_6.o(i.DevicesInit) refers to exp5_6.o(i.UARTInit) for UARTInit
    exp5_6.o(i.DevicesInit) refers to interrupt.o(i.IntMasterEnable) for IntMasterEnable
    exp5_6.o(i.DevicesInit) refers to adc.o(i.ADCInit) for ADCInit
    exp5_6.o(i.DevicesInit) refers to pwm.o(i.PWMInit) for PWMInit
    exp5_6.o(i.DevicesInit) refers to exp5_6.o(.data) for ui32SysClock
    exp5_6.o(i.GPIOInit) refers to sysctl.o(i.SysCtlPeripheralEnable) for SysCtlPeripheralEnable
    exp5_6.o(i.GPIOInit) refers to sysctl.o(i.SysCtlPeripheralReady) for SysCtlPeripheralReady
    exp5_6.o(i.GPIOInit) refers to gpio.o(i.GPIOPinTypeGPIOOutput) for GPIOPinTypeGPIOOutput
    exp5_6.o(i.LCD_PORT_init) refers to sysctl.o(i.SysCtlPeripheralEnable) for SysCtlPeripheralEnable
    exp5_6.o(i.LCD_PORT_init) refers to sysctl.o(i.SysCtlPeripheralReady) for SysCtlPeripheralReady
    exp5_6.o(i.LCD_PORT_init) refers to gpio.o(i.GPIOPinTypeGPIOOutput) for GPIOPinTypeGPIOOutput
    exp5_6.o(i.LCD_PORT_init) refers to gpio.o(i.GPIOPinTypeGPIOInput) for GPIOPinTypeGPIOInput
    exp5_6.o(i.LCD_delay) refers to gpio.o(i.GPIOPinWrite) for GPIOPinWrite
    exp5_6.o(i.LCD_delay_us) refers to gpio.o(i.GPIOPinWrite) for GPIOPinWrite
    exp5_6.o(i.SysTickInit) refers to systick.o(i.SysTickPeriodSet) for SysTickPeriodSet
    exp5_6.o(i.SysTickInit) refers to systick.o(i.SysTickEnable) for SysTickEnable
    exp5_6.o(i.SysTickInit) refers to systick.o(i.SysTickIntEnable) for SysTickIntEnable
    exp5_6.o(i.SysTickInit) refers to exp5_6.o(.data) for ui32SysClock
    exp5_6.o(i.SysTick_Handler) refers to tm1638.o(i.TM1638_RefreshDIGIandLED) for TM1638_RefreshDIGIandLED
    exp5_6.o(i.SysTick_Handler) refers to tm1638.o(i.TM1638_Readkeyboard) for TM1638_Readkeyboard
    exp5_6.o(i.SysTick_Handler) refers to exp5_6.o(i.play) for play
    exp5_6.o(i.SysTick_Handler) refers to pwm.o(i.PWMStop1) for PWMStop1
    exp5_6.o(i.SysTick_Handler) refers to exp5_6.o(.data) for clock1s
    exp5_6.o(i.UARTInit) refers to sysctl.o(i.SysCtlPeripheralEnable) for SysCtlPeripheralEnable
    exp5_6.o(i.UARTInit) refers to sysctl.o(i.SysCtlPeripheralReady) for SysCtlPeripheralReady
    exp5_6.o(i.UARTInit) refers to gpio.o(i.GPIOPinConfigure) for GPIOPinConfigure
    exp5_6.o(i.UARTInit) refers to gpio.o(i.GPIOPinTypeUART) for GPIOPinTypeUART
    exp5_6.o(i.UARTInit) refers to uart.o(i.UARTConfigSetExpClk) for UARTConfigSetExpClk
    exp5_6.o(i.UARTInit) refers to exp5_6.o(.data) for ui32SysClock
    exp5_6.o(i.UARTStringPut) refers to uart.o(i.UARTCharPut) for UARTCharPut
    exp5_6.o(i.UARTStringPut) refers to exp5_6.o(i.DelayMilliSec) for DelayMilliSec
    exp5_6.o(i.clear_screen) refers to exp5_6.o(i.transfer_command_lcd) for transfer_command_lcd
    exp5_6.o(i.clear_screen) refers to exp5_6.o(i.transfer_data_lcd) for transfer_data_lcd
    exp5_6.o(i.disp_number) refers to exp5_6.o(i.display_GB2312_string) for display_GB2312_string
    exp5_6.o(i.display_128x64) refers to exp5_6.o(i.lcd_address) for lcd_address
    exp5_6.o(i.display_128x64) refers to exp5_6.o(i.transfer_data_lcd) for transfer_data_lcd
    exp5_6.o(i.display_GB2312_string) refers to exp5_6.o(i.get_and_write_16x16) for get_and_write_16x16
    exp5_6.o(i.display_GB2312_string) refers to exp5_6.o(i.get_and_write_8x16) for get_and_write_8x16
    exp5_6.o(i.display_GB2312_string) refers to exp5_6.o(.data) for fontaddr
    exp5_6.o(i.display_graphic_16x16) refers to exp5_6.o(i.lcd_address) for lcd_address
    exp5_6.o(i.display_graphic_16x16) refers to exp5_6.o(i.transfer_data_lcd) for transfer_data_lcd
    exp5_6.o(i.display_graphic_5x8) refers to exp5_6.o(i.lcd_address) for lcd_address
    exp5_6.o(i.display_graphic_5x8) refers to exp5_6.o(i.transfer_data_lcd) for transfer_data_lcd
    exp5_6.o(i.display_graphic_8x16) refers to exp5_6.o(i.lcd_address) for lcd_address
    exp5_6.o(i.display_graphic_8x16) refers to exp5_6.o(i.transfer_data_lcd) for transfer_data_lcd
    exp5_6.o(i.display_string_5x8) refers to exp5_6.o(i.get_and_write_5x8) for get_and_write_5x8
    exp5_6.o(i.display_string_5x8) refers to exp5_6.o(.data) for fontaddr
    exp5_6.o(i.get_and_write_16x16) refers to gpio.o(i.GPIOPinWrite) for GPIOPinWrite
    exp5_6.o(i.get_and_write_16x16) refers to exp5_6.o(i.send_command_to_ROM) for send_command_to_ROM
[...]
    Removing sysctl.o(i.SysCtlGPIOAHBDisable), (28 bytes).
    Removing sysctl.o(i.SysCtlGPIOAHBEnable), (24 bytes).
    Removing sysctl.o(i.SysCtlIntClear), (12 bytes).
    Removing sysctl.o(i.SysCtlIntDisable), (16 bytes).
    Removing sysctl.o(i.SysCtlIntEnable), (16 bytes).
    Removing sysctl.o(i.SysCtlIntRegister), (20 bytes).
    Removing sysctl.o(i.SysCtlIntStatus), (16 bytes).
    Removing sysctl.o(i.SysCtlIntUnregister), (18 bytes).
    Removing sysctl.o(i.SysCtlLDODeepSleepGet), (12 bytes).
    Removing sysctl.o(i.SysCtlLDODeepSleepSet), (12 bytes).
    Removing sysctl.o(i.SysCtlLDOSleepGet), (12 bytes).
    Removing sysctl.o(i.SysCtlLDOSleepSet), (12 bytes).
    Removing sysctl.o(i.SysCtlMOSCConfigSet), (12 bytes).
    Removing sysctl.o(i.SysCtlNMIClear), (16 bytes).
    Removing sysctl.o(i.SysCtlNMIStatus), (12 bytes).
    Removing sysctl.o(i.SysCtlPIOSCCalibrate), (76 bytes).
    Removing sysctl.o(i.SysCtlPWMClockGet), (24 bytes).
    Removing sysctl.o(i.SysCtlPWMClockSet), (20 bytes).
    Removing sysctl.o(i.SysCtlPeripheralClockGating), (68 bytes).
    Removing sysctl.o(i.SysCtlPeripheralDeepSleepDisable), (40 bytes).
    Removing sysctl.o(i.SysCtlPeripheralDeepSleepEnable), (40 bytes).
    Removing sysctl.o(i.SysCtlPeripheralDisable), (40 bytes).
    Removing sysctl.o(i.SysCtlPeripheralPowerOff), (40 bytes).
    Removing sysctl.o(i.SysCtlPeripheralPowerOn), (40 bytes).
    Removing sysctl.o(i.SysCtlPeripheralPresent), (44 bytes).
    Removing sysctl.o(i.SysCtlPeripheralReset), (60 bytes).
    Removing sysctl.o(i.SysCtlPeripheralSleepDisable), (40 bytes).
    Removing sysctl.o(i.SysCtlPeripheralSleepEnable), (40 bytes).
    Removing sysctl.o(i.SysCtlReset), (16 bytes).
    Removing sysctl.o(i.SysCtlResetBehaviorGet), (12 bytes).
    Removing sysctl.o(i.SysCtlResetBehaviorSet), (12 bytes).
    Removing sysctl.o(i.SysCtlResetCauseClear), (16 bytes).
    Removing sysctl.o(i.SysCtlResetCauseGet), (12 bytes).
    Removing sysctl.o(i.SysCtlSRAMSizeGet), (16 bytes).
    Removing sysctl.o(i.SysCtlSleep), (4 bytes).
    Removing sysctl.o(i.SysCtlSleepPowerSet), (12 bytes).
    Removing sysctl.o(i.SysCtlUSBPLLDisable), (16 bytes).
    Removing sysctl.o(i.SysCtlUSBPLLEnable), (16 bytes).
    Removing sysctl.o(i.SysCtlVCOGet), (120 bytes).
    Removing sysctl.o(i.SysCtlVoltageEventClear), (16 bytes).
    Removing sysctl.o(i.SysCtlVoltageEventConfig), (12 bytes).
    Removing sysctl.o(i.SysCtlVoltageEventStatus), (12 bytes).
    Removing systick.o(i.SysTickDisable), (14 bytes).
    Removing systick.o(i.SysTickIntDisable), (14 bytes).
    Removing systick.o(i.SysTickIntRegister), (24 bytes).
    Removing systick.o(i.SysTickIntUnregister), (18 bytes).
    Removing systick.o(i.SysTickPeriodGet), (10 bytes).
    Removing systick.o(i.SysTickValueGet), (8 bytes).
    Removing uart.o(i.UART9BitAddrSend), (38 bytes).
    Removing uart.o(i.UART9BitAddrSet), (10 bytes).
    Removing uart.o(i.UART9BitDisable), (14 bytes).
    Removing uart.o(i.UART9BitEnable), (14 bytes).
    Removing uart.o(i.UARTBreakCtl), (18 bytes).
    Removing uart.o(i.UARTBusy), (8 bytes).
    Removing uart.o(i.UARTCharGet), (12 bytes).
    Removing uart.o(i.UARTCharGetNonBlocking), (16 bytes).
    Removing uart.o(i.UARTCharPutNonBlocking), (16 bytes).
    Removing uart.o(i.UARTCharsAvail), (10 bytes).
    Removing uart.o(i.UARTClockSourceGet), (6 bytes).
    Removing uart.o(i.UARTClockSourceSet), (6 bytes).
    Removing uart.o(i.UARTConfigGetExpClk), (46 bytes).
    Removing uart.o(i.UARTDMADisable), (10 bytes).
    Removing uart.o(i.UARTDMAEnable), (8 bytes).
    Removing uart.o(i.UARTDisable), (30 bytes).
    Removing uart.o(i.UARTDisableSIR), (10 bytes).
    Removing uart.o(i.UARTEnable), (20 bytes).
    Removing uart.o(i.UARTEnableSIR), (18 bytes).
    Removing uart.o(i.UARTFIFODisable), (10 bytes).
    Removing uart.o(i.UARTFIFOEnable), (10 bytes).
    Removing uart.o(i.UARTFIFOLevelGet), (16 bytes).
    Removing uart.o(i.UARTFIFOLevelSet), (6 bytes).
    Removing uart.o(i.UARTFlowControlGet), (8 bytes).
    Removing uart.o(i.UARTFlowControlSet), (12 bytes).
    Removing uart.o(i.UARTIntClear), (4 bytes).
    Removing uart.o(i.UARTIntDisable), (10 bytes).
    Removing uart.o(i.UARTIntEnable), (8 bytes).
    Removing uart.o(i.UARTIntRegister), (88 bytes).
    Removing uart.o(i.UARTIntStatus), (10 bytes).
    Removing uart.o(i.UARTIntUnregister), (88 bytes).
    Removing uart.o(i.UARTLoopbackEnable), (10 bytes).
    Removing uart.o(i.UARTModemControlClear), (14 bytes).
    Removing uart.o(i.UARTModemControlGet), (8 bytes).
    Removing uart.o(i.UARTModemControlSet), (12 bytes).
    Removing uart.o(i.UARTModemStatusGet), (10 bytes).
    Removing uart.o(i.UARTParityModeGet), (8 bytes).
    Removing uart.o(i.UARTParityModeSet), (12 bytes).
    Removing uart.o(i.UARTRxErrorClear), (6 bytes).
    Removing uart.o(i.UARTRxErrorGet), (8 bytes).
    Removing uart.o(i.UARTSmartCardDisable), (10 bytes).
    Removing uart.o(i.UARTSmartCardEnable), (22 bytes).
    Removing uart.o(i.UARTSpaceAvail), (10 bytes).
    Removing uart.o(i.UARTTxIntModeGet), (8 bytes).
    Removing uart.o(i.UARTTxIntModeSet), (12 bytes).
    Removing uart.o(.constdata), (128 bytes).

288 unused section(s) (total 9054 bytes) removed from the image.

==============================================================================

Image Symbol Table

    Local Symbols

    Symbol Name                              Value     Ov Type        Size  Object(Section)

    RESET                                    0x00000000   Section      512  startup_tm4c129.o(RESET)
    ../clib/angel/boardlib.s                 0x00000000   Number         0  boardshut.o ABSOLUTE
    ../clib/angel/boardlib.s                 0x00000000   Number         0  boardinit1.o ABSOLUTE
    ../clib/angel/boardlib.s                 0x00000000   Number         0  boardinit2.o ABSOLUTE
    ../clib/angel/boardlib.s                 0x00000000   Number         0  boardinit3.o ABSOLUTE
    ../clib/angel/dczerorl2.s                0x00000000   Number         0  __dczerorl2.o ABSOLUTE
    ../clib/angel/handlers.s                 0x00000000   Number         0  __scatter_zi.o ABSOLUTE
    ../clib/angel/kernel.s                   0x00000000   Number         0  __rtentry4.o ABSOLUTE
    ../clib/angel/kernel.s                   0x00000000   Number         0  __rtentry.o ABSOLUTE
    ../clib/angel/kernel.s                   0x00000000   Number         0  __rtentry2.o ABSOLUTE
    ../clib/angel/kernel.s                   0x00000000   Number         0  rtexit.o ABSOLUTE
    ../clib/angel/kernel.s                   0x00000000   Number         0  rtexit2.o ABSOLUTE
    ../clib/angel/rt.s                       0x00000000   Number         0  rt_raise.o ABSOLUTE
    ../clib/angel/scatter.s                  0x00000000   Number         0  __scatter.o ABSOLUTE
    ../clib/angel/startup.s                  0x00000000   Number         0  __main.o ABSOLUTE
    ../clib/angel/sys.s                      0x00000000   Number         0  sys_stackheap_outer.o ABSOLUTE
    ../clib/angel/sys.s                      0x00000000   Number         0  use_no_semi.o ABSOLUTE
    ../clib/angel/sys.s                      0x00000000   Number         0  libspace.o ABSOLUTE
    ../clib/angel/sys.s                      0x00000000   Number         0  indicate_semi.o ABSOLUTE
    ../clib/angel/sysapp.c                   0x00000000   Number         0  sys_exit.o ABSOLUTE
    ../clib/angel/sysapp.c                   0x00000000   Number         0  sys_command.o ABSOLUTE
    ../clib/angel/sysapp.c                   0x00000000   Number         0  sys_wrch.o ABSOLUTE
    ../clib/armsys.c                         0x00000000   Number         0  argv_veneer.o ABSOLUTE
    ../clib/armsys.c                         0x00000000   Number         0  argv_veneer.o ABSOLUTE
    ../clib/armsys.c                         0x00000000   Number         0  _get_argv_nomalloc.o ABSOLUTE
    ../clib/armsys.c                         0x00000000   Number         0  no_argv.o ABSOLUTE
    ../clib/heapalloc.c                      0x00000000   Number         0  hrguard.o ABSOLUTE
    ../clib/heapaux.c                        0x00000000   Number         0  heapauxi.o ABSOLUTE
    ../clib/libinit.s                        0x00000000   Number         0  libshutdown.o ABSOLUTE
    ../clib/libinit.s                        0x00000000   Number         0  libshutdown2.o ABSOLUTE
    ../clib/libinit.s                        0x00000000   Number         0  libinit.o ABSOLUTE
    ../clib/libinit.s                        0x00000000   Number         0  libinit2.o ABSOLUTE
    ../clib/signal.c                         0x00000000   Number         0  defsig_rtmem_inner.o ABSOLUTE
    ../clib/signal.c                         0x00000000   Number         0  defsig_exit.o ABSOLUTE
    ../clib/signal.c                         0x00000000   Number         0  defsig_rtred_inner.o ABSOLUTE
    ../clib/signal.c                         0x00000000   Number         0  defsig_rtmem_formal.o ABSOLUTE
    ../clib/signal.c                         0x00000000   Number         0  defsig_rtmem_outer.o ABSOLUTE
    ../clib/signal.c                         0x00000000   Number         0  defsig_other.o ABSOLUTE
    ../clib/signal.c                         0x00000000   Number         0  defsig_segv_inner.o ABSOLUTE
    ../clib/signal.c                         0x00000000   Number         0  defsig_cppl_inner.o ABSOLUTE
    ../clib/signal.c                         0x00000000   Number         0  defsig_pvfn_inner.o ABSOLUTE
    ../clib/signal.c                         0x00000000   Number         0  defsig_stak_inner.o ABSOLUTE
    ../clib/signal.c                         0x00000000   Number         0  defsig_fpe_inner.o ABSOLUTE
    ../clib/signal.c                         0x00000000   Number         0  defsig_abrt_inner.o ABSOLUTE
    ../clib/signal.c                         0x00000000   Number         0  defsig_general.o ABSOLUTE
    ../clib/signal.c                         0x00000000   Number         0  __raise.o ABSOLUTE
    ../clib/signal.s                         0x00000000   Number         0  defsig.o ABSOLUTE
    ../clib/stdlib.c                         0x00000000   Number         0  exit.o ABSOLUTE
    ../fplib/d2f.s                           0x00000000   Number         0  d2f.o ABSOLUTE
    ../fplib/daddsub.s                       0x00000000   Number         0  daddsub_clz.o ABSOLUTE
    ../fplib/dfixu.s                         0x00000000   Number         0  dfixu.o ABSOLUTE
    ../fplib/dflt.s                          0x00000000   Number         0  dflt_clz.o ABSOLUTE
    ../fplib/dmul.s                          0x00000000   Number         0  dmul.o ABSOLUTE
    ../fplib/dnaninf.s                       0x00000000   Number         0  dnaninf.o ABSOLUTE
    ../fplib/dretinf.s                       0x00000000   Number         0  dretinf.o ABSOLUTE
    ../fplib/fpinit.s                        0x00000000   Number         0  fpinit.o ABSOLUTE
    ../fplib/fretinf.s                       0x00000000   Number         0  fretinf.o ABSOLUTE
    ../fplib/usenofp.s                       0x00000000   Number         0  usenofp.o ABSOLUTE
    ADC.c                                    0x00000000   Number         0  adc.o ABSOLUTE
    LM75BD.c                                 0x00000000   Number         0  lm75bd.o ABSOLUTE
    PWM.c                                    0x00000000   Number         0  pwm.o ABSOLUTE
    RTE\Device\TM4C1292NCPDT\startup_TM4C129.s 0x00000000   Number         0  startup_tm4c129.o ABSOLUTE
    RTE\Device\TM4C1292NCPDT\system_TM4C129.c 0x00000000   Number         0  system_tm4c129.o ABSOLUTE
    RTE\\Device\\TM4C1292NCPDT\\system_TM4C129.c 0x00000000   Number         0  system_tm4c129.o ABSOLUTE
    adc.c                                    0x00000000   Number         0  adc.o ABSOLUTE
    cpu.c                                    0x00000000   Number         0  cpu.o ABSOLUTE
    cpu.c                                    0x00000000   Number         0  cpu.o ABSOLUTE
    dc.s                                     0x00000000   Number         0  dc.o ABSOLUTE
    exp5_6.c                                 0x00000000   Number         0  exp5_6.o ABSOLUTE
    fpu.c                                    0x00000000   Number         0  fpu.o ABSOLUTE
    gpio.c                                   0x00000000   Number         0  gpio.o ABSOLUTE
    i2c.c                                    0x00000000   Number         0  i2c.o ABSOLUTE
    interrupt.c                              0x00000000   Number         0  interrupt.o ABSOLUTE
    pwm.c                                    0x00000000   Number         0  pwm.o ABSOLUTE
    sysctl.c                                 0x00000000   Number         0  sysctl.o ABSOLUTE
    sysctl.c                                 0x00000000   Number         0  sysctl.o ABSOLUTE
    systick.c                                0x00000000   Number         0  systick.o ABSOLUTE
    tm1638.c                                 0x00000000   Number         0  tm1638.o ABSOLUTE
    uart.c                                   0x00000000   Number         0  uart.o ABSOLUTE
    !!!main                                  0x00000200   Section        8  __main.o(!!!main)
    !!!scatter                               0x00000208   Section       52  __scatter.o(!!!scatter)
    !!dczerorl2                              0x0000023c   Section       90  __dczerorl2.o(!!dczerorl2)
    !!handler_zi                             0x00000298   Section       28  __scatter_zi.o(!!handler_zi)
    .ARM.Collect$$libinit$$00000000          0x000002b4   Section        2  libinit.o(.ARM.Collect$$libinit$$00000000)
    .ARM.Collect$$libinit$$00000001          0x000002b6   Section        4  libinit2.o(.ARM.Collect$$libinit$$00000001)
    .ARM.Collect$$libinit$$00000004          0x000002ba   Section        0  libinit2.o(.ARM.Collect$$libinit$$00000004)
    .ARM.Collect$$libinit$$0000000A          0x000002ba   Section        0  libinit2.o(.ARM.Collect$$libinit$$0000000A)
    .ARM.Collect$$libinit$$0000000C          0x000002ba   Section        0  libinit2.o(.ARM.Collect$$libinit$$0000000C)
    .ARM.Collect$$libinit$$0000000E          0x000002ba   Section        0  libinit2.o(.ARM.Collect$$libinit$$0000000E)
    .ARM.Collect$$libinit$$00000011          0x000002ba   Section        0  libinit2.o(.ARM.Collect$$libinit$$00000011)
    .ARM.Collect$$libinit$$00000013          0x000002ba   Section        0  libinit2.o(.ARM.Collect$$libinit$$00000013)
    .ARM.Collect$$libinit$$00000015          0x000002ba   Section        0  libinit2.o(.ARM.Collect$$libinit$$00000015)
    .ARM.Collect$$libinit$$00000017          0x000002ba   Section        0  libinit2.o(.ARM.Collect$$libinit$$00000017)
    .ARM.Collect$$libinit$$00000019          0x000002ba   Section        0  libinit2.o(.ARM.Collect$$libinit$$00000019)
    .ARM.Collect$$libinit$$0000001B          0x000002ba   Section        0  libinit2.o(.ARM.Collect$$libinit$$0000001B)
    .ARM.Collect$$libinit$$0000001D          0x000002ba   Section        0  libinit2.o(.ARM.Collect$$libinit$$0000001D)
    .ARM.Collect$$libinit$$0000001F          0x000002ba   Section        0  libinit2.o(.ARM.Collect$$libinit$$0000001F)
    .ARM.Collect$$libinit$$00000021          0x000002ba   Section        0  libinit2.o(.ARM.Collect$$libinit$$00000021)
    .ARM.Collect$$libinit$$00000023          0x000002ba   Section        0  libinit2.o(.ARM.Collect$$libinit$$00000023)
    .ARM.Collect$$libinit$$00000025          0x000002ba   Section        0  libinit2.o(.ARM.Collect$$libinit$$00000025)
    .ARM.Collect$$libinit$$0000002C          0x000002ba   Section        0  libinit2.o(.ARM.Collect$$libinit$$0000002C)
    .ARM.Collect$$libinit$$0000002E          0x000002ba   Section        0  libinit2.o(.ARM.Collect$$libinit$$0000002E)
    .ARM.Collect$$libinit$$00000030          0x000002ba   Section        0  libinit2.o(.ARM.Collect$$libinit$$00000030)
    .ARM.Collect$$libinit$$00000032          0x000002ba   Section        0  libinit2.o(.ARM.Collect$$libinit$$00000032)
    .ARM.Collect$$libinit$$00000033          0x000002ba   Section        2  libinit2.o(.ARM.Collect$$libinit$$00000033)
    .ARM.Collect$$libshutdown$$00000000      0x000002bc   Section        2  libshutdown.o(.ARM.Collect$$libshutdown$$00000000)
    .ARM.Collect$$libshutdown$$00000002      0x000002be   Section        0  libshutdown2.o(.ARM.Collect$$libshutdown$$00000002)
    .ARM.Collect$$libshutdown$$00000004      0x000002be   Section        0  libshutdown2.o(.ARM.Collect$$libshutdown$$00000004)
    .ARM.Collect$$libshutdown$$00000007      0x000002be   Section        0  libshutdown2.o(.ARM.Collect$$libshutdown$$00000007)
    .ARM.Collect$$libshutdown$$0000000A      0x000002be   Section        0  libshutdown2.o(.ARM.Collect$$libshutdown$$0000000A)
    .ARM.Collect$$libshutdown$$0000000C      0x000002be   Section        0  libshutdown2.o(.ARM.Collect$$libshutdown$$0000000C)
    .ARM.Collect$$libshutdown$$0000000F      0x000002be   Section        0  libshutdown2.o(.ARM.Collect$$libshutdown$$0000000F)
    .ARM.Collect$$libshutdown$$00000010      0x000002be   Section        2  libshutdown2.o(.ARM.Collect$$libshutdown$$00000010)
    .ARM.Collect$$rtentry$$00000000          0x000002c0   Section        0  __rtentry.o(.ARM.Collect$$rtentry$$00000000)
    .ARM.Collect$$rtentry$$00000002          0x000002c0   Section        0  __rtentry2.o(.ARM.Collect$$rtentry$$00000002)
    .ARM.Collect$$rtentry$$00000004          0x000002c0   Section        6  __rtentry4.o(.ARM.Collect$$rtentry$$00000004)
    .ARM.Collect$$rtentry$$00000009          0x000002c6   Section        0  __rtentry2.o(.ARM.Collect$$rtentry$$00000009)
    .ARM.Collect$$rtentry$$0000000A          0x000002c6   Section        4  __rtentry2.o(.ARM.Collect$$rtentry$$0000000A)
    .ARM.Collect$$rtentry$$0000000C          0x000002ca   Section        0  __rtentry2.o(.ARM.Collect$$rtentry$$0000000C)
    .ARM.Collect$$rtentry$$0000000D          0x000002ca   Section        8  __rtentry2.o(.ARM.Collect$$rtentry$$0000000D)
    .ARM.Collect$$rtexit$$00000000           0x000002d2   Section        2  rtexit.o(.ARM.Collect$$rtexit$$00000000)
    .ARM.Collect$$rtexit$$00000002           0x000002d4   Section        0  rtexit2.o(.ARM.Collect$$rtexit$$00000002)
    .ARM.Collect$$rtexit$$00000003           0x000002d4   Section        4  rtexit2.o(.ARM.Collect$$rtexit$$00000003)
    .ARM.Collect$$rtexit$$00000004           0x000002d8   Section        6  rtexit2.o(.ARM.Collect$$rtexit$$00000004)
    .emb_text                                0x000002e0   Section        6  sysctl.o(.emb_text)
    $v0                                      0x000002e0   Number         0  sysctl.o(.emb_text)
    .emb_text                                0x000002e8   Section       38  cpu.o(.emb_text)
    $v0                                      0x000002e8   Number         0  cpu.o(.emb_text)
    .text                                    0x00000310   Section      300  startup_tm4c129.o(.text)
    $v0                                      0x00000310   Number         0  startup_tm4c129.o(.text)
    .text                                    0x0000043c   Section        0  heapauxi.o(.text)
    .text                                    0x00000442   Section       74  sys_stackheap_outer.o(.text)
    .text                                    0x0000048c   Section        0  exit.o(.text)
    .text                                    0x000004a0   Section        8  libspace.o(.text)
    .text                                    0x000004a8   Section        0  sys_exit.o(.text)
    .text                                    0x000004b4   Section        2  use_no_semi.o(.text)
    .text                                    0x000004b6   Section        0  indicate_semi.o(.text)
    i.ADCInit                                0x000004b8   Section        0  adc.o(i.ADCInit)
    i.ADCIntClear                            0x00000508   Section        0  adc.o(i.ADCIntClear)
    i.ADCIntStatus                           0x00000512   Section        0  adc.o(i.ADCIntStatus)
    i.ADCProcessorTrigger                    0x00000546   Section        0  adc.o(i.ADCProcessorTrigger)
    i.ADCSequenceConfigure                   0x00000560   Section        0  adc.o(i.ADCSequenceConfigure)
    i.ADCSequenceDataGet                     0x000005c0   Section        0  adc.o(i.ADCSequenceDataGet)
    i.ADCSequenceEnable                      0x000005e4   Section        0  adc.o(i.ADCSequenceEnable)
    i.ADCSequenceStepConfigure               0x000005f2   Section        0  adc.o(i.ADCSequenceStepConfigure)
    i.ADC_Sample                             0x0000068c   Section        0  adc.o(i.ADC_Sample)
    i.Delay                                  0x000006c0   Section        0  lm75bd.o(i.Delay)
    i.DelayMilliSec                          0x000006cc   Section        0  exp5_6.o(i.DelayMilliSec)
    i.DevicesInit                            0x000006e0   Section        0  exp5_6.o(i.DevicesInit)
    i.FPUEnable                              0x0000072c   Section        0  fpu.o(i.FPUEnable)
    i.FPULazyStackingEnable                  0x0000073c   Section        0  fpu.o(i.FPULazyStackingEnable)
    i.GPIODirModeSet                         0x0000074c   Section        0  gpio.o(i.GPIODirModeSet)
    i.GPIOInit                               0x00000774   Section        0  exp5_6.o(i.GPIOInit)
    i.GPIOPadConfigSet                       0x000007e0   Section        0  gpio.o(i.GPIOPadConfigSet)
    i.GPIOPinConfigure                       0x00000918   Section        0  gpio.o(i.GPIOPinConfigure)
    i.GPIOPinRead                            0x0000095c   Section        0  gpio.o(i.GPIOPinRead)
    i.GPIOPinTypeADC                         0x00000962   Section        0  gpio.o(i.GPIOPinTypeADC)
    i.GPIOPinTypeGPIOInput                   0x0000097e   Section        0  gpio.o(i.GPIOPinTypeGPIOInput)
    i.GPIOPinTypeGPIOOutput                  0x0000099a   Section        0  gpio.o(i.GPIOPinTypeGPIOOutput)
    i.GPIOPinTypeI2C                         0x000009b6   Section        0  gpio.o(i.GPIOPinTypeI2C)
    i.GPIOPinTypeI2CSCL                      0x000009d2   Section        0  gpio.o(i.GPIOPinTypeI2CSCL)
    i.GPIOPinTypePWM                         0x000009ee   Section        0  gpio.o(i.GPIOPinTypePWM)
    i.GPIOPinTypeUART                        0x00000a0a   Section        0  gpio.o(i.GPIOPinTypeUART)
    i.GPIOPinWrite                           0x00000a26   Section        0  gpio.o(i.GPIOPinWrite)
    i.GetTemputerature                       0x00000a2c   Section        0  lm75bd.o(i.GetTemputerature)
    i.I2C0Init                               0x00000b1c   Section        0  lm75bd.o(i.I2C0Init)
    i.I2CMasterBusy                          0x00000b78   Section        0  i2c.o(i.I2CMasterBusy)
    i.I2CMasterControl                       0x00000b84   Section        0  i2c.o(i.I2CMasterControl)
    i.I2CMasterDataGet                       0x00000b88   Section        0  i2c.o(i.I2CMasterDataGet)
    i.I2CMasterEnable                        0x00000b8c   Section        0  i2c.o(i.I2CMasterEnable)
    i.I2CMasterErr                           0x00000b96   Section        0  i2c.o(i.I2CMasterErr)
    i.I2CMasterInitExpClk                    0x00000bb0   Section        0  i2c.o(i.I2CMasterInitExpClk)
    i.I2CMasterSlaveAddrSet                  0x00000c04   Section        0  i2c.o(i.I2CMasterSlaveAddrSet)
    i.IntMasterEnable                        0x00000c0c   Section        0  interrupt.o(i.IntMasterEnable)
    i.LCD_PORT_init                          0x00000c1c   Section        0  exp5_6.o(i.LCD_PORT_init)
    i.LCD_delay                              0x00000cd4   Section        0  exp5_6.o(i.LCD_delay)
    i.LCD_delay_us                           0x00000d08   Section        0  exp5_6.o(i.LCD_delay_us)
    i.PWMGenConfigure                        0x00000d3c   Section        0  pwm.o(i.PWMGenConfigure)
    i.PWMGenDisable                          0x00000d62   Section        0  pwm.o(i.PWMGenDisable)
    i.PWMGenEnable                           0x00000d6c   Section        0  pwm.o(i.PWMGenEnable)
    i.PWMGenPeriodGet                        0x00000d76   Section        0  pwm.o(i.PWMGenPeriodGet)
    i.PWMGenPeriodSet                        0x00000d88   Section        0  pwm.o(i.PWMGenPeriodSet)
    i.PWMInit                                0x00000d9c   Section        0  pwm.o(i.PWMInit)
    i.PWMOutputState                         0x00000e14   Section        0  pwm.o(i.PWMOutputState)
    i.PWMPulseWidthSet                       0x00000e24   Section        0  pwm.o(i.PWMPulseWidthSet)
    i.PWMStart                               0x00000e44   Section        0  pwm.o(i.PWMStart)
    i.PWMStart2                              0x00000ec0   Section        0  pwm.o(i.PWMStart2)
    i.PWMStop1                               0x00000f04   Section        0  pwm.o(i.PWMStop1)
    i.SysCtlClockFreqSet                     0x00000f14   Section        0  sysctl.o(i.SysCtlClockFreqSet)
    i.SysCtlPeripheralEnable                 0x000011f8   Section        0  sysctl.o(i.SysCtlPeripheralEnable)
    i.SysCtlPeripheralReady                  0x00001220   Section        0  sysctl.o(i.SysCtlPeripheralReady)
    i.SysTickEnable                          0x0000124c   Section        0  systick.o(i.SysTickEnable)
    i.SysTickInit                            0x0000125c   Section        0  exp5_6.o(i.SysTickInit)
    i.SysTickIntEnable                       0x0000127c   Section        0  systick.o(i.SysTickIntEnable)
    i.SysTickPeriodSet                       0x0000128a   Section        0  systick.o(i.SysTickPeriodSet)
    i.SysTick_Handler                        0x00001294   Section        0  exp5_6.o(i.SysTick_Handler)
    i.SystemInit                             0x0000138c   Section        0  system_tm4c129.o(i.SystemInit)
    i.TM1638_DigiSegment                     0x000013ac   Section        0  tm1638.o(i.TM1638_DigiSegment)
    i.TM1638_Init                            0x000014b0   Section        0  tm1638.o(i.TM1638_Init)
    i.TM1638_Readkeyboard                    0x000014d4   Section        0  tm1638.o(i.TM1638_Readkeyboard)
    i.TM1638_RefreshDIGIandLED               0x00001574   Section        0  tm1638.o(i.TM1638_RefreshDIGIandLED)
    i.TM1638_Serial_Input                    0x00001610   Section        0  tm1638.o(i.TM1638_Serial_Input)
    i.TM1638_Serial_Output                   0x00001664   Section        0  tm1638.o(i.TM1638_Serial_Output)
    i.UARTCharPut                            0x000016b8   Section        0  uart.o(i.UARTCharPut)
    i.UARTConfigSetExpClk                    0x000016c4   Section        0  uart.o(i.UARTConfigSetExpClk)
    i.UARTInit                               0x00001734   Section        0  exp5_6.o(i.UARTInit)
    i.UARTStringPut                          0x000017dc   Section        0  exp5_6.o(i.UARTStringPut)
    i.clear_screen                           0x000017fc   Section        0  exp5_6.o(i.clear_screen)
    i.disp_number                            0x00001834   Section        0  exp5_6.o(i.disp_number)
    i.display_GB2312_string                  0x0000190c   Section        0  exp5_6.o(i.display_GB2312_string)
    i.get_and_write_16x16                    0x00001a1c   Section        0  exp5_6.o(i.get_and_write_16x16)
    i.get_and_write_8x16                     0x00001aa8   Section        0  exp5_6.o(i.get_and_write_8x16)
    i.get_data_from_ROM                      0x00001b34   Section        0  exp5_6.o(i.get_data_from_ROM)
    get_data_from_ROM                        0x00001b35   Thumb Code    62  exp5_6.o(i.get_data_from_ROM)
    i.initial_lcd                            0x00001b78   Section        0  exp5_6.o(i.initial_lcd)
    i.lcd_address                            0x00001c04   Section        0  exp5_6.o(i.lcd_address)
    i.main                                   0x00001c2c   Section        0  exp5_6.o(i.main)
    i.play                                   0x000033d4   Section        0  exp5_6.o(i.play)
    i.refresh_temp_in                        0x00003428   Section        0  exp5_6.o(i.refresh_temp_in)
    i.refresh_temp_lcd                       0x00003518   Section        0  exp5_6.o(i.refresh_temp_lcd)
    i.refresh_volt_in                        0x000035c4   Section        0  exp5_6.o(i.refresh_volt_in)
    i.refresh_volt_lcd                       0x000036a8   Section        0  exp5_6.o(i.refresh_volt_lcd)
    i.send_command_to_ROM                    0x000036e8   Section        0  exp5_6.o(i.send_command_to_ROM)
    i.trans_temp                             0x00003744   Section        0  exp5_6.o(i.trans_temp)
    i.transfer_command_lcd                   0x000037e0   Section        0  exp5_6.o(i.transfer_command_lcd)
    i.transfer_data_lcd                      0x00003850   Section        0  exp5_6.o(i.transfer_data_lcd)
    x$fpl$d2f                                0x000038c0   Section       98  d2f.o(x$fpl$d2f)
    $v0                                      0x000038c0   Number         0  d2f.o(x$fpl$d2f)
    x$fpl$dadd                               0x00003924   Section      336  daddsub_clz.o(x$fpl$dadd)
    $v0                                      0x00003924   Number         0  daddsub_clz.o(x$fpl$dadd)
    _dadd1                                   0x00003935   Thumb Code     0  daddsub_clz.o(x$fpl$dadd)
    x$fpl$dfixu                              0x00003a74   Section       90  dfixu.o(x$fpl$dfixu)
    $v0                                      0x00003a74   Number         0  dfixu.o(x$fpl$dfixu)
    x$fpl$dflt                               0x00003ace   Section       46  dflt_clz.o(x$fpl$dflt)
    $v0                                      0x00003ace   Number         0  dflt_clz.o(x$fpl$dflt)
    x$fpl$dfltu                              0x00003afc   Section       38  dflt_clz.o(x$fpl$dfltu)
    $v0                                      0x00003afc   Number         0  dflt_clz.o(x$fpl$dfltu)
    x$fpl$dmul                               0x00003b24   Section      340  dmul.o(x$fpl$dmul)
    $v0                                      0x00003b24   Number         0  dmul.o(x$fpl$dmul)
    x$fpl$dnaninf                            0x00003c78   Section      156  dnaninf.o(x$fpl$dnaninf)
    $v0                                      0x00003c78   Number         0  dnaninf.o(x$fpl$dnaninf)
    x$fpl$dretinf                            0x00003d14   Section       12  dretinf.o(x$fpl$dretinf)
    $v0                                      0x00003d14   Number         0  dretinf.o(x$fpl$dretinf)
    x$fpl$dsub                               0x00003d20   Section      468  daddsub_clz.o(x$fpl$dsub)
    $v0                                      0x00003d20   Number         0  daddsub_clz.o(x$fpl$dsub)
    _dsub1                                   0x00003d31   Thumb Code     0  daddsub_clz.o(x$fpl$dsub)
    x$fpl$fpinit                             0x00003ef4   Section       10  fpinit.o(x$fpl$fpinit)
    $v0                                      0x00003ef4   Number         0  fpinit.o(x$fpl$fpinit)
    x$fpl$fretinf                            0x00003efe   Section       10  fretinf.o(x$fpl$fretinf)
    $v0                                      0x00003efe   Number         0  fretinf.o(x$fpl$fretinf)
    .constdata                               0x00003f08   Section      552  gpio.o(.constdata)
    x$fpl$usenofp                            0x00003f08   Section        0  usenofp.o(x$fpl$usenofp)
    g_ppui32GPIOIntMapBlizzard               0x00003f08   Data         192  gpio.o(.constdata)
    g_ppui32GPIOIntMapSnowflake              0x00003fc8   Data         216  gpio.o(.constdata)
    g_pui32GPIOBaseAddrs                     0x000040a0   Data         144  gpio.o(.constdata)
    .constdata                               0x00004130   Section      596  sysctl.o(.constdata)
    g_pui32VCOFrequencies                    0x00004130   Data           8  sysctl.o(.constdata)
    g_pui32Xtals                             0x00004138   Data         108  sysctl.o(.constdata)
    g_pppui32XTALtoVCO                       0x000041a4   Data         432  sysctl.o(.constdata)
    g_sXTALtoMEMTIM                          0x00004354   Data          48  sysctl.o(.constdata)
    .data                                    0x20000000   Section     1456  exp5_6.o(.data)
    .data                                    0x200005b0   Section        4  system_tm4c129.o(.data)
    .bss                                     0x200005b4   Section       96  libspace.o(.bss)
    HEAP                                     0x20000618   Section        0  startup_tm4c129.o(HEAP)
    STACK                                    0x20000618   Section      512  startup_tm4c129.o(STACK)
    Heap_Mem                                 0x20000618   Data           0  startup_tm4c129.o(HEAP)
    Stack_Mem                                0x20000618   Data         512  startup_tm4c129.o(STACK)
    __initial_sp                             0x20000818   Data           0  startup_tm4c129.o(STACK)

    Global Symbols

    Symbol Name                              Value     Ov Type        Size  Object(Section)

    BuildAttributes$$THM_ISAv4$E$P$D$K$B$S$7EM$VFPi3$EXTD16$VFPS$VFMA$PE$A:L22UL41UL21$X:L11$S22US41US21$IEEE1$IW$USESV6$~STKCKD$USESV7$~SHL$OTIME$ROPI$EBA8$UX$STANDARDLIB$REQ8$PRES8$EABIv2 0x00000000   Number         0  anon$$obj.o ABSOLUTE
    __ARM_use_no_argv                        0x00000000   Number         0  exp5_6.o ABSOLUTE
    __Vectors                                0x00000000   Data           4  startup_tm4c129.o(RESET)
    __ARM_exceptions_init                     - Undefined Weak Reference
    __alloca_initialize                       - Undefined Weak Reference
    __arm_preinit_                            - Undefined Weak Reference
    __cpp_initialize__aeabi_                  - Undefined Weak Reference
    __cxa_finalize                            - Undefined Weak Reference
    __rt_locale                               - Undefined Weak Reference
    __sigvec_lookup                           - Undefined Weak Reference
    _atexit_init                              - Undefined Weak Reference
    _call_atexit_fns                          - Undefined Weak Reference
    _clock_init                               - Undefined Weak Reference
    _fp_trap_init                             - Undefined Weak Reference
    _fp_trap_shutdown                         - Undefined Weak Reference
    _get_lc_collate                           - Undefined Weak Reference
    _get_lc_ctype                             - Undefined Weak Reference
    _get_lc_monetary                          - Undefined Weak Reference
    _get_lc_numeric                           - Undefined Weak Reference
    _get_lc_time                              - Undefined Weak Reference
    _getenv_init                              - Undefined Weak Reference
    _handle_redirection                       - Undefined Weak Reference
    _init_alloc                               - Undefined Weak Reference
    _init_user_alloc                          - Undefined Weak Reference
    _initio                                   - Undefined Weak Reference
    _rand_init                                - Undefined Weak Reference
    _signal_finish                            - Undefined Weak Reference
    _signal_init                              - Undefined Weak Reference
    _terminate_alloc                          - Undefined Weak Reference
    _terminate_user_alloc                     - Undefined Weak Reference
    _terminateio                              - Undefined Weak Reference
    __Vectors_End                            0x00000200   Data           0  startup_tm4c129.o(RESET)
    __Vectors_Size                           0x00000200   Number         0  startup_tm4c129.o ABSOLUTE
    __main                                   0x00000201   Thumb Code     8  __main.o(!!!main)
    __scatterload                            0x00000209   Thumb Code     0  __scatter.o(!!!scatter)
    __scatterload_rt2                        0x00000209   Thumb Code    44  __scatter.o(!!!scatter)
    __scatterload_rt2_thumb_only             0x00000209   Thumb Code     0  __scatter.o(!!!scatter)
    __scatterload_null                       0x00000217   Thumb Code     0  __scatter.o(!!!scatter)
    __decompress                             0x0000023d   Thumb Code    90  __dczerorl2.o(!!dczerorl2)
    __decompress1                            0x0000023d   Thumb Code     0  __dczerorl2.o(!!dczerorl2)
    __scatterload_zeroinit                   0x00000299   Thumb Code    28  __scatter_zi.o(!!handler_zi)
    __rt_lib_init                            0x000002b5   Thumb Code     0  libinit.o(.ARM.Collect$$libinit$$00000000)
    __rt_lib_init_fp_1                       0x000002b7   Thumb Code     0  libinit2.o(.ARM.Collect$$libinit$$00000001)
    __rt_lib_init_alloca_1                   0x000002bb   Thumb Code     0  libinit2.o(.ARM.Collect$$libinit$$0000002E)
    __rt_lib_init_argv_1                     0x000002bb   Thumb Code     0  libinit2.o(.ARM.Collect$$libinit$$0000002C)
    __rt_lib_init_atexit_1                   0x000002bb   Thumb Code     0  libinit2.o(.ARM.Collect$$libinit$$0000001B)
    __rt_lib_init_clock_1                    0x000002bb   Thumb Code     0  libinit2.o(.ARM.Collect$$libinit$$00000021)
    __rt_lib_init_cpp_1                      0x000002bb   Thumb Code     0  libinit2.o(.ARM.Collect$$libinit$$00000032)
    __rt_lib_init_exceptions_1               0x000002bb   Thumb Code     0  libinit2.o(.ARM.Collect$$libinit$$00000030)
    __rt_lib_init_fp_trap_1                  0x000002bb   Thumb Code     0  libinit2.o(.ARM.Collect$$libinit$$0000001F)
    __rt_lib_init_getenv_1                   0x000002bb   Thumb Code     0  libinit2.o(.ARM.Collect$$libinit$$00000023)
    __rt_lib_init_heap_1                     0x000002bb   Thumb Code     0  libinit2.o(.ARM.Collect$$libinit$$0000000A)
    __rt_lib_init_lc_collate_1               0x000002bb   Thumb Code     0  libinit2.o(.ARM.Collect$$libinit$$00000011)
    __rt_lib_init_lc_ctype_1                 0x000002bb   Thumb Code     0  libinit2.o(.ARM.Collect$$libinit$$00000013)
    __rt_lib_init_lc_monetary_1              0x000002bb   Thumb Code     0  libinit2.o(.ARM.Collect$$libinit$$00000015)
    __rt_lib_init_lc_numeric_1               0x000002bb   Thumb Code     0  libinit2.o(.ARM.Collect$$libinit$$00000017)
    __rt_lib_init_lc_time_1                  0x000002bb   Thumb Code     0  libinit2.o(.ARM.Collect$$libinit$$00000019)
    __rt_lib_init_preinit_1                  0x000002bb   Thumb Code     0  libinit2.o(.ARM.Collect$$libinit$$00000004)
    __rt_lib_init_rand_1                     0x000002bb   Thumb Code     0  libinit2.o(.ARM.Collect$$libinit$$0000000E)
    __rt_lib_init_return                     0x000002bb   Thumb Code     0  libinit2.o(.ARM.Collect$$libinit$$00000033)
    __rt_lib_init_signal_1                   0x000002bb   Thumb Code     0  libinit2.o(.ARM.Collect$$libinit$$0000001D)
    __rt_lib_init_stdio_1                    0x000002bb   Thumb Code     0  libinit2.o(.ARM.Collect$$libinit$$00000025)
    __rt_lib_init_user_alloc_1               0x000002bb   Thumb Code     0  libinit2.o(.ARM.Collect$$libinit$$0000000C)
    __rt_lib_shutdown                        0x000002bd   Thumb Code     0  libshutdown.o(.ARM.Collect$$libshutdown$$00000000)
    __rt_lib_shutdown_cpp_1                  0x000002bf   Thumb Code     0  libshutdown2.o(.ARM.Collect$$libshutdown$$00000002)
    __rt_lib_shutdown_fp_trap_1              0x000002bf   Thumb Code     0  libshutdown2.o(.ARM.Collect$$libshutdown$$00000007)
    __rt_lib_shutdown_heap_1                 0x000002bf   Thumb Code     0  libshutdown2.o(.ARM.Collect$$libshutdown$$0000000F)
    __rt_lib_shutdown_return                 0x000002bf   Thumb Code     0  libshutdown2.o(.ARM.Collect$$libshutdown$$00000010)
    __rt_lib_shutdown_signal_1               0x000002bf   Thumb Code     0  libshutdown2.o(.ARM.Collect$$libshutdown$$0000000A)
    __rt_lib_shutdown_stdio_1                0x000002bf   Thumb Code     0  libshutdown2.o(.ARM.Collect$$libshutdown$$00000004)
    __rt_lib_shutdown_user_alloc_1           0x000002bf   Thumb Code     0  libshutdown2.o(.ARM.Collect$$libshutdown$$0000000C)
    __rt_entry                               0x000002c1   Thumb Code     0  __rtentry.o(.ARM.Collect$$rtentry$$00000000)
    __rt_entry_presh_1                       0x000002c1   Thumb Code     0  __rtentry2.o(.ARM.Collect$$rtentry$$00000002)
    __rt_entry_sh                            0x000002c1   Thumb Code     0  __rtentry4.o(.ARM.Collect$$rtentry$$00000004)
    __rt_entry_li                            0x000002c7   Thumb Code     0  __rtentry2.o(.ARM.Collect$$rtentry$$0000000A)
    __rt_entry_postsh_1                      0x000002c7   Thumb Code     0  __rtentry2.o(.ARM.Collect$$rtentry$$00000009)
    __rt_entry_main                          0x000002cb   Thumb Code     0  __rtentry2.o(.ARM.Collect$$rtentry$$0000000D)
    __rt_entry_postli_1                      0x000002cb   Thumb Code     0  __rtentry2.o(.ARM.Collect$$rtentry$$0000000C)
    __rt_exit                                0x000002d3   Thumb Code     0  rtexit.o(.ARM.Collect$$rtexit$$00000000)
    __rt_exit_ls                             0x000002d5   Thumb Code     0  rtexit2.o(.ARM.Collect$$rtexit$$00000003)
    __rt_exit_prels_1                        0x000002d5   Thumb Code     0  rtexit2.o(.ARM.Collect$$rtexit$$00000002)
    __rt_exit_exit                           0x000002d9   Thumb Code     0  rtexit2.o(.ARM.Collect$$rtexit$$00000004)
    SysCtlDelay                              0x000002e1   Thumb Code     6  sysctl.o(.emb_text)
    CPUcpsid                                 0x000002e9   Thumb Code     8  cpu.o(.emb_text)
    CPUprimask                               0x000002f1   Thumb Code     6  cpu.o(.emb_text)
    CPUcpsie                                 0x000002f7   Thumb Code     8  cpu.o(.emb_text)
    CPUwfi                                   0x000002ff   Thumb Code     4  cpu.o(.emb_text)
    CPUbasepriSet                            0x00000303   Thumb Code     6  cpu.o(.emb_text)
    CPUbasepriGet                            0x00000309   Thumb Code     6  cpu.o(.emb_text)
    Reset_Handler                            0x00000311   Thumb Code     8  startup_tm4c129.o(.text)
    NMI_Handler                              0x00000319   Thumb Code     2  startup_tm4c129.o(.text)
    HardFault_Handler                        0x0000031b   Thumb Code     2  startup_tm4c129.o(.text)
    MemManage_Handler                        0x0000031d   Thumb Code     2  startup_tm4c129.o(.text)
    BusFault_Handler                         0x0000031f   Thumb Code     2  startup_tm4c129.o(.text)
    UsageFault_Handler                       0x00000321   Thumb Code     2  startup_tm4c129.o(.text)
    SVC_Handler                              0x00000323   Thumb Code     2  startup_tm4c129.o(.text)
    DebugMon_Handler                         0x00000325   Thumb Code     2  startup_tm4c129.o(.text)
    PendSV_Handler                           0x00000327   Thumb Code     2  startup_tm4c129.o(.text)
    GPIOA_Handler                            0x0000032b   Thumb Code     2  startup_tm4c129.o(.text)
    GPIOB_Handler                            0x0000032d   Thumb Code     2  startup_tm4c129.o(.text)
    GPIOC_Handler                            0x0000032f   Thumb Code     2  startup_tm4c129.o(.text)
    GPIOD_Handler                            0x00000331   Thumb Code     2  startup_tm4c129.o(.text)
    GPIOE_Handler                            0x00000333   Thumb Code     2  startup_tm4c129.o(.text)
    UART0_Handler                            0x00000335   Thumb Code     2  startup_tm4c129.o(.text)
    UART1_Handler                            0x00000337   Thumb Code     2  startup_tm4c129.o(.text)
    SSI0_Handler                             0x00000339   Thumb Code     2  startup_tm4c129.o(.text)
    I2C0_Handler                             0x0000033b   Thumb Code     2  startup_tm4c129.o(.text)
    PMW0_FAULT_Handler                       0x0000033d   Thumb Code     2  startup_tm4c129.o(.text)
    PWM0_0_Handler                           0x0000033f   Thumb Code     2  startup_tm4c129.o(.text)
    PWM0_1_Handler                           0x00000341   Thumb Code     2  startup_tm4c129.o(.text)
    PWM0_2_Handler                           0x00000343   Thumb Code     2  startup_tm4c129.o(.text)
    QEI0_Handler                             0x00000345   Thumb Code     2  startup_tm4c129.o(.text)
    ADC0SS0_Handler                          0x00000347   Thumb Code     2  startup_tm4c129.o(.text)
    ADC0SS1_Handler                          0x00000349   Thumb Code     2  startup_tm4c129.o(.text)
    ADC0SS2_Handler                          0x0000034b   Thumb Code     2  startup_tm4c129.o(.text)
    ADC0SS3_Handler                          0x0000034d   Thumb Code     2  startup_tm4c129.o(.text)
    WDT0_Handler                             0x0000034f   Thumb Code     2  startup_tm4c129.o(.text)
    TIMER0A_Handler                          0x00000351   Thumb Code     2  startup_tm4c129.o(.text)
    TIMER0B_Handler                          0x00000353   Thumb Code     2  startup_tm4c129.o(.text)
    TIMER1A_Handler                          0x00000355   Thumb Code     2  startup_tm4c129.o(.text)
    TIMER1B_Handler                          0x00000357   Thumb Code     2  startup_tm4c129.o(.text)
    TIMER2A_Handler                          0x00000359   Thumb Code     2  startup_tm4c129.o(.text)
    TIMER2B_Handler                          0x0000035b   Thumb Code     2  startup_tm4c129.o(.text)
    COMP0_Handler                            0x0000035d   Thumb Code     2  startup_tm4c129.o(.text)
    COMP1_Handler                            0x0000035f   Thumb Code     2  startup_tm4c129.o(.text)
    COMP2_Handler                            0x00000361   Thumb Code     2  startup_tm4c129.o(.text)
    SYSCTL_Handler                           0x00000363   Thumb Code     2  startup_tm4c129.o(.text)
    FLASH_Handler                            0x00000365   Thumb Code     2  startup_tm4c129.o(.text)
    GPIOF_Handler                            0x00000367   Thumb Code     2  startup_tm4c129.o(.text)
    GPIOG_Handler                            0x00000369   Thumb Code     2  startup_tm4c129.o(.text)
    GPIOH_Handler                            0x0000036b   Thumb Code     2  startup_tm4c129.o(.text)
    UART2_Handler                            0x0000036d   Thumb Code     2  startup_tm4c129.o(.text)
    SSI1_Handler                             0x0000036f   Thumb Code     2  startup_tm4c129.o(.text)
    TIMER3A_Handler                          0x00000371   Thumb Code     2  startup_tm4c129.o(.text)
    TIMER3B_Handler                          0x00000373   Thumb Code     2  startup_tm4c129.o(.text)
    I2C1_Handler                             0x00000375   Thumb Code     2  startup_tm4c129.o(.text)
    CAN0_Handler                             0x00000377   Thumb Code     2  startup_tm4c129.o(.text)
    CAN1_Handler                             0x00000379   Thumb Code     2  startup_tm4c129.o(.text)
    ETH_Handler                              0x0000037b   Thumb Code     2  startup_tm4c129.o(.text)
    HIB_Handler                              0x0000037d   Thumb Code     2  startup_tm4c129.o(.text)
    USB0_Handler                             0x0000037f   Thumb Code     2  startup_tm4c129.o(.text)
    PWM0_3_Handler                           0x00000381   Thumb Code     2  startup_tm4c129.o(.text)
    UDMA_Handler                             0x00000383   Thumb Code     2  startup_tm4c129.o(.text)
    UDMAERR_Handler                          0x00000385   Thumb Code     2  startup_tm4c129.o(.text)
    ADC1SS0_Handler                          0x00000387   Thumb Code     2  startup_tm4c129.o(.text)
    ADC1SS1_Handler                          0x00000389   Thumb Code     2  startup_tm4c129.o(.text)
    ADC1SS2_Handler                          0x0000038b   Thumb Code     2  startup_tm4c129.o(.text)
    ADC1SS3_Handler                          0x0000038d   Thumb Code     2  startup_tm4c129.o(.text)
    EBI0_Handler                             0x0000038f   Thumb Code     2  startup_tm4c129.o(.text)
    GPIOJ_Handler                            0x00000391   Thumb Code     2  startup_tm4c129.o(.text)
    GPIOK_Handler                            0x00000393   Thumb Code     2  startup_tm4c129.o(.text)
    GPIOL_Handler                            0x00000395   Thumb Code     2  startup_tm4c129.o(.text)
    SSI2_Handler                             0x00000397   Thumb Code     2  startup_tm4c129.o(.text)
    SSI3_Handler                             0x00000399   Thumb Code     2  startup_tm4c129.o(.text)
    UART3_Handler                            0x0000039b   Thumb Code     2  startup_tm4c129.o(.text)
    UART4_Handler                            0x0000039d   Thumb Code     2  startup_tm4c129.o(.text)
    UART5_Handler                            0x0000039f   Thumb Code     2  startup_tm4c129.o(.text)
    UART6_Handler                            0x000003a1   Thumb Code     2  startup_tm4c129.o(.text)
    UART7_Handler                            0x000003a3   Thumb Code     2  startup_tm4c129.o(.text)
    I2C2_Handler                             0x000003a5   Thumb Code     2  startup_tm4c129.o(.text)
    I2C3_Handler                             0x000003a7   Thumb Code     2  startup_tm4c129.o(.text)
    TIMER4A_Handler                          0x000003a9   Thumb Code     2  startup_tm4c129.o(.text)
    TIMER4B_Handler                          0x000003ab   Thumb Code     2  startup_tm4c129.o(.text)
    TIMER5A_Handler                          0x000003ad   Thumb Code     2  startup_tm4c129.o(.text)
    TIMER5B_Handler                          0x000003af   Thumb Code     2  startup_tm4c129.o(.text)
    WTIMER0A_Handler                         0x000003b1   Thumb Code     2  startup_tm4c129.o(.text)
    WTIMER0B_Handler                         0x000003b3   Thumb Code     2  startup_tm4c129.o(.text)
    WTIMER1A_Handler                         0x000003b5   Thumb Code     2  startup_tm4c129.o(.text)
    WTIMER1B_Handler                         0x000003b7   Thumb Code     2  startup_tm4c129.o(.text)
    WTIMER2A_Handler                         0x000003b9   Thumb Code     2  startup_tm4c129.o(.text)
    WTIMER2B_Handler                         0x000003bb   Thumb Code     2  startup_tm4c129.o(.text)
    WTIMER3A_Handler                         0x000003bd   Thumb Code     2  startup_tm4c129.o(.text)
    WTIMER3B_Handler                         0x000003bf   Thumb Code     2  startup_tm4c129.o(.text)
    WTIMER4A_Handler                         0x000003c1   Thumb Code     2  startup_tm4c129.o(.text)
    WTIMER4B_Handler                         0x000003c3   Thumb Code     2  startup_tm4c129.o(.text)
    WTIMER5A_Handler                         0x000003c5   Thumb Code     2  startup_tm4c129.o(.text)
    WTIMER5B_Handler                         0x000003c7   Thumb Code     2  startup_tm4c129.o(.text)
    FPU_Handler                              0x000003c9   Thumb Code     2  startup_tm4c129.o(.text)
    I2C4_Handler                             0x000003cb   Thumb Code     2  startup_tm4c129.o(.text)
    I2C5_Handler                             0x000003cd   Thumb Code     2  startup_tm4c129.o(.text)
    GPIOM_Handler                            0x000003cf   Thumb Code     2  startup_tm4c129.o(.text)
    GPION_Handler                            0x000003d1   Thumb Code     2  startup_tm4c129.o(.text)
    TAMPER_Handler                           0x000003d3   Thumb Code     2  startup_tm4c129.o(.text)
    GPIOP0_Handler                           0x000003d5   Thumb Code     2  startup_tm4c129.o(.text)
    GPIOP1_Handler                           0x000003d7   Thumb Code     2  startup_tm4c129.o(.text)
    GPIOP2_Handler                           0x000003d9   Thumb Code     2  startup_tm4c129.o(.text)
    GPIOP3_Handler                           0x000003db   Thumb Code     2  startup_tm4c129.o(.text)
    GPIOP4_Handler                           0x000003dd   Thumb Code     2  startup_tm4c129.o(.text)
    GPIOP5_Handler                           0x000003df   Thumb Code     2  startup_tm4c129.o(.text)
    GPIOP6_Handler                           0x000003e1   Thumb Code     2  startup_tm4c129.o(.text)
    GPIOP7_Handler                           0x000003e3   Thumb Code     2  startup_tm4c129.o(.text)
    GPIOQ0_Handler                           0x000003e5   Thumb Code     2  startup_tm4c129.o(.text)
    GPIOQ1_Handler                           0x000003e7   Thumb Code     2  startup_tm4c129.o(.text)
    GPIOQ2_Handler                           0x000003e9   Thumb Code     2  startup_tm4c129.o(.text)
    GPIOQ3_Handler                           0x000003eb   Thumb Code     2  startup_tm4c129.o(.text)
    GPIOQ4_Handler                           0x000003ed   Thumb Code     2  startup_tm4c129.o(.text)
    GPIOQ5_Handler                           0x000003ef   Thumb Code     2  startup_tm4c129.o(.text)
    GPIOQ6_Handler                           0x000003f1   Thumb Code     2  startup_tm4c129.o(.text)
    GPIOQ7_Handler                           0x000003f3   Thumb Code     2  startup_tm4c129.o(.text)
    GPIOR_Handler                            0x000003f5   Thumb Code     2  startup_tm4c129.o(.text)
    GPIOS_Handler                            0x000003f7   Thumb Code     2  startup_tm4c129.o(.text)
    SHAMD5_Handler                           0x000003f9   Thumb Code     2  startup_tm4c129.o(.text)
    AES_Handler                              0x000003fb   Thumb Code     2  startup_tm4c129.o(.text)
    DES3DES_Handler                          0x000003fd   Thumb Code     2  startup_tm4c129.o(.text)
    LCDCONTROLLER_Handler                    0x000003ff   Thumb Code     2  startup_tm4c129.o(.text)
    TIMER6A_Handler                          0x00000401   Thumb Code     2  startup_tm4c129.o(.text)
    TIMER6B_Handler                          0x00000403   Thumb Code     2  startup_tm4c129.o(.text)
    TIMER7A_Handler                          0x00000405   Thumb Code     2  startup_tm4c129.o(.text)
    TIMER7B_Handler                          0x00000407   Thumb Code     2  startup_tm4c129.o(.text)
    I2C6_Handler                             0x00000409   Thumb Code     2  startup_tm4c129.o(.text)
    I2C7_Handler                             0x0000040b   Thumb Code     2  startup_tm4c129.o(.text)
    HIMSCANKEYBOARD_Handler                  0x0000040d   Thumb Code     2  startup_tm4c129.o(.text)
    ONEWIRE_Handler                          0x0000040f   Thumb Code     2  startup_tm4c129.o(.text)
    HIMPS2_Handler                           0x00000411   Thumb Code     2  startup_tm4c129.o(.text)
    HIMLEDSEQUENCER_Handler                  0x00000413   Thumb Code     2  startup_tm4c129.o(.text)
    HIMCONSUMERIR_Handler                    0x00000415   Thumb Code     2  startup_tm4c129.o(.text)
    I2C8_Handler                             0x00000417   Thumb Code     2  startup_tm4c129.o(.text)
    I2C9_Handler                             0x00000419   Thumb Code     2  startup_tm4c129.o(.text)
    GPIOT_Handler                            0x0000041b   Thumb Code     2  startup_tm4c129.o(.text)
    __user_initial_stackheap                 0x0000041d   Thumb Code     0  startup_tm4c129.o(.text)
    __use_two_region_memory                  0x0000043d   Thumb Code     2  heapauxi.o(.text)
    __rt_heap_escrow$2region                 0x0000043f   Thumb Code     2  heapauxi.o(.text)
    __rt_heap_expand$2region                 0x00000441   Thumb Code     2  heapauxi.o(.text)
    __user_setup_stackheap                   0x00000443   Thumb Code    74  sys_stackheap_outer.o(.text)
    exit                                     0x0000048d   Thumb Code    18  exit.o(.text)
    __user_libspace                          0x000004a1   Thumb Code     8  libspace.o(.text)
    __user_perproc_libspace                  0x000004a1   Thumb Code     0  libspace.o(.text)
    __user_perthread_libspace                0x000004a1   Thumb Code     0  libspace.o(.text)
    _sys_exit                                0x000004a9   Thumb Code     8  sys_exit.o(.text)
    __I$use$semihosting                      0x000004b5   Thumb Code     0  use_no_semi.o(.text)
    __use_no_semihosting_swi                 0x000004b5   Thumb Code     2  use_no_semi.o(.text)
    __semihosting_library_function           0x000004b7   Thumb Code     0  indicate_semi.o(.text)
    ADCInit                                  0x000004b9   Thumb Code    64  adc.o(i.ADCInit)
    ADCIntClear                              0x00000509   Thumb Code    10  adc.o(i.ADCIntClear)
    ADCIntStatus                             0x00000513   Thumb Code    52  adc.o(i.ADCIntStatus)
    ADCProcessorTrigger                      0x00000547   Thumb Code    26  adc.o(i.ADCProcessorTrigger)
    ADCSequenceConfigure                     0x00000561   Thumb Code    96  adc.o(i.ADCSequenceConfigure)
    ADCSequenceDataGet                       0x000005c1   Thumb Code    36  adc.o(i.ADCSequenceDataGet)
    ADCSequenceEnable                        0x000005e5   Thumb Code    14  adc.o(i.ADCSequenceEnable)
    ADCSequenceStepConfigure                 0x000005f3   Thumb Code   154  adc.o(i.ADCSequenceStepConfigure)
    ADC_Sample                               0x0000068d   Thumb Code    48  adc.o(i.ADC_Sample)
    Delay                                    0x000006c1   Thumb Code    12  lm75bd.o(i.Delay)
    DelayMilliSec                            0x000006cd   Thumb Code    18  exp5_6.o(i.DelayMilliSec)
    DevicesInit                              0x000006e1   Thumb Code    60  exp5_6.o(i.DevicesInit)
    FPUEnable                                0x0000072d   Thumb Code    12  fpu.o(i.FPUEnable)
    FPULazyStackingEnable                    0x0000073d   Thumb Code    12  fpu.o(i.FPULazyStackingEnable)
    GPIODirModeSet                           0x0000074d   Thumb Code    40  gpio.o(i.GPIODirModeSet)
    GPIOInit                                 0x00000775   Thumb Code    90  exp5_6.o(i.GPIOInit)
    GPIOPadConfigSet                         0x000007e1   Thumb Code   312  gpio.o(i.GPIOPadConfigSet)
    GPIOPinConfigure                         0x00000919   Thumb Code    60  gpio.o(i.GPIOPinConfigure)
    GPIOPinRead                              0x0000095d   Thumb Code     6  gpio.o(i.GPIOPinRead)
    GPIOPinTypeADC                           0x00000963   Thumb Code    28  gpio.o(i.GPIOPinTypeADC)
    GPIOPinTypeGPIOInput                     0x0000097f   Thumb Code    28  gpio.o(i.GPIOPinTypeGPIOInput)
    GPIOPinTypeGPIOOutput                    0x0000099b   Thumb Code    28  gpio.o(i.GPIOPinTypeGPIOOutput)
    GPIOPinTypeI2C                           0x000009b7   Thumb Code    28  gpio.o(i.GPIOPinTypeI2C)
    GPIOPinTypeI2CSCL                        0x000009d3   Thumb Code    28  gpio.o(i.GPIOPinTypeI2CSCL)
    GPIOPinTypePWM                           0x000009ef   Thumb Code    28  gpio.o(i.GPIOPinTypePWM)
    GPIOPinTypeUART                          0x00000a0b   Thumb Code    28  gpio.o(i.GPIOPinTypeUART)
    GPIOPinWrite                             0x00000a27   Thumb Code     6  gpio.o(i.GPIOPinWrite)
    GetTemputerature                         0x00000a2d   Thumb Code   228  lm75bd.o(i.GetTemputerature)
    I2C0Init                                 0x00000b1d   Thumb Code    62  lm75bd.o(i.I2C0Init)
    I2CMasterBusy                            0x00000b79   Thumb Code    12  i2c.o(i.I2CMasterBusy)
    I2CMasterControl                         0x00000b85   Thumb Code     4  i2c.o(i.I2CMasterControl)
    I2CMasterDataGet                         0x00000b89   Thumb Code     4  i2c.o(i.I2CMasterDataGet)
    I2CMasterEnable                          0x00000b8d   Thumb Code    10  i2c.o(i.I2CMasterEnable)
    I2CMasterErr                             0x00000b97   Thumb Code    24  i2c.o(i.I2CMasterErr)
    I2CMasterInitExpClk                      0x00000bb1   Thumb Code    72  i2c.o(i.I2CMasterInitExpClk)
    I2CMasterSlaveAddrSet                    0x00000c05   Thumb Code     8  i2c.o(i.I2CMasterSlaveAddrSet)
    IntMasterEnable                          0x00000c0d   Thumb Code    14  interrupt.o(i.IntMasterEnable)
    LCD_PORT_init                            0x00000c1d   Thumb Code   158  exp5_6.o(i.LCD_PORT_init)
    LCD_delay                                0x00000cd5   Thumb Code    46  exp5_6.o(i.LCD_delay)
    LCD_delay_us                             0x00000d09   Thumb Code    46  exp5_6.o(i.LCD_delay_us)
    PWMGenConfigure                          0x00000d3d   Thumb Code    38  pwm.o(i.PWMGenConfigure)
    PWMGenDisable                            0x00000d63   Thumb Code    10  pwm.o(i.PWMGenDisable)
    PWMGenEnable                             0x00000d6d   Thumb Code    10  pwm.o(i.PWMGenEnable)
    PWMGenPeriodGet                          0x00000d77   Thumb Code    18  pwm.o(i.PWMGenPeriodGet)
    PWMGenPeriodSet                          0x00000d89   Thumb Code    18  pwm.o(i.PWMGenPeriodSet)
    PWMInit                                  0x00000d9d   Thumb Code    94  pwm.o(i.PWMInit)
    PWMOutputState                           0x00000e15   Thumb Code    16  pwm.o(i.PWMOutputState)
    PWMPulseWidthSet                         0x00000e25   Thumb Code    32  pwm.o(i.PWMPulseWidthSet)
    PWMStart                                 0x00000e45   Thumb Code   114  pwm.o(i.PWMStart)
    PWMStart2                                0x00000ec1   Thumb Code    60  pwm.o(i.PWMStart2)
    PWMStop1                                 0x00000f05   Thumb Code    12  pwm.o(i.PWMStop1)
    SysCtlClockFreqSet                       0x00000f15   Thumb Code   700  sysctl.o(i.SysCtlClockFreqSet)
    SysCtlPeripheralEnable                   0x000011f9   Thumb Code    36  sysctl.o(i.SysCtlPeripheralEnable)
    SysCtlPeripheralReady                    0x00001221   Thumb Code    40  sysctl.o(i.SysCtlPeripheralReady)
    SysTickEnable                            0x0000124d   Thumb Code    14  systick.o(i.SysTickEnable)
    SysTickInit                              0x0000125d   Thumb Code    28  exp5_6.o(i.SysTickInit)
    SysTickIntEnable                         0x0000127d   Thumb Code    14  systick.o(i.SysTickIntEnable)
    SysTickPeriodSet                         0x0000128b   Thumb Code    10  systick.o(i.SysTickPeriodSet)
    SysTick_Handler                          0x00001295   Thumb Code   192  exp5_6.o(i.SysTick_Handler)
    SystemInit                               0x0000138d   Thumb Code    20  system_tm4c129.o(i.SystemInit)
    TM1638_DigiSegment                       0x000013ad   Thumb Code   260  tm1638.o(i.TM1638_DigiSegment)
    TM1638_Init                              0x000014b1   Thumb Code    30  tm1638.o(i.TM1638_Init)
    TM1638_Readkeyboard                      0x000014d5   Thumb Code   156  tm1638.o(i.TM1638_Readkeyboard)
    TM1638_RefreshDIGIandLED                 0x00001575   Thumb Code   150  tm1638.o(i.TM1638_RefreshDIGIandLED)
    TM1638_Serial_Input                      0x00001611   Thumb Code    76  tm1638.o(i.TM1638_Serial_Input)
    TM1638_Serial_Output                     0x00001665   Thumb Code    74  tm1638.o(i.TM1638_Serial_Output)
    UARTCharPut                              0x000016b9   Thumb Code    12  uart.o(i.UARTCharPut)
    UARTConfigSetExpClk                      0x000016c5   Thumb Code   110  uart.o(i.UARTConfigSetExpClk)
    UARTInit                                 0x00001735   Thumb Code   134  exp5_6.o(i.UARTInit)
    UARTStringPut                            0x000017dd   Thumb Code    32  exp5_6.o(i.UARTStringPut)
    clear_screen                             0x000017fd   Thumb Code    54  exp5_6.o(i.clear_screen)
    disp_number                              0x00001835   Thumb Code   174  exp5_6.o(i.disp_number)
    display_GB2312_string                    0x0000190d   Thumb Code   262  exp5_6.o(i.display_GB2312_string)
    get_and_write_16x16                      0x00001a1d   Thumb Code   134  exp5_6.o(i.get_and_write_16x16)
    get_and_write_8x16                       0x00001aa9   Thumb Code   134  exp5_6.o(i.get_and_write_8x16)
    initial_lcd                              0x00001b79   Thumb Code   136  exp5_6.o(i.initial_lcd)
    lcd_address                              0x00001c05   Thumb Code    38  exp5_6.o(i.lcd_address)
    main                                     0x00001c2d   Thumb Code  6024  exp5_6.o(i.main)
    play                                     0x000033d5   Thumb Code    72  exp5_6.o(i.play)
    refresh_temp_in                          0x00003429   Thumb Code   216  exp5_6.o(i.refresh_temp_in)
    refresh_temp_lcd                         0x00003519   Thumb Code   156  exp5_6.o(i.refresh_temp_lcd)
    refresh_volt_in                          0x000035c5   Thumb Code   216  exp5_6.o(i.refresh_volt_in)
    refresh_volt_lcd                         0x000036a9   Thumb Code    60  exp5_6.o(i.refresh_volt_lcd)
    send_command_to_ROM                      0x000036e9   Thumb Code    82  exp5_6.o(i.send_command_to_ROM)
    trans_temp                               0x00003745   Thumb Code   124  exp5_6.o(i.trans_temp)
    transfer_command_lcd                     0x000037e1   Thumb Code   100  exp5_6.o(i.transfer_command_lcd)
    transfer_data_lcd                        0x00003851   Thumb Code   100  exp5_6.o(i.transfer_data_lcd)
    __aeabi_d2f                              0x000038c1   Thumb Code     0  d2f.o(x$fpl$d2f)
    _d2f                                     0x000038c1   Thumb Code    98  d2f.o(x$fpl$d2f)
    __aeabi_dadd                             0x00003925   Thumb Code     0  daddsub_clz.o(x$fpl$dadd)
    _dadd                                    0x00003925   Thumb Code   332  daddsub_clz.o(x$fpl$dadd)
    __aeabi_d2uiz                            0x00003a75   Thumb Code     0  dfixu.o(x$fpl$dfixu)
    _dfixu                                   0x00003a75   Thumb Code    90  dfixu.o(x$fpl$dfixu)
    __aeabi_i2d                              0x00003acf   Thumb Code     0  dflt_clz.o(x$fpl$dflt)
    _dflt                                    0x00003acf   Thumb Code    46  dflt_clz.o(x$fpl$dflt)
    __aeabi_ui2d                             0x00003afd   Thumb Code     0  dflt_clz.o(x$fpl$dfltu)
    _dfltu                                   0x00003afd   Thumb Code    38  dflt_clz.o(x$fpl$dfltu)
    __aeabi_dmul                             0x00003b25   Thumb Code     0  dmul.o(x$fpl$dmul)
    _dmul                                    0x00003b25   Thumb Code   332  dmul.o(x$fpl$dmul)
    __fpl_dnaninf                            0x00003c79   Thumb Code   156  dnaninf.o(x$fpl$dnaninf)
    __fpl_dretinf                            0x00003d15   Thumb Code    12  dretinf.o(x$fpl$dretinf)
    __aeabi_dsub                             0x00003d21   Thumb Code     0  daddsub_clz.o(x$fpl$dsub)
    _dsub                                    0x00003d21   Thumb Code   464  daddsub_clz.o(x$fpl$dsub)
    _fp_init                                 0x00003ef5   Thumb Code    10  fpinit.o(x$fpl$fpinit)
    __fplib_config_fpu_vfp                   0x00003efd   Thumb Code     0  fpinit.o(x$fpl$fpinit)
    __fplib_config_pureend_doubles           0x00003efd   Thumb Code     0  fpinit.o(x$fpl$fpinit)
    __fpl_fretinf                            0x00003eff   Thumb Code    10  fretinf.o(x$fpl$fretinf)
    __I$use$fp                               0x00003f08   Number         0  usenofp.o(x$fpl$usenofp)
    Region$$Table$$Base                      0x00004384   Number         0  anon$$obj.o(Region$$Table)
    Region$$Table$$Limit                     0x000043a4   Number         0  anon$$obj.o(Region$$Table)
    jiong1                                   0x20000000   Data          32  exp5_6.o(.data)
    lei1                                     0x20000020   Data          32  exp5_6.o(.data)
    fontaddr                                 0x20000040   Data           4  exp5_6.o(.data)
    bmp1                                     0x20000044   Data        1024  exp5_6.o(.data)
    clock40ms                                0x20000444   Data           1  exp5_6.o(.data)
    clock40ms_flag                           0x20000445   Data           1  exp5_6.o(.data)
    clock1s                                  0x20000446   Data           1  exp5_6.o(.data)
    clock1s_flag                             0x20000447   Data           1  exp5_6.o(.data)
    test_counter                             0x20000448   Data           4  exp5_6.o(.data)
    digit                                    0x2000044c   Data           8  exp5_6.o(.data)
    pnt                                      0x20000454   Data           1  exp5_6.o(.data)
    led                                      0x20000455   Data           8  exp5_6.o(.data)
    temp1                                    0x2000045d   Data           4  exp5_6.o(.data)
    temp2                                    0x20000461   Data           4  exp5_6.o(.data)
    volt                                     0x20000465   Data           4  exp5_6.o(.data)
    freq_square                              0x2000046c   Data           4  exp5_6.o(.data)
    freq_lcd                                 0x20000470   Data           4  exp5_6.o(.data)
    freq_lcd_random                          0x20000474   Data           4  exp5_6.o(.data)
    key_code                                 0x20000478   Data           1  exp5_6.o(.data)
    key_cnt                                  0x20000479   Data           1  exp5_6.o(.data)
    prestate                                 0x2000047a   Data           1  exp5_6.o(.data)
    curstate                                 0x2000047b   Data           1  exp5_6.o(.data)
    key                                      0x2000047c   Data           1  exp5_6.o(.data)
    actmode                                  0x2000047d   Data           1  exp5_6.o(.data)
    freqmode                                 0x2000047e   Data           1  exp5_6.o(.data)
    range_flag                               0x20000480   Data           4  exp5_6.o(.data)
    ui32ADC0Value                            0x20000484   Data           4  exp5_6.o(.data)
    ui32ADC0Voltage                          0x20000488   Data           4  exp5_6.o(.data)
    ui32SysClock                             0x2000048c   Data           4  exp5_6.o(.data)
    g_ui32SysClock                           0x20000490   Data           4  exp5_6.o(.data)
    i16Temperature1                          0x20000494   Data           2  exp5_6.o(.data)
    i16Temperature2                          0x20000496   Data           2  exp5_6.o(.data)
    ui8DigitRefresh                          0x20000498   Data           1  exp5_6.o(.data)
    ui16Temp1                                0x2000049a   Data           2  exp5_6.o(.data)
    ui16Temp2                                0x2000049c   Data           2  exp5_6.o(.data)
    system_state                             0x2000049e   Data           1  exp5_6.o(.data)
    non_stop                                 0x2000049f   Data           1  exp5_6.o(.data)
    melody                                   0x200004a0   Data         264  exp5_6.o(.data)
    currentNote                              0x200005a8   Data           4  exp5_6.o(.data)
    currentDuration                          0x200005ac   Data           4  exp5_6.o(.data)
    SystemCoreClock                          0x200005b0   Data           4  system_tm4c129.o(.data)
    __libspace_start                         0x200005b4   Data          96  libspace.o(.bss)
    __temporary_stack_top$libspace           0x20000614   Data           0  libspace.o(.bss)



==============================================================================

Memory Map of the image

  Image Entry point : 0x00000201

  Load Region LR_IROM1 (Base: 0x00000000, Size: 0x00004958, Max: 0x00100000, ABSOLUTE, COMPRESSED[0x000045bc])

    Execution Region ER_IROM1 (Base: 0x00000000, Size: 0x000043a4, Max: 0x00100000, ABSOLUTE)

    Base Addr    Size         Type   Attr      Idx    E Section Name        Object

    0x00000000   0x00000200   Data   RO          411    RESET               startup_tm4c129.o
    0x00000200   0x00000008   Code   RO         2522  * !!!main             c_w.l(__main.o)
    0x00000208   0x00000034   Code   RO         2708    !!!scatter          c_w.l(__scatter.o)
    0x0000023c   0x0000005a   Code   RO         2706    !!dczerorl2         c_w.l(__dczerorl2.o)
    0x00000296   0x00000002   PAD
    0x00000298   0x0000001c   Code   RO         2710    !!handler_zi        c_w.l(__scatter_zi.o)
    0x000002b4   0x00000002   Code   RO         2576    .ARM.Collect$$libinit$$00000000  c_w.l(libinit.o)
    0x000002b6   0x00000004   Code   RO         2582    .ARM.Collect$$libinit$$00000001  c_w.l(libinit2.o)
    0x000002ba   0x00000000   Code   RO         2585    .ARM.Collect$$libinit$$00000004  c_w.l(libinit2.o)
    0x000002ba   0x00000000   Code   RO         2588    .ARM.Collect$$libinit$$0000000A  c_w.l(libinit2.o)
    0x000002ba   0x00000000   Code   RO         2590    .ARM.Collect$$libinit$$0000000C  c_w.l(libinit2.o)
    0x000002ba   0x00000000   Code   RO         2592    .ARM.Collect$$libinit$$0000000E  c_w.l(libinit2.o)
    0x000002ba   0x00000000   Code   RO         2595    .ARM.Collect$$libinit$$00000011  c_w.l(libinit2.o)
    0x000002ba   0x00000000   Code   RO         2597    .ARM.Collect$$libinit$$00000013  c_w.l(libinit2.o)
    0x000002ba   0x00000000   Code   RO         2599    .ARM.Collect$$libinit$$00000015  c_w.l(libinit2.o)
    0x000002ba   0x00000000   Code   RO         2601    .ARM.Collect$$libinit$$00000017  c_w.l(libinit2.o)
    0x000002ba   0x00000000   Code   RO         2603    .ARM.Collect$$libinit$$00000019  c_w.l(libinit2.o)
    0x000002ba   0x00000000   Code   RO         2605    .ARM.Collect$$libinit$$0000001B  c_w.l(libinit2.o)
    0x000002ba   0x00000000   Code   RO         2607    .ARM.Collect$$libinit$$0000001D  c_w.l(libinit2.o)
    0x000002ba   0x00000000   Code   RO         2609    .ARM.Collect$$libinit$$0000001F  c_w.l(libinit2.o)
    0x000002ba   0x00000000   Code   RO         2611    .ARM.Collect$$libinit$$00000021  c_w.l(libinit2.o)
    0x000002ba   0x00000000   Code   RO         2613    .ARM.Collect$$libinit$$00000023  c_w.l(libinit2.o)
    0x000002ba   0x00000000   Code   RO         2615    .ARM.Collect$$libinit$$00000025  c_w.l(libinit2.o)
    0x000002ba   0x00000000   Code   RO         2619    .ARM.Collect$$libinit$$0000002C  c_w.l(libinit2.o)
    0x000002ba   0x00000000   Code   RO         2621    .ARM.Collect$$libinit$$0000002E  c_w.l(libinit2.o)
    0x000002ba   0x00000000   Code   RO         2623    .ARM.Collect$$libinit$$00000030  c_w.l(libinit2.o)
    0x000002ba   0x00000000   Code   RO         2625    .ARM.Collect$$libinit$$00000032  c_w.l(libinit2.o)
    0x000002ba   0x00000002   Code   RO         2626    .ARM.Collect$$libinit$$00000033  c_w.l(libinit2.o)
    0x000002bc   0x00000002   Code   RO         2646    .ARM.Collect$$libshutdown$$00000000  c_w.l(libshutdown.o)
    0x000002be   0x00000000   Code   RO         2659    .ARM.Collect$$libshutdown$$00000002  c_w.l(libshutdown2.o)
    0x000002be   0x00000000   Code   RO         2661    .ARM.Collect$$libshutdown$$00000004  c_w.l(libshutdown2.o)
    0x000002be   0x00000000   Code   RO         2664    .ARM.Collect$$libshutdown$$00000007  c_w.l(libshutdown2.o)
    0x000002be   0x00000000   Code   RO         2667    .ARM.Collect$$libshutdown$$0000000A  c_w.l(libshutdown2.o)
    0x000002be   0x00000000   Code   RO         2669    .ARM.Collect$$libshutdown$$0000000C  c_w.l(libshutdown2.o)
    0x000002be   0x00000000   Code   RO         2672    .ARM.Collect$$libshutdown$$0000000F  c_w.l(libshutdown2.o)
    0x000002be   0x00000002   Code   RO         2673    .ARM.Collect$$libshutdown$$00000010  c_w.l(libshutdown2.o)
    0x000002c0   0x00000000   Code   RO         2544    .ARM.Collect$$rtentry$$00000000  c_w.l(__rtentry.o)
    0x000002c0   0x00000000   Code   RO         2553    .ARM.Collect$$rtentry$$00000002  c_w.l(__rtentry2.o)
    0x000002c0   0x00000006   Code   RO         2565    .ARM.Collect$$rtentry$$00000004  c_w.l(__rtentry4.o)
    0x000002c6   0x00000000   Code   RO         2555    .ARM.Collect$$rtentry$$00000009  c_w.l(__rtentry2.o)
    0x000002c6   0x00000004   Code   RO         2556    .ARM.Collect$$rtentry$$0000000A  c_w.l(__rtentry2.o)
    0x000002ca   0x00000000   Code   RO         2558    .ARM.Collect$$rtentry$$0000000C  c_w.l(__rtentry2.o)
    0x000002ca   0x00000008   Code   RO         2559    .ARM.Collect$$rtentry$$0000000D  c_w.l(__rtentry2.o)
    0x000002d2   0x00000002   Code   RO         2580    .ARM.Collect$$rtexit$$00000000  c_w.l(rtexit.o)
    0x000002d4   0x00000000   Code   RO         2628    .ARM.Collect$$rtexit$$00000002  c_w.l(rtexit2.o)
    0x000002d4   0x00000004   Code   RO         2629    .ARM.Collect$$rtexit$$00000003  c_w.l(rtexit2.o)
    0x000002d8   0x00000006   Code   RO         2630    .ARM.Collect$$rtexit$$00000004  c_w.l(rtexit2.o)
    0x000002de   0x00000002   PAD
    0x000002e0   0x00000006   Code   RO         1802    .emb_text           driverlib.lib(sysctl.o)
    0x000002e6   0x00000002   PAD
    0x000002e8   0x00000026   Code   RO         2508    .emb_text           driverlib.lib(cpu.o)
    0x0000030e   0x00000002   PAD
    0x00000310   0x0000012c   Code   RO          412    .text               startup_tm4c129.o
    0x0000043c   0x00000006   Code   RO         2520    .text               c_w.l(heapauxi.o)
    0x00000442   0x0000004a   Code   RO         2567    .text               c_w.l(sys_stackheap_outer.o)
    0x0000048c   0x00000012   Code   RO         2569    .text               c_w.l(exit.o)
    0x0000049e   0x00000002   PAD
    0x000004a0   0x00000008   Code   RO         2577    .text               c_w.l(libspace.o)
    0x000004a8   0x0000000c   Code   RO         2638    .text               c_w.l(sys_exit.o)
    0x000004b4   0x00000002   Code   RO         2649    .text               c_w.l(use_no_semi.o)
    0x000004b6   0x00000000   Code   RO         2651    .text               c_w.l(indicate_semi.o)
    0x000004b6   0x00000002   PAD
    0x000004b8   0x00000050   Code   RO          287    i.ADCInit           adc.o
    0x00000508   0x0000000a   Code   RO          479    i.ADCIntClear       driverlib.lib(adc.o)
    0x00000512   0x00000034   Code   RO          486    i.ADCIntStatus      driverlib.lib(adc.o)
    0x00000546   0x0000001a   Code   RO          491    i.ADCProcessorTrigger  driverlib.lib(adc.o)
    0x00000560   0x00000060   Code   RO          494    i.ADCSequenceConfigure  driverlib.lib(adc.o)
    0x000005c0   0x00000024   Code   RO          497    i.ADCSequenceDataGet  driverlib.lib(adc.o)
    0x000005e4   0x0000000e   Code   RO          499    i.ADCSequenceEnable  driverlib.lib(adc.o)
    0x000005f2   0x0000009a   Code   RO          502    i.ADCSequenceStepConfigure  driverlib.lib(adc.o)
    0x0000068c   0x00000034   Code   RO          288    i.ADC_Sample        adc.o
    0x000006c0   0x0000000c   Code   RO          305    i.Delay             lm75bd.o
    0x000006cc   0x00000012   Code   RO            1    i.DelayMilliSec     exp5_6.o
    0x000006de   0x00000002   PAD
    0x000006e0   0x0000004c   Code   RO            2    i.DevicesInit       exp5_6.o
    0x0000072c   0x00000010   Code   RO          747    i.FPUEnable         driverlib.lib(fpu.o)
    0x0000073c   0x00000010   Code   RO          750    i.FPULazyStackingEnable  driverlib.lib(fpu.o)
    0x0000074c   0x00000028   Code   RO          817    i.GPIODirModeSet    driverlib.lib(gpio.o)
    0x00000774   0x0000006c   Code   RO            3    i.GPIOInit          exp5_6.o
    0x000007e0   0x00000138   Code   RO          829    i.GPIOPadConfigSet  driverlib.lib(gpio.o)
    0x00000918   0x00000044   Code   RO          830    i.GPIOPinConfigure  driverlib.lib(gpio.o)
    0x0000095c   0x00000006   Code   RO          831    i.GPIOPinRead       driverlib.lib(gpio.o)
    0x00000962   0x0000001c   Code   RO          832    i.GPIOPinTypeADC    driverlib.lib(gpio.o)
    0x0000097e   0x0000001c   Code   RO          840    i.GPIOPinTypeGPIOInput  driverlib.lib(gpio.o)
    0x0000099a   0x0000001c   Code   RO          841    i.GPIOPinTypeGPIOOutput  driverlib.lib(gpio.o)
    0x000009b6   0x0000001c   Code   RO          844    i.GPIOPinTypeI2C    driverlib.lib(gpio.o)
    0x000009d2   0x0000001c   Code   RO          845    i.GPIOPinTypeI2CSCL  driverlib.lib(gpio.o)
    0x000009ee   0x0000001c   Code   RO          848    i.GPIOPinTypePWM    driverlib.lib(gpio.o)
    0x00000a0a   0x0000001c   Code   RO          853    i.GPIOPinTypeUART   driverlib.lib(gpio.o)
    0x00000a26   0x00000006   Code   RO          859    i.GPIOPinWrite      driverlib.lib(gpio.o)
    0x00000a2c   0x000000f0   Code   RO          306    i.GetTemputerature  lm75bd.o
    0x00000b1c   0x0000005c   Code   RO          307    i.I2C0Init          lm75bd.o
    0x00000b78   0x0000000c   Code   RO         1130    i.I2CMasterBusy     driverlib.lib(i2c.o)
    0x00000b84   0x00000004   Code   RO         1131    i.I2CMasterControl  driverlib.lib(i2c.o)
    0x00000b88   0x00000004   Code   RO         1132    i.I2CMasterDataGet  driverlib.lib(i2c.o)
    0x00000b8c   0x0000000a   Code   RO         1135    i.I2CMasterEnable   driverlib.lib(i2c.o)
    0x00000b96   0x00000018   Code   RO         1136    i.I2CMasterErr      driverlib.lib(i2c.o)
    0x00000bae   0x00000002   PAD
    0x00000bb0   0x00000054   Code   RO         1138    i.I2CMasterInitExpClk  driverlib.lib(i2c.o)
    0x00000c04   0x00000008   Code   RO         1148    i.I2CMasterSlaveAddrSet  driverlib.lib(i2c.o)
    0x00000c0c   0x0000000e   Code   RO         1460    i.IntMasterEnable   driverlib.lib(interrupt.o)
    0x00000c1a   0x00000002   PAD
    0x00000c1c   0x000000b8   Code   RO            4    i.LCD_PORT_init     exp5_6.o
    0x00000cd4   0x00000034   Code   RO            5    i.LCD_delay         exp5_6.o
    0x00000d08   0x00000034   Code   RO            6    i.LCD_delay_us      exp5_6.o
    0x00000d3c   0x00000026   Code   RO         1577    i.PWMGenConfigure   driverlib.lib(pwm.o)
    0x00000d62   0x0000000a   Code   RO         1578    i.PWMGenDisable     driverlib.lib(pwm.o)
    0x00000d6c   0x0000000a   Code   RO         1579    i.PWMGenEnable      driverlib.lib(pwm.o)
    0x00000d76   0x00000012   Code   RO         1591    i.PWMGenPeriodGet   driverlib.lib(pwm.o)
    0x00000d88   0x00000012   Code   RO         1592    i.PWMGenPeriodSet   driverlib.lib(pwm.o)
    0x00000d9a   0x00000002   PAD
    0x00000d9c   0x00000078   Code   RO          330    i.PWMInit           pwm.o
    0x00000e14   0x00000010   Code   RO         1599    i.PWMOutputState    driverlib.lib(pwm.o)
    0x00000e24   0x00000020   Code   RO         1602    i.PWMPulseWidthSet  driverlib.lib(pwm.o)
    0x00000e44   0x0000007c   Code   RO          331    i.PWMStart          pwm.o
    0x00000ec0   0x00000044   Code   RO          332    i.PWMStart2         pwm.o
    0x00000f04   0x00000010   Code   RO          334    i.PWMStop1          pwm.o
    0x00000f14   0x000002e4   Code   RO         1804    i.SysCtlClockFreqSet  driverlib.lib(sysctl.o)
    0x000011f8   0x00000028   Code   RO         1836    i.SysCtlPeripheralEnable  driverlib.lib(sysctl.o)
    0x00001220   0x0000002c   Code   RO         1840    i.SysCtlPeripheralReady  driverlib.lib(sysctl.o)
    0x0000124c   0x0000000e   Code   RO         2151    i.SysTickEnable     driverlib.lib(systick.o)
    0x0000125a   0x00000002   PAD
    0x0000125c   0x00000020   Code   RO            7    i.SysTickInit       exp5_6.o
    0x0000127c   0x0000000e   Code   RO         2153    i.SysTickIntEnable  driverlib.lib(systick.o)
    0x0000128a   0x0000000a   Code   RO         2157    i.SysTickPeriodSet  driverlib.lib(systick.o)
    0x00001294   0x000000f8   Code   RO            8    i.SysTick_Handler   exp5_6.o
    0x0000138c   0x00000020   Code   RO          420    i.SystemInit        system_tm4c129.o
    0x000013ac   0x00000104   Code   RO          367    i.TM1638_DigiSegment  tm1638.o
    0x000014b0   0x00000024   Code   RO          368    i.TM1638_Init       tm1638.o
    0x000014d4   0x000000a0   Code   RO          369    i.TM1638_Readkeyboard  tm1638.o
    0x00001574   0x0000009c   Code   RO          370    i.TM1638_RefreshDIGIandLED  tm1638.o
    0x00001610   0x00000054   Code   RO          371    i.TM1638_Serial_Input  tm1638.o
    0x00001664   0x00000054   Code   RO          372    i.TM1638_Serial_Output  tm1638.o
    0x000016b8   0x0000000c   Code   RO         2221    i.UARTCharPut       driverlib.lib(uart.o)
    0x000016c4   0x0000006e   Code   RO         2227    i.UARTConfigSetExpClk  driverlib.lib(uart.o)
    0x00001732   0x00000002   PAD
    0x00001734   0x000000a8   Code   RO            9    i.UARTInit          exp5_6.o
    0x000017dc   0x00000020   Code   RO           10    i.UARTStringPut     exp5_6.o
    0x000017fc   0x00000036   Code   RO           11    i.clear_screen      exp5_6.o
    0x00001832   0x00000002   PAD
    0x00001834   0x000000d8   Code   RO           12    i.disp_number       exp5_6.o
    0x0000190c   0x00000110   Code   RO           14    i.display_GB2312_string  exp5_6.o
    0x00001a1c   0x0000008c   Code   RO           19    i.get_and_write_16x16  exp5_6.o
    0x00001aa8   0x0000008c   Code   RO           21    i.get_and_write_8x16  exp5_6.o
    0x00001b34   0x00000044   Code   RO           22    i.get_data_from_ROM  exp5_6.o
    0x00001b78   0x0000008c   Code   RO           23    i.initial_lcd       exp5_6.o
    0x00001c04   0x00000026   Code   RO           24    i.lcd_address       exp5_6.o
    0x00001c2a   0x00000002   PAD
    0x00001c2c   0x000017a8   Code   RO           25    i.main              exp5_6.o
    0x000033d4   0x00000054   Code   RO           26    i.play              exp5_6.o
    0x00003428   0x000000f0   Code   RO           27    i.refresh_temp_in   exp5_6.o
    0x00003518   0x000000ac   Code   RO           28    i.refresh_temp_lcd  exp5_6.o
    0x000035c4   0x000000e4   Code   RO           29    i.refresh_volt_in   exp5_6.o
    0x000036a8   0x00000040   Code   RO           30    i.refresh_volt_lcd  exp5_6.o
    0x000036e8   0x0000005c   Code   RO           31    i.send_command_to_ROM  exp5_6.o
    0x00003744   0x0000009c   Code   RO           32    i.trans_temp        exp5_6.o
    0x000037e0   0x00000070   Code   RO           33    i.transfer_command_lcd  exp5_6.o
    0x00003850   0x00000070   Code   RO           34    i.transfer_data_lcd  exp5_6.o
    0x000038c0   0x00000062   Code   RO         2524    x$fpl$d2f           fz_wm.l(d2f.o)
    0x00003922   0x00000002   PAD
    0x00003924   0x00000150   Code   RO         2526    x$fpl$dadd          fz_wm.l(daddsub_clz.o)
    0x00003a74   0x0000005a   Code   RO         2532    x$fpl$dfixu         fz_wm.l(dfixu.o)
    0x00003ace   0x0000002e   Code   RO         2537    x$fpl$dflt          fz_wm.l(dflt_clz.o)
    0x00003afc   0x00000026   Code   RO         2536    x$fpl$dfltu         fz_wm.l(dflt_clz.o)
    0x00003b22   0x00000002   PAD
    0x00003b24   0x00000154   Code   RO         2542    x$fpl$dmul          fz_wm.l(dmul.o)
    0x00003c78   0x0000009c   Code   RO         2545    x$fpl$dnaninf       fz_wm.l(dnaninf.o)
    0x00003d14   0x0000000c   Code   RO         2547    x$fpl$dretinf       fz_wm.l(dretinf.o)
    0x00003d20   0x000001d4   Code   RO         2528    x$fpl$dsub          fz_wm.l(daddsub_clz.o)
    0x00003ef4   0x0000000a   Code   RO         2636    x$fpl$fpinit        fz_wm.l(fpinit.o)
    0x00003efe   0x0000000a   Code   RO         2549    x$fpl$fretinf       fz_wm.l(fretinf.o)
    0x00003f08   0x00000000   Code   RO         2551    x$fpl$usenofp       fz_wm.l(usenofp.o)
    0x00003f08   0x00000228   Data   RO          861    .constdata          driverlib.lib(gpio.o)
    0x00004130   0x00000254   Data   RO         1858    .constdata          driverlib.lib(sysctl.o)
    0x00004384   0x00000020   Data   RO         2704    Region$$Table       anon$$obj.o


    Execution Region RW_IRAM1 (Base: 0x20000000, Size: 0x00000818, Max: 0x00040000, ABSOLUTE, COMPRESSED[0x00000218])

    Base Addr    Size         Type   Attr      Idx    E Section Name        Object

    0x20000000   0x000005b0   Data   RW           35    .data               exp5_6.o
    0x200005b0   0x00000004   Data   RW          421    .data               system_tm4c129.o
    0x200005b4   0x00000060   Zero   RW         2578    .bss                c_w.l(libspace.o)
    0x20000614   0x00000004   PAD
    0x20000618   0x00000000   Zero   RW          410    HEAP                startup_tm4c129.o
    0x20000618   0x00000200   Zero   RW          409    STACK               startup_tm4c129.o


==============================================================================

Image component sizes


      Code (inc. data)   RO Data    RW Data    ZI Data      Debug   Object Name

       132         20          0          0          0       1083   adc.o
      9354        688          0       1456          0      28890   exp5_6.o
       344         42          0          0          0       1886   lm75bd.o
       328         48          0          0          0       2152   pwm.o
       300         22        512          0        512       6104   startup_tm4c129.o
        32         12          0          4          0        847   system_tm4c129.o
       780         78          0          0          0       4425   tm1638.o

    ----------------------------------------------------------------------
     11276        910        544       1460        512      45387   Object Totals
         0          0         32          0          0          0   (incl. Generated)
         6          0          0          0          0          0   (incl. Padding)

    ----------------------------------------------------------------------

      Code (inc. data)   RO Data    RW Data    ZI Data      Debug   Library Member Name

        90          0          0          0          0          0   __dczerorl2.o
         8          0          0          0          0         68   __main.o
         0          0          0          0          0          0   __rtentry.o
        12          0          0          0          0          0   __rtentry2.o
         6          0          0          0          0          0   __rtentry4.o
        52          8          0          0          0          0   __scatter.o
        28          0          0          0          0          0   __scatter_zi.o
        18          0          0          0          0         80   exit.o
         6          0          0          0          0        152   heapauxi.o
         0          0          0          0          0          0   indicate_semi.o
         2          0          0          0          0          0   libinit.o
         6          0          0          0          0          0   libinit2.o
         2          0          0          0          0          0   libshutdown.o
         2          0          0          0          0          0   libshutdown2.o
         8          4          0          0         96         68   libspace.o
         2          0          0          0          0          0   rtexit.o
        10          0          0          0          0          0   rtexit2.o
        12          4          0          0          0         68   sys_exit.o
        74          0          0          0          0         80   sys_stackheap_outer.o
         2          0          0          0          0         68   use_no_semi.o
       388          0          0          0          0       8194   adc.o
        38          0          0          0          0        572   cpu.o
        32          8          0          0          0        908   fpu.o
       628          8        552          0          0       7820   gpio.o
       146         12          0          0          0       4460   i2c.o
        14          0          0          0          0        518   interrupt.o
       142          0          0          0          0       3649   pwm.o
       830         48        596          0          0       4870   sysctl.o
        38          0          0          0          0       1410   systick.o
       122          0          0          0          0       2077   uart.o
        98          4          0          0          0        140   d2f.o
       804         16          0          0          0        368   daddsub_clz.o
        90          4          0          0          0        140   dfixu.o
        84          0          0          0          0        232   dflt_clz.o
       340         12          0          0          0        152   dmul.o
       156          4          0          0          0        140   dnaninf.o
        12          0          0          0          0        116   dretinf.o
        10          0          0          0          0        116   fpinit.o
        10          0          0          0          0        116   fretinf.o
         0          0          0          0          0          0   usenofp.o

    ----------------------------------------------------------------------
      4348        132       1148          0        100      36582   Library Totals
        26          0          0          0          4          0   (incl. Padding)

    ----------------------------------------------------------------------

      Code (inc. data)   RO Data    RW Data    ZI Data      Debug   Library Name

       340         16          0          0         96        584   c_w.l
      2378         76       1148          0          0      34478   driverlib.lib
      1604         40          0          0          0       1520   fz_wm.l

    ----------------------------------------------------------------------
      4348        132       1148          0        100      36582   Library Totals

    ----------------------------------------------------------------------

==============================================================================


      Code (inc. data)   RO Data    RW Data    ZI Data      Debug   

     15624       1042       1692       1460        612      72613   Grand Totals
     15624       1042       1692        536        612      72613   ELF Image Totals (compressed)
     15624       1042       1692        536          0          0   ROM Totals

==============================================================================

    Total RO  Size (Code + RO Data)                17316 (  16.91kB)
    Total RW  Size (RW Data + ZI Data)              2072 (   2.02kB)
    Total ROM Size (Code + RO Data + RW Data)      17852 (  17.43kB)

==============================================================================

